<?xml version="1.0" encoding="ISO-8859-1" ?>
<link_info>
   <banner>TI ARM Linker PC v18.1.3.LTS</banner>
   <copyright>Copyright (c) 1996-2017 Texas Instruments Incorporated</copyright>
   <link_time>0x5cff46c0</link_time>
   <link_errors>0x0</link_errors>
   <output_file>Boot v3 Bootloader.out</output_file>
   <entry_point>
      <name>_c_int00</name>
      <address>0x8c9c</address>
   </entry_point>
   <input_file_list>
      <input_file id="fl-2">
         <path>.\F021_API\</path>
         <kind>object</kind>
         <file>Fapi_UserDefinedFunctions.obj</file>
         <name>Fapi_UserDefinedFunctions.obj</name>
      </input_file>
      <input_file id="fl-3">
         <path>.\F021_API\</path>
         <kind>object</kind>
         <file>bl_flash.obj</file>
         <name>bl_flash.obj</name>
      </input_file>
      <input_file id="fl-4">
         <path>.\F021_API\</path>
         <kind>object</kind>
         <file>copyapi2ram.obj</file>
         <name>copyapi2ram.obj</name>
      </input_file>
      <input_file id="fl-5">
         <path>.\F021_API\</path>
         <kind>object</kind>
         <file>sys_intvecs.obj</file>
         <name>sys_intvecs.obj</name>
      </input_file>
      <input_file id="fl-6">
         <path>.\F021_API\</path>
         <kind>object</kind>
         <file>sys_startup.obj</file>
         <name>sys_startup.obj</name>
      </input_file>
      <input_file id="fl-7">
         <path>.\source\</path>
         <kind>object</kind>
         <file>can.obj</file>
         <name>can.obj</name>
      </input_file>
      <input_file id="fl-8">
         <path>.\source\</path>
         <kind>object</kind>
         <file>dabort.obj</file>
         <name>dabort.obj</name>
      </input_file>
      <input_file id="fl-9">
         <path>.\source\</path>
         <kind>object</kind>
         <file>errata_SSWF021_45.obj</file>
         <name>errata_SSWF021_45.obj</name>
      </input_file>
      <input_file id="fl-a">
         <path>.\source\</path>
         <kind>object</kind>
         <file>esm.obj</file>
         <name>esm.obj</name>
      </input_file>
      <input_file id="fl-b">
         <path>.\source\</path>
         <kind>object</kind>
         <file>gio.obj</file>
         <name>gio.obj</name>
      </input_file>
      <input_file id="fl-c">
         <path>.\source\</path>
         <kind>object</kind>
         <file>notification.obj</file>
         <name>notification.obj</name>
      </input_file>
      <input_file id="fl-d">
         <path>.\source\</path>
         <kind>object</kind>
         <file>pinmux.obj</file>
         <name>pinmux.obj</name>
      </input_file>
      <input_file id="fl-e">
         <path>.\source\</path>
         <kind>object</kind>
         <file>rti.obj</file>
         <name>rti.obj</name>
      </input_file>
      <input_file id="fl-f">
         <path>.\source\</path>
         <kind>object</kind>
         <file>sys_core.obj</file>
         <name>sys_core.obj</name>
      </input_file>
      <input_file id="fl-10">
         <path>.\source\</path>
         <kind>object</kind>
         <file>sys_dma.obj</file>
         <name>sys_dma.obj</name>
      </input_file>
      <input_file id="fl-11">
         <path>.\source\</path>
         <kind>object</kind>
         <file>sys_main.obj</file>
         <name>sys_main.obj</name>
      </input_file>
      <input_file id="fl-12">
         <path>.\source\</path>
         <kind>object</kind>
         <file>sys_mpu.obj</file>
         <name>sys_mpu.obj</name>
      </input_file>
      <input_file id="fl-13">
         <path>.\source\</path>
         <kind>object</kind>
         <file>sys_pcr.obj</file>
         <name>sys_pcr.obj</name>
      </input_file>
      <input_file id="fl-14">
         <path>.\source\</path>
         <kind>object</kind>
         <file>sys_phantom.obj</file>
         <name>sys_phantom.obj</name>
      </input_file>
      <input_file id="fl-15">
         <path>.\source\</path>
         <kind>object</kind>
         <file>sys_pmm.obj</file>
         <name>sys_pmm.obj</name>
      </input_file>
      <input_file id="fl-16">
         <path>.\source\</path>
         <kind>object</kind>
         <file>sys_pmu.obj</file>
         <name>sys_pmu.obj</name>
      </input_file>
      <input_file id="fl-17">
         <path>.\source\</path>
         <kind>object</kind>
         <file>sys_selftest.obj</file>
         <name>sys_selftest.obj</name>
      </input_file>
      <input_file id="fl-18">
         <path>.\source\</path>
         <kind>object</kind>
         <file>sys_vim.obj</file>
         <name>sys_vim.obj</name>
      </input_file>
      <input_file id="fl-19">
         <path>.\source\</path>
         <kind>object</kind>
         <file>system.obj</file>
         <name>system.obj</name>
      </input_file>
      <input_file id="fl-1f">
         <kind>object</kind>
         <file>&lt;internal&gt;</file>
         <name>&lt;internal&gt;</name>
      </input_file>
      <input_file id="fl-20">
         <path>..\F021_API\lib\</path>
         <kind>archive</kind>
         <file>F021_API_CortexR4_BE.lib</file>
         <name>Async.WithAddress.obj</name>
      </input_file>
      <input_file id="fl-21">
         <path>..\F021_API\lib\</path>
         <kind>archive</kind>
         <file>F021_API_CortexR4_BE.lib</file>
         <name>FlashStateMachine.EnableMainSectors.obj</name>
      </input_file>
      <input_file id="fl-22">
         <path>..\F021_API\lib\</path>
         <kind>archive</kind>
         <file>F021_API_CortexR4_BE.lib</file>
         <name>FlashStateMachine.InitializeFlashBanks.obj</name>
      </input_file>
      <input_file id="fl-23">
         <path>..\F021_API\lib\</path>
         <kind>archive</kind>
         <file>F021_API_CortexR4_BE.lib</file>
         <name>FlashStateMachine.IssueFsmCommand.obj</name>
      </input_file>
      <input_file id="fl-24">
         <path>..\F021_API\lib\</path>
         <kind>archive</kind>
         <file>F021_API_CortexR4_BE.lib</file>
         <name>FlashStateMachine.ScaleFclk.obj</name>
      </input_file>
      <input_file id="fl-25">
         <path>..\F021_API\lib\</path>
         <kind>archive</kind>
         <file>F021_API_CortexR4_BE.lib</file>
         <name>FlashStateMachine.SetActiveBank.obj</name>
      </input_file>
      <input_file id="fl-26">
         <path>..\F021_API\lib\</path>
         <kind>archive</kind>
         <file>F021_API_CortexR4_BE.lib</file>
         <name>Program.obj</name>
      </input_file>
      <input_file id="fl-27">
         <path>..\F021_API\lib\</path>
         <kind>archive</kind>
         <file>F021_API_CortexR4_BE.lib</file>
         <name>Read.MarginByByte.obj</name>
      </input_file>
      <input_file id="fl-28">
         <path>..\F021_API\lib\</path>
         <kind>archive</kind>
         <file>F021_API_CortexR4_BE.lib</file>
         <name>Read.WdService.obj</name>
      </input_file>
      <input_file id="fl-29">
         <path>..\F021_API\lib\</path>
         <kind>archive</kind>
         <file>F021_API_CortexR4_BE.lib</file>
         <name>Utilities.CalculateEcc.obj</name>
      </input_file>
      <input_file id="fl-2a">
         <path>..\F021_API\lib\</path>
         <kind>archive</kind>
         <file>F021_API_CortexR4_BE.lib</file>
         <name>Utilities.CalculateFletcher.obj</name>
      </input_file>
      <input_file id="fl-2b">
         <path>..\F021_API\lib\</path>
         <kind>archive</kind>
         <file>F021_API_CortexR4_BE.lib</file>
         <name>Utilities.GetNumberOfSectors.obj</name>
      </input_file>
      <input_file id="fl-2c">
         <path>..\F021_API\lib\</path>
         <kind>archive</kind>
         <file>F021_API_CortexR4_BE.lib</file>
         <name>Read.Common.obj</name>
      </input_file>
      <input_file id="fl-2d">
         <path>..\F021_API\lib\</path>
         <kind>archive</kind>
         <file>F021_API_CortexR4_BE.lib</file>
         <name>Read.FlushPipeline.obj</name>
      </input_file>
      <input_file id="fl-2e">
         <path>..\F021_API\lib\</path>
         <kind>archive</kind>
         <file>F021_API_CortexR4_BE.lib</file>
         <name>Utilities.WaitDelay.obj</name>
      </input_file>
      <input_file id="fl-2f">
         <path>..\F021_API\lib\</path>
         <kind>archive</kind>
         <file>F021_API_CortexR4_BE.lib</file>
         <name>FlashStateMachine.Hercules.IsEccAddress.obj</name>
      </input_file>
      <input_file id="fl-30">
         <path>C:\ti\ccsv8\tools\compiler\ti-cgt-arm_18.1.3.LTS\lib\</path>
         <kind>archive</kind>
         <file>rtsv7R4_T_be_v3D16_eabi.lib</file>
         <name>cpy_tbl.c.obj</name>
      </input_file>
      <input_file id="fl-31">
         <path>C:\ti\ccsv8\tools\compiler\ti-cgt-arm_18.1.3.LTS\lib\</path>
         <kind>archive</kind>
         <file>rtsv7R4_T_be_v3D16_eabi.lib</file>
         <name>copy_zero_init.c.obj</name>
      </input_file>
      <input_file id="fl-32">
         <path>C:\ti\ccsv8\tools\compiler\ti-cgt-arm_18.1.3.LTS\lib\</path>
         <kind>archive</kind>
         <file>rtsv7R4_T_be_v3D16_eabi.lib</file>
         <name>copy_decompress_none.c.obj</name>
      </input_file>
      <input_file id="fl-33">
         <path>C:\ti\ccsv8\tools\compiler\ti-cgt-arm_18.1.3.LTS\lib\</path>
         <kind>archive</kind>
         <file>rtsv7R4_T_be_v3D16_eabi.lib</file>
         <name>copy_decompress_lzss.c.obj</name>
      </input_file>
      <input_file id="fl-34">
         <path>C:\ti\ccsv8\tools\compiler\ti-cgt-arm_18.1.3.LTS\lib\</path>
         <kind>archive</kind>
         <file>rtsv7R4_T_be_v3D16_eabi.lib</file>
         <name>exit.c.obj</name>
      </input_file>
      <input_file id="fl-35">
         <path>C:\ti\ccsv8\tools\compiler\ti-cgt-arm_18.1.3.LTS\lib\</path>
         <kind>archive</kind>
         <file>rtsv7R4_T_be_v3D16_eabi.lib</file>
         <name>_lock.c.obj</name>
      </input_file>
      <input_file id="fl-36">
         <path>C:\ti\ccsv8\tools\compiler\ti-cgt-arm_18.1.3.LTS\lib\</path>
         <kind>archive</kind>
         <file>rtsv7R4_T_be_v3D16_eabi.lib</file>
         <name>memset_t2.asm.obj</name>
      </input_file>
      <input_file id="fl-37">
         <path>C:\ti\ccsv8\tools\compiler\ti-cgt-arm_18.1.3.LTS\lib\</path>
         <kind>archive</kind>
         <file>rtsv7R4_T_be_v3D16_eabi.lib</file>
         <name>memcpy_t2.asm.obj</name>
      </input_file>
   </input_file_list>
   <object_component_list>
      <object_component id="oc-25">
         <name>.intvecs</name>
         <load_address>0x0</load_address>
         <run_address>0x0</run_address>
         <size>0x20</size>
         <input_file_ref idref="fl-5"/>
      </object_component>
      <object_component id="oc-316">
         <name>.text</name>
         <load_address>0x20</load_address>
         <run_address>0x8002000</run_address>
         <size>0x8</size>
         <input_file_ref idref="fl-2"/>
      </object_component>
      <object_component id="oc-f1">
         <name>.text</name>
         <load_address>0x28</load_address>
         <run_address>0x8002008</run_address>
         <size>0x71c</size>
         <input_file_ref idref="fl-3"/>
      </object_component>
      <object_component id="oc-1d6">
         <name>.text:Fapi_initializeFlashBanks</name>
         <load_address>0x744</load_address>
         <run_address>0x8002724</run_address>
         <size>0x260</size>
         <input_file_ref idref="fl-22"/>
      </object_component>
      <object_component id="oc-1dc">
         <name>.text:Fapi_setActiveFlashBank</name>
         <load_address>0x9a4</load_address>
         <run_address>0x8002984</run_address>
         <size>0x17c</size>
         <input_file_ref idref="fl-25"/>
      </object_component>
      <object_component id="oc-1ee">
         <name>.text:Fapi_issueProgrammingCommand</name>
         <load_address>0xb20</load_address>
         <run_address>0x8002b00</run_address>
         <size>0x178</size>
         <input_file_ref idref="fl-26"/>
      </object_component>
      <object_component id="oc-1e2">
         <name>.text:Fapi_enableMainBankSectors</name>
         <load_address>0xc98</load_address>
         <run_address>0x8002c78</run_address>
         <size>0x70</size>
         <input_file_ref idref="fl-21"/>
      </object_component>
      <object_component id="oc-29b">
         <name>.text:_Fapi_enterMarginMode</name>
         <load_address>0xd08</load_address>
         <run_address>0x8002ce8</run_address>
         <size>0x68</size>
         <input_file_ref idref="fl-2c"/>
      </object_component>
      <object_component id="oc-1f4">
         <name>.text:Fapi_doMarginReadByByte</name>
         <load_address>0xd70</load_address>
         <run_address>0x8002d50</run_address>
         <size>0x40</size>
         <input_file_ref idref="fl-27"/>
      </object_component>
      <object_component id="oc-286">
         <name>.text:_Fapi_issueFsmCommand</name>
         <load_address>0xdb0</load_address>
         <run_address>0x8002d90</run_address>
         <size>0x3c</size>
         <input_file_ref idref="fl-23"/>
      </object_component>
      <object_component id="oc-257">
         <name>.text:Fapi_calculateFletcherChecksum</name>
         <load_address>0xdec</load_address>
         <run_address>0x8002dcc</run_address>
         <size>0x36</size>
         <input_file_ref idref="fl-2a"/>
      </object_component>
      <object_component id="oc-1e8">
         <name>.text:Fapi_issueAsyncCommandWithAddress</name>
         <load_address>0xe24</load_address>
         <run_address>0x8002e04</run_address>
         <size>0x30</size>
         <input_file_ref idref="fl-20"/>
      </object_component>
      <object_component id="oc-32e">
         <name>.text:Fapi_waitDelay</name>
         <load_address>0xe54</load_address>
         <run_address>0x8002e34</run_address>
         <size>0x30</size>
         <input_file_ref idref="fl-2e"/>
      </object_component>
      <object_component id="oc-2a7">
         <name>.text:_Fapi_exitMarginMode</name>
         <load_address>0xe84</load_address>
         <run_address>0x8002e64</run_address>
         <size>0x2c</size>
         <input_file_ref idref="fl-2c"/>
      </object_component>
      <object_component id="oc-30e">
         <name>.text:Fapi_flushPipeline</name>
         <load_address>0xeb0</load_address>
         <run_address>0x8002e90</run_address>
         <size>0x22</size>
         <input_file_ref idref="fl-2d"/>
      </object_component>
      <object_component id="oc-25d">
         <name>.text:_Fapi_divideUnsignedLong</name>
         <load_address>0xed2</load_address>
         <run_address>0x8002eb2</run_address>
         <size>0x1c</size>
         <input_file_ref idref="fl-22"/>
      </object_component>
      <object_component id="oc-28e">
         <name>.text:Fapi_calculateEcc</name>
         <load_address>0xef0</load_address>
         <run_address>0x8002ed0</run_address>
         <size>0x14</size>
         <input_file_ref idref="fl-29"/>
      </object_component>
      <object_component id="oc-27e">
         <name>.text:Fapi_getNumberOfBankSectors</name>
         <load_address>0xf04</load_address>
         <run_address>0x8002ee4</run_address>
         <size>0x10</size>
         <input_file_ref idref="fl-2b"/>
      </object_component>
      <object_component id="oc-269">
         <name>.text:_scaleEEFclk</name>
         <load_address>0xf14</load_address>
         <run_address>0x8002ef4</run_address>
         <size>0x10</size>
         <input_file_ref idref="fl-24"/>
      </object_component>
      <object_component id="oc-263">
         <name>.text:_scaleMainFclk</name>
         <load_address>0xf24</load_address>
         <run_address>0x8002f04</run_address>
         <size>0x10</size>
         <input_file_ref idref="fl-24"/>
      </object_component>
      <object_component id="oc-2a1">
         <name>.text:_Fapi_checkWdService</name>
         <load_address>0xf34</load_address>
         <run_address>0x8002f14</run_address>
         <size>0xc</size>
         <input_file_ref idref="fl-28"/>
      </object_component>
      <object_component id="oc-366">
         <name>.tramp.Fapi_serviceWatchdogTimer.1</name>
         <load_address>0xf40</load_address>
         <run_address>0x8002f20</run_address>
         <size>0x8</size>
         <input_file_ref idref="fl-2"/>
      </object_component>
      <object_component id="oc-ce">
         <name>.text</name>
         <load_address>0x1500</load_address>
         <run_address>0x1500</run_address>
         <size>0x2cdc</size>
         <input_file_ref idref="fl-17"/>
      </object_component>
      <object_component id="oc-81">
         <name>.text</name>
         <load_address>0x41dc</load_address>
         <run_address>0x41dc</run_address>
         <size>0xfd4</size>
         <input_file_ref idref="fl-11"/>
      </object_component>
      <object_component id="oc-e5">
         <name>.text</name>
         <load_address>0x51b0</load_address>
         <run_address>0x51b0</run_address>
         <size>0xe7c</size>
         <input_file_ref idref="fl-7"/>
      </object_component>
      <object_component id="oc-70">
         <name>.text</name>
         <load_address>0x602c</load_address>
         <run_address>0x602c</run_address>
         <size>0xb64</size>
         <input_file_ref idref="fl-19"/>
      </object_component>
      <object_component id="oc-3d">
         <name>.text</name>
         <load_address>0x6b90</load_address>
         <run_address>0x6b90</run_address>
         <size>0xa54</size>
         <input_file_ref idref="fl-18"/>
      </object_component>
      <object_component id="oc-d4">
         <name>.text</name>
         <load_address>0x75e4</load_address>
         <run_address>0x75e4</run_address>
         <size>0x8ac</size>
         <input_file_ref idref="fl-d"/>
      </object_component>
      <object_component id="oc-eb">
         <name>.text</name>
         <load_address>0x7e90</load_address>
         <run_address>0x7e90</run_address>
         <size>0x63c</size>
         <input_file_ref idref="fl-e"/>
      </object_component>
      <object_component id="oc-df">
         <name>.text</name>
         <load_address>0x84cc</load_address>
         <run_address>0x84cc</run_address>
         <size>0x484</size>
         <input_file_ref idref="fl-b"/>
      </object_component>
      <object_component id="oc-6b">
         <name>.text</name>
         <load_address>0x8950</load_address>
         <run_address>0x8950</run_address>
         <size>0x34c</size>
         <input_file_ref idref="fl-f"/>
      </object_component>
      <object_component id="oc-1c">
         <name>.text:retain</name>
         <load_address>0x8c9c</load_address>
         <run_address>0x8c9c</run_address>
         <size>0x2e0</size>
         <input_file_ref idref="fl-6"/>
      </object_component>
      <object_component id="oc-3c">
         <name>.text:retain</name>
         <load_address>0x8f7c</load_address>
         <run_address>0x8f7c</run_address>
         <size>0x2cc</size>
         <input_file_ref idref="fl-18"/>
      </object_component>
      <object_component id="oc-2a">
         <name>.text:retain</name>
         <load_address>0x9248</load_address>
         <run_address>0x9248</run_address>
         <size>0x114</size>
         <input_file_ref idref="fl-a"/>
      </object_component>
      <object_component id="oc-175">
         <name>.text</name>
         <load_address>0x935c</load_address>
         <run_address>0x935c</run_address>
         <size>0xe0</size>
         <input_file_ref idref="fl-16"/>
      </object_component>
      <object_component id="oc-16f">
         <name>.text</name>
         <load_address>0x943c</load_address>
         <run_address>0x943c</run_address>
         <size>0xcc</size>
         <input_file_ref idref="fl-c"/>
      </object_component>
      <object_component id="oc-53">
         <name>.text</name>
         <load_address>0x9508</load_address>
         <run_address>0x9508</run_address>
         <size>0x9c</size>
         <input_file_ref idref="fl-37"/>
      </object_component>
      <object_component id="oc-f">
         <name>.text:decompress:lzss:__TI_decompress_lzss</name>
         <load_address>0x95a4</load_address>
         <run_address>0x95a4</run_address>
         <size>0x6c</size>
         <input_file_ref idref="fl-33"/>
      </object_component>
      <object_component id="oc-76">
         <name>.text:copy_in</name>
         <load_address>0x9610</load_address>
         <run_address>0x9610</run_address>
         <size>0x4c</size>
         <input_file_ref idref="fl-30"/>
      </object_component>
      <object_component id="oc-7c">
         <name>.text</name>
         <load_address>0x965c</load_address>
         <run_address>0x965c</run_address>
         <size>0x30</size>
         <input_file_ref idref="fl-4"/>
      </object_component>
      <object_component id="oc-15">
         <name>.text:decompress:none:__TI_decompress_none</name>
         <load_address>0x968c</load_address>
         <run_address>0x968c</run_address>
         <size>0xe</size>
         <input_file_ref idref="fl-32"/>
      </object_component>
      <object_component id="oc-123">
         <name>.text:abort:abort</name>
         <load_address>0x969a</load_address>
         <run_address>0x969a</run_address>
         <size>0x4</size>
         <input_file_ref idref="fl-34"/>
      </object_component>
      <object_component id="oc-36">
         <name>.text:retain</name>
         <load_address>0x96a0</load_address>
         <run_address>0x96a0</run_address>
         <size>0x4</size>
         <input_file_ref idref="fl-14"/>
      </object_component>
      <object_component id="oc-365">
         <name>.tramp.Fapi_BlockProgram.1</name>
         <load_address>0x96a4</load_address>
         <run_address>0x96a4</run_address>
         <size>0x8</size>
         <input_file_ref idref="fl-3"/>
      </object_component>
      <object_component id="oc-364">
         <name>.tramp.Fapi_BlockErase.1</name>
         <load_address>0x96ac</load_address>
         <run_address>0x96ac</run_address>
         <size>0x8</size>
         <input_file_ref idref="fl-3"/>
      </object_component>
      <object_component id="oc-2b">
         <name>.const:s_vim_init</name>
         <load_address>0x96b4</load_address>
         <run_address>0x96b4</run_address>
         <size>0x204</size>
         <input_file_ref idref="fl-6"/>
      </object_component>
      <object_component id="oc-33">
         <name>.const:s_vim_init</name>
         <load_address>0x98b8</load_address>
         <run_address>0x98b8</run_address>
         <size>0x200</size>
         <input_file_ref idref="fl-18"/>
      </object_component>
      <object_component id="oc-1fa">
         <name>.const:flash_sector</name>
         <load_address>0x9ab8</load_address>
         <run_address>0x9ab8</run_address>
         <size>0x140</size>
         <input_file_ref idref="fl-3"/>
      </object_component>
      <object_component id="oc-1c5">
         <name>.const:s_canByteOrder</name>
         <load_address>0x9bf8</load_address>
         <run_address>0x9bf8</run_address>
         <size>0x20</size>
         <input_file_ref idref="fl-7"/>
      </object_component>
      <object_component id="oc-363">
         <name>.cinit..data.load</name>
         <load_address>0x9c18</load_address>
         <run_address>0x9c18</run_address>
         <size>0x18</size>
      </object_component>
      <object_component id="oc-361">
         <name>__TI_handler_table</name>
         <load_address>0x9c30</load_address>
         <run_address>0x9c30</run_address>
         <size>0x8</size>
      </object_component>
      <object_component id="oc-362">
         <name>__TI_cinit_table</name>
         <load_address>0x9c38</load_address>
         <run_address>0x9c38</run_address>
         <size>0x8</size>
      </object_component>
      <object_component id="oc-f7">
         <name>.data</name>
         <load_address>0x8002f28</load_address>
         <run_address>0x8002f28</run_address>
         <size>0x1d</size>
         <input_file_ref idref="fl-11"/>
      </object_component>
      <object_component id="oc-fd">
         <name>.data:rx_mode</name>
         <load_address>0x8002f90</load_address>
         <run_address>0x8002f90</run_address>
         <size>0x8</size>
         <input_file_ref idref="fl-11"/>
      </object_component>
      <object_component id="oc-103">
         <name>.data:rx_add</name>
         <load_address>0x8002f68</load_address>
         <run_address>0x8002f68</run_address>
         <size>0x8</size>
         <input_file_ref idref="fl-11"/>
      </object_component>
      <object_component id="oc-106">
         <name>.data:rx_data1</name>
         <load_address>0x8002f70</load_address>
         <run_address>0x8002f70</run_address>
         <size>0x8</size>
         <input_file_ref idref="fl-11"/>
      </object_component>
      <object_component id="oc-109">
         <name>.data:rx_data2</name>
         <load_address>0x8002f78</load_address>
         <run_address>0x8002f78</run_address>
         <size>0x8</size>
         <input_file_ref idref="fl-11"/>
      </object_component>
      <object_component id="oc-10c">
         <name>.data:rx_data3</name>
         <load_address>0x8002f80</load_address>
         <run_address>0x8002f80</run_address>
         <size>0x8</size>
         <input_file_ref idref="fl-11"/>
      </object_component>
      <object_component id="oc-10f">
         <name>.data:rx_data4</name>
         <load_address>0x8002f88</load_address>
         <run_address>0x8002f88</run_address>
         <size>0x8</size>
         <input_file_ref idref="fl-11"/>
      </object_component>
      <object_component id="oc-100">
         <name>.data:tx_data_ack</name>
         <load_address>0x8002fa0</load_address>
         <run_address>0x8002fa0</run_address>
         <size>0x8</size>
         <input_file_ref idref="fl-11"/>
      </object_component>
      <object_component id="oc-fa">
         <name>.data:tx_bootmode_ack</name>
         <load_address>0x8002f98</load_address>
         <run_address>0x8002f98</run_address>
         <size>0x8</size>
         <input_file_ref idref="fl-11"/>
      </object_component>
      <object_component id="oc-112">
         <name>.data:bufferdata0</name>
         <load_address>0x8002fa8</load_address>
         <run_address>0x8002fa8</run_address>
         <size>0x4</size>
         <input_file_ref idref="fl-11"/>
      </object_component>
      <object_component id="oc-115">
         <name>.data:bufferdata1</name>
         <load_address>0x8002f50</load_address>
         <run_address>0x8002f50</run_address>
         <size>0x8</size>
         <input_file_ref idref="fl-11"/>
      </object_component>
      <object_component id="oc-118">
         <name>.data:bufferdata2</name>
         <load_address>0x8002f58</load_address>
         <run_address>0x8002f58</run_address>
         <size>0x8</size>
         <input_file_ref idref="fl-11"/>
      </object_component>
      <object_component id="oc-11b">
         <name>.data:bufferdata3</name>
         <load_address>0x8002f60</load_address>
         <run_address>0x8002f60</run_address>
         <size>0x8</size>
         <input_file_ref idref="fl-11"/>
      </object_component>
      <object_component id="oc-11e">
         <name>.data:bufferdata4</name>
         <load_address>0x8002fac</load_address>
         <run_address>0x8002fac</run_address>
         <size>0x4</size>
         <input_file_ref idref="fl-11"/>
      </object_component>
      <object_component id="oc-2ef">
         <name>.data</name>
         <load_address>0x8002f48</load_address>
         <run_address>0x8002f48</run_address>
         <size>0x8</size>
         <input_file_ref idref="fl-24"/>
      </object_component>
      <object_component id="oc-27b">
         <name>.data</name>
         <load_address>0x8002f45</load_address>
         <run_address>0x8002f45</run_address>
         <size>0x1</size>
         <input_file_ref idref="fl-25"/>
      </object_component>
      <object_component id="oc-22c">
         <name>.debug_info</name>
         <load_address>0x0</load_address>
         <run_address>0x0</run_address>
         <size>0x378</size>
         <input_file_ref idref="fl-2"/>
      </object_component>
      <object_component id="oc-317">
         <name>.debug_info</name>
         <load_address>0x378</load_address>
         <run_address>0x378</run_address>
         <size>0x195</size>
         <input_file_ref idref="fl-2"/>
      </object_component>
      <object_component id="oc-2b3">
         <name>.debug_info</name>
         <load_address>0x50d</load_address>
         <run_address>0x50d</run_address>
         <size>0xe57</size>
         <input_file_ref idref="fl-2"/>
      </object_component>
      <object_component id="oc-136">
         <name>.debug_info</name>
         <load_address>0x1364</load_address>
         <run_address>0x1364</run_address>
         <size>0x26b</size>
         <input_file_ref idref="fl-2"/>
      </object_component>
      <object_component id="oc-2bd">
         <name>.debug_info</name>
         <load_address>0x15cf</load_address>
         <run_address>0x15cf</run_address>
         <size>0x26d5</size>
         <input_file_ref idref="fl-2"/>
      </object_component>
      <object_component id="oc-4e">
         <name>.debug_info</name>
         <load_address>0x3ca4</load_address>
         <run_address>0x3ca4</run_address>
         <size>0x84</size>
         <input_file_ref idref="fl-2"/>
      </object_component>
      <object_component id="oc-12f">
         <name>.debug_info</name>
         <load_address>0x3d28</load_address>
         <run_address>0x3d28</run_address>
         <size>0x297</size>
         <input_file_ref idref="fl-2"/>
      </object_component>
      <object_component id="oc-89">
         <name>.debug_info</name>
         <load_address>0x3fbf</load_address>
         <run_address>0x3fbf</run_address>
         <size>0xbb</size>
         <input_file_ref idref="fl-2"/>
      </object_component>
      <object_component id="oc-1fe">
         <name>.debug_info</name>
         <load_address>0x407a</load_address>
         <run_address>0x407a</run_address>
         <size>0x587</size>
         <input_file_ref idref="fl-3"/>
      </object_component>
      <object_component id="oc-1fb">
         <name>.debug_info</name>
         <load_address>0x4601</load_address>
         <run_address>0x4601</run_address>
         <size>0x100</size>
         <input_file_ref idref="fl-3"/>
      </object_component>
      <object_component id="oc-f2">
         <name>.debug_info</name>
         <load_address>0x4701</load_address>
         <run_address>0x4701</run_address>
         <size>0xf14</size>
         <input_file_ref idref="fl-3"/>
      </object_component>
      <object_component id="oc-98">
         <name>.debug_info</name>
         <load_address>0x5615</load_address>
         <run_address>0x5615</run_address>
         <size>0x157</size>
         <input_file_ref idref="fl-3"/>
      </object_component>
      <object_component id="oc-2b8">
         <name>.debug_info</name>
         <load_address>0x576c</load_address>
         <run_address>0x576c</run_address>
         <size>0x11d</size>
         <input_file_ref idref="fl-3"/>
      </object_component>
      <object_component id="oc-a7">
         <name>.debug_info</name>
         <load_address>0x5889</load_address>
         <run_address>0x5889</run_address>
         <size>0x8b</size>
         <input_file_ref idref="fl-3"/>
      </object_component>
      <object_component id="oc-ac">
         <name>.debug_info</name>
         <load_address>0x5914</load_address>
         <run_address>0x5914</run_address>
         <size>0x86</size>
         <input_file_ref idref="fl-3"/>
      </object_component>
      <object_component id="oc-7d">
         <name>.debug_info</name>
         <load_address>0x599a</load_address>
         <run_address>0x599a</run_address>
         <size>0x118</size>
         <input_file_ref idref="fl-4"/>
      </object_component>
      <object_component id="oc-26">
         <name>.debug_info</name>
         <load_address>0x5ab2</load_address>
         <run_address>0x5ab2</run_address>
         <size>0x122</size>
         <input_file_ref idref="fl-5"/>
      </object_component>
      <object_component id="oc-8e">
         <name>.debug_info</name>
         <load_address>0x5bd4</load_address>
         <run_address>0x5bd4</run_address>
         <size>0x69d</size>
         <input_file_ref idref="fl-6"/>
      </object_component>
      <object_component id="oc-2c">
         <name>.debug_info</name>
         <load_address>0x6271</load_address>
         <run_address>0x6271</run_address>
         <size>0xfe</size>
         <input_file_ref idref="fl-6"/>
      </object_component>
      <object_component id="oc-1d">
         <name>.debug_info</name>
         <load_address>0x636f</load_address>
         <run_address>0x636f</run_address>
         <size>0x302</size>
         <input_file_ref idref="fl-6"/>
      </object_component>
      <object_component id="oc-a2">
         <name>.debug_info</name>
         <load_address>0x6671</load_address>
         <run_address>0x6671</run_address>
         <size>0x18c</size>
         <input_file_ref idref="fl-6"/>
      </object_component>
      <object_component id="oc-8f">
         <name>.debug_info</name>
         <load_address>0x67fd</load_address>
         <run_address>0x67fd</run_address>
         <size>0x5c</size>
         <input_file_ref idref="fl-6"/>
      </object_component>
      <object_component id="oc-13b">
         <name>.debug_info</name>
         <load_address>0x6859</load_address>
         <run_address>0x6859</run_address>
         <size>0x435</size>
         <input_file_ref idref="fl-6"/>
      </object_component>
      <object_component id="oc-1ad">
         <name>.debug_info</name>
         <load_address>0x6c8e</load_address>
         <run_address>0x6c8e</run_address>
         <size>0x551</size>
         <input_file_ref idref="fl-6"/>
      </object_component>
      <object_component id="oc-140">
         <name>.debug_info</name>
         <load_address>0x71df</load_address>
         <run_address>0x71df</run_address>
         <size>0x1f9</size>
         <input_file_ref idref="fl-6"/>
      </object_component>
      <object_component id="oc-145">
         <name>.debug_info</name>
         <load_address>0x73d8</load_address>
         <run_address>0x73d8</run_address>
         <size>0x6a6</size>
         <input_file_ref idref="fl-6"/>
      </object_component>
      <object_component id="oc-14a">
         <name>.debug_info</name>
         <load_address>0x7a7e</load_address>
         <run_address>0x7a7e</run_address>
         <size>0x13e</size>
         <input_file_ref idref="fl-6"/>
      </object_component>
      <object_component id="oc-14f">
         <name>.debug_info</name>
         <load_address>0x7bbc</load_address>
         <run_address>0x7bbc</run_address>
         <size>0x2d0</size>
         <input_file_ref idref="fl-6"/>
      </object_component>
      <object_component id="oc-1c9">
         <name>.debug_info</name>
         <load_address>0x7e8c</load_address>
         <run_address>0x7e8c</run_address>
         <size>0x325</size>
         <input_file_ref idref="fl-7"/>
      </object_component>
      <object_component id="oc-1c6">
         <name>.debug_info</name>
         <load_address>0x81b1</load_address>
         <run_address>0x81b1</run_address>
         <size>0xfc</size>
         <input_file_ref idref="fl-7"/>
      </object_component>
      <object_component id="oc-e6">
         <name>.debug_info</name>
         <load_address>0x82ad</load_address>
         <run_address>0x82ad</run_address>
         <size>0x13bb</size>
         <input_file_ref idref="fl-7"/>
      </object_component>
      <object_component id="oc-18f">
         <name>.debug_info</name>
         <load_address>0x9668</load_address>
         <run_address>0x9668</run_address>
         <size>0x437</size>
         <input_file_ref idref="fl-7"/>
      </object_component>
      <object_component id="oc-1ca">
         <name>.debug_info</name>
         <load_address>0x9a9f</load_address>
         <run_address>0x9a9f</run_address>
         <size>0x15f</size>
         <input_file_ref idref="fl-7"/>
      </object_component>
      <object_component id="oc-22d">
         <name>.debug_info</name>
         <load_address>0x9bfe</load_address>
         <run_address>0x9bfe</run_address>
         <size>0x32a</size>
         <input_file_ref idref="fl-a"/>
      </object_component>
      <object_component id="oc-30">
         <name>.debug_info</name>
         <load_address>0x9f28</load_address>
         <run_address>0x9f28</run_address>
         <size>0x19f</size>
         <input_file_ref idref="fl-a"/>
      </object_component>
      <object_component id="oc-156">
         <name>.debug_info</name>
         <load_address>0xa0c7</load_address>
         <run_address>0xa0c7</run_address>
         <size>0x1de</size>
         <input_file_ref idref="fl-a"/>
      </object_component>
      <object_component id="oc-2d4">
         <name>.debug_info</name>
         <load_address>0xa2a5</load_address>
         <run_address>0xa2a5</run_address>
         <size>0x129</size>
         <input_file_ref idref="fl-a"/>
      </object_component>
      <object_component id="oc-1c4">
         <name>.debug_info</name>
         <load_address>0xa3ce</load_address>
         <run_address>0xa3ce</run_address>
         <size>0x2ad</size>
         <input_file_ref idref="fl-b"/>
      </object_component>
      <object_component id="oc-e0">
         <name>.debug_info</name>
         <load_address>0xa67b</load_address>
         <run_address>0xa67b</run_address>
         <size>0x6f7</size>
         <input_file_ref idref="fl-b"/>
      </object_component>
      <object_component id="oc-24c">
         <name>.debug_info</name>
         <load_address>0xad72</load_address>
         <run_address>0xad72</run_address>
         <size>0x12a</size>
         <input_file_ref idref="fl-b"/>
      </object_component>
      <object_component id="oc-22f">
         <name>.debug_info</name>
         <load_address>0xae9c</load_address>
         <run_address>0xae9c</run_address>
         <size>0x4bc</size>
         <input_file_ref idref="fl-c"/>
      </object_component>
      <object_component id="oc-171">
         <name>.debug_info</name>
         <load_address>0xb358</load_address>
         <run_address>0xb358</run_address>
         <size>0x9ce</size>
         <input_file_ref idref="fl-c"/>
      </object_component>
      <object_component id="oc-180">
         <name>.debug_info</name>
         <load_address>0xbd26</load_address>
         <run_address>0xbd26</run_address>
         <size>0x791</size>
         <input_file_ref idref="fl-c"/>
      </object_component>
      <object_component id="oc-185">
         <name>.debug_info</name>
         <load_address>0xc4b7</load_address>
         <run_address>0xc4b7</run_address>
         <size>0x4de</size>
         <input_file_ref idref="fl-c"/>
      </object_component>
      <object_component id="oc-18a">
         <name>.debug_info</name>
         <load_address>0xc995</load_address>
         <run_address>0xc995</run_address>
         <size>0x3ce</size>
         <input_file_ref idref="fl-c"/>
      </object_component>
      <object_component id="oc-21d">
         <name>.debug_info</name>
         <load_address>0xcd63</load_address>
         <run_address>0xcd63</run_address>
         <size>0x306</size>
         <input_file_ref idref="fl-c"/>
      </object_component>
      <object_component id="oc-2db">
         <name>.debug_info</name>
         <load_address>0xd069</load_address>
         <run_address>0xd069</run_address>
         <size>0x7cd</size>
         <input_file_ref idref="fl-c"/>
      </object_component>
      <object_component id="oc-230">
         <name>.debug_info</name>
         <load_address>0xd836</load_address>
         <run_address>0xd836</run_address>
         <size>0x673</size>
         <input_file_ref idref="fl-c"/>
      </object_component>
      <object_component id="oc-238">
         <name>.debug_info</name>
         <load_address>0xdea9</load_address>
         <run_address>0xdea9</run_address>
         <size>0x37b</size>
         <input_file_ref idref="fl-c"/>
      </object_component>
      <object_component id="oc-1d0">
         <name>.debug_info</name>
         <load_address>0xe224</load_address>
         <run_address>0xe224</run_address>
         <size>0x1d4</size>
         <input_file_ref idref="fl-c"/>
      </object_component>
      <object_component id="oc-194">
         <name>.debug_info</name>
         <load_address>0xe3f8</load_address>
         <run_address>0xe3f8</run_address>
         <size>0x1ca</size>
         <input_file_ref idref="fl-c"/>
      </object_component>
      <object_component id="oc-199">
         <name>.debug_info</name>
         <load_address>0xe5c2</load_address>
         <run_address>0xe5c2</run_address>
         <size>0x3d3</size>
         <input_file_ref idref="fl-c"/>
      </object_component>
      <object_component id="oc-1a3">
         <name>.debug_info</name>
         <load_address>0xe995</load_address>
         <run_address>0xe995</run_address>
         <size>0x1de</size>
         <input_file_ref idref="fl-c"/>
      </object_component>
      <object_component id="oc-1b2">
         <name>.debug_info</name>
         <load_address>0xeb73</load_address>
         <run_address>0xeb73</run_address>
         <size>0x17a</size>
         <input_file_ref idref="fl-c"/>
      </object_component>
      <object_component id="oc-17d">
         <name>.debug_info</name>
         <load_address>0xeced</load_address>
         <run_address>0xeced</run_address>
         <size>0x294</size>
         <input_file_ref idref="fl-d"/>
      </object_component>
      <object_component id="oc-d5">
         <name>.debug_info</name>
         <load_address>0xef81</load_address>
         <run_address>0xef81</run_address>
         <size>0x1fd</size>
         <input_file_ref idref="fl-d"/>
      </object_component>
      <object_component id="oc-19e">
         <name>.debug_info</name>
         <load_address>0xf17e</load_address>
         <run_address>0xf17e</run_address>
         <size>0x508</size>
         <input_file_ref idref="fl-d"/>
      </object_component>
      <object_component id="oc-23f">
         <name>.debug_info</name>
         <load_address>0xf686</load_address>
         <run_address>0xf686</run_address>
         <size>0x43c</size>
         <input_file_ref idref="fl-d"/>
      </object_component>
      <object_component id="oc-1d5">
         <name>.debug_info</name>
         <load_address>0xfac2</load_address>
         <run_address>0xfac2</run_address>
         <size>0x2cc</size>
         <input_file_ref idref="fl-e"/>
      </object_component>
      <object_component id="oc-ec">
         <name>.debug_info</name>
         <load_address>0xfd8e</load_address>
         <run_address>0xfd8e</run_address>
         <size>0xd3b</size>
         <input_file_ref idref="fl-e"/>
      </object_component>
      <object_component id="oc-6c">
         <name>.debug_info</name>
         <load_address>0x10ac9</load_address>
         <run_address>0x10ac9</run_address>
         <size>0x80b</size>
         <input_file_ref idref="fl-f"/>
      </object_component>
      <object_component id="oc-122">
         <name>.debug_info</name>
         <load_address>0x112d4</load_address>
         <run_address>0x112d4</run_address>
         <size>0x60f</size>
         <input_file_ref idref="fl-11"/>
      </object_component>
      <object_component id="oc-f8">
         <name>.debug_info</name>
         <load_address>0x118e3</load_address>
         <run_address>0x118e3</run_address>
         <size>0x200</size>
         <input_file_ref idref="fl-11"/>
      </object_component>
      <object_component id="oc-fe">
         <name>.debug_info</name>
         <load_address>0x11ae3</load_address>
         <run_address>0x11ae3</run_address>
         <size>0xf4</size>
         <input_file_ref idref="fl-11"/>
      </object_component>
      <object_component id="oc-104">
         <name>.debug_info</name>
         <load_address>0x11bd7</load_address>
         <run_address>0x11bd7</run_address>
         <size>0xf2</size>
         <input_file_ref idref="fl-11"/>
      </object_component>
      <object_component id="oc-107">
         <name>.debug_info</name>
         <load_address>0x11cc9</load_address>
         <run_address>0x11cc9</run_address>
         <size>0xf6</size>
         <input_file_ref idref="fl-11"/>
      </object_component>
      <object_component id="oc-10a">
         <name>.debug_info</name>
         <load_address>0x11dbf</load_address>
         <run_address>0x11dbf</run_address>
         <size>0xf6</size>
         <input_file_ref idref="fl-11"/>
      </object_component>
      <object_component id="oc-10d">
         <name>.debug_info</name>
         <load_address>0x11eb5</load_address>
         <run_address>0x11eb5</run_address>
         <size>0xf6</size>
         <input_file_ref idref="fl-11"/>
      </object_component>
      <object_component id="oc-110">
         <name>.debug_info</name>
         <load_address>0x11fab</load_address>
         <run_address>0x11fab</run_address>
         <size>0xf6</size>
         <input_file_ref idref="fl-11"/>
      </object_component>
      <object_component id="oc-101">
         <name>.debug_info</name>
         <load_address>0x120a1</load_address>
         <run_address>0x120a1</run_address>
         <size>0xfc</size>
         <input_file_ref idref="fl-11"/>
      </object_component>
      <object_component id="oc-fb">
         <name>.debug_info</name>
         <load_address>0x1219d</load_address>
         <run_address>0x1219d</run_address>
         <size>0x104</size>
         <input_file_ref idref="fl-11"/>
      </object_component>
      <object_component id="oc-113">
         <name>.debug_info</name>
         <load_address>0x122a1</load_address>
         <run_address>0x122a1</run_address>
         <size>0xfc</size>
         <input_file_ref idref="fl-11"/>
      </object_component>
      <object_component id="oc-116">
         <name>.debug_info</name>
         <load_address>0x1239d</load_address>
         <run_address>0x1239d</run_address>
         <size>0xfc</size>
         <input_file_ref idref="fl-11"/>
      </object_component>
      <object_component id="oc-119">
         <name>.debug_info</name>
         <load_address>0x12499</load_address>
         <run_address>0x12499</run_address>
         <size>0xfc</size>
         <input_file_ref idref="fl-11"/>
      </object_component>
      <object_component id="oc-11c">
         <name>.debug_info</name>
         <load_address>0x12595</load_address>
         <run_address>0x12595</run_address>
         <size>0xfc</size>
         <input_file_ref idref="fl-11"/>
      </object_component>
      <object_component id="oc-11f">
         <name>.debug_info</name>
         <load_address>0x12691</load_address>
         <run_address>0x12691</run_address>
         <size>0xfc</size>
         <input_file_ref idref="fl-11"/>
      </object_component>
      <object_component id="oc-82">
         <name>.debug_info</name>
         <load_address>0x1278d</load_address>
         <run_address>0x1278d</run_address>
         <size>0xaa8</size>
         <input_file_ref idref="fl-11"/>
      </object_component>
      <object_component id="oc-244">
         <name>.debug_info</name>
         <load_address>0x13235</load_address>
         <run_address>0x13235</run_address>
         <size>0x2b3</size>
         <input_file_ref idref="fl-13"/>
      </object_component>
      <object_component id="oc-2e2">
         <name>.debug_info</name>
         <load_address>0x134e8</load_address>
         <run_address>0x134e8</run_address>
         <size>0x242</size>
         <input_file_ref idref="fl-13"/>
      </object_component>
      <object_component id="oc-1a8">
         <name>.debug_info</name>
         <load_address>0x1372a</load_address>
         <run_address>0x1372a</run_address>
         <size>0x2af</size>
         <input_file_ref idref="fl-13"/>
      </object_component>
      <object_component id="oc-38">
         <name>.debug_info</name>
         <load_address>0x139d9</load_address>
         <run_address>0x139d9</run_address>
         <size>0x150</size>
         <input_file_ref idref="fl-14"/>
      </object_component>
      <object_component id="oc-178">
         <name>.debug_info</name>
         <load_address>0x13b29</load_address>
         <run_address>0x13b29</run_address>
         <size>0x37d</size>
         <input_file_ref idref="fl-16"/>
      </object_component>
      <object_component id="oc-17b">
         <name>.debug_info</name>
         <load_address>0x13ea6</load_address>
         <run_address>0x13ea6</run_address>
         <size>0x683</size>
         <input_file_ref idref="fl-17"/>
      </object_component>
      <object_component id="oc-cf">
         <name>.debug_info</name>
         <load_address>0x14529</load_address>
         <run_address>0x14529</run_address>
         <size>0x2ea2</size>
         <input_file_ref idref="fl-17"/>
      </object_component>
      <object_component id="oc-9f">
         <name>.debug_info</name>
         <load_address>0x173cb</load_address>
         <run_address>0x173cb</run_address>
         <size>0x45f</size>
         <input_file_ref idref="fl-18"/>
      </object_component>
      <object_component id="oc-34">
         <name>.debug_info</name>
         <load_address>0x1782a</load_address>
         <run_address>0x1782a</run_address>
         <size>0xf8</size>
         <input_file_ref idref="fl-18"/>
      </object_component>
      <object_component id="oc-3e">
         <name>.debug_info</name>
         <load_address>0x17922</load_address>
         <run_address>0x17922</run_address>
         <size>0x48a</size>
         <input_file_ref idref="fl-18"/>
      </object_component>
      <object_component id="oc-44">
         <name>.debug_info</name>
         <load_address>0x17dac</load_address>
         <run_address>0x17dac</run_address>
         <size>0x213</size>
         <input_file_ref idref="fl-18"/>
      </object_component>
      <object_component id="oc-15b">
         <name>.debug_info</name>
         <load_address>0x17fbf</load_address>
         <run_address>0x17fbf</run_address>
         <size>0x4f</size>
         <input_file_ref idref="fl-18"/>
      </object_component>
      <object_component id="oc-db">
         <name>.debug_info</name>
         <load_address>0x1800e</load_address>
         <run_address>0x1800e</run_address>
         <size>0x530</size>
         <input_file_ref idref="fl-19"/>
      </object_component>
      <object_component id="oc-71">
         <name>.debug_info</name>
         <load_address>0x1853e</load_address>
         <run_address>0x1853e</run_address>
         <size>0x7ed</size>
         <input_file_ref idref="fl-19"/>
      </object_component>
      <object_component id="oc-28d">
         <name>.debug_info</name>
         <load_address>0x18d2b</load_address>
         <run_address>0x18d2b</run_address>
         <size>0x253</size>
         <input_file_ref idref="fl-20"/>
      </object_component>
      <object_component id="oc-1ea">
         <name>.debug_info</name>
         <load_address>0x18f7e</load_address>
         <run_address>0x18f7e</run_address>
         <size>0x24a</size>
         <input_file_ref idref="fl-20"/>
      </object_component>
      <object_component id="oc-270">
         <name>.debug_info</name>
         <load_address>0x191c8</load_address>
         <run_address>0x191c8</run_address>
         <size>0xe55</size>
         <input_file_ref idref="fl-20"/>
      </object_component>
      <object_component id="oc-2fb">
         <name>.debug_info</name>
         <load_address>0x1a01d</load_address>
         <run_address>0x1a01d</run_address>
         <size>0x26d5</size>
         <input_file_ref idref="fl-20"/>
      </object_component>
      <object_component id="oc-2f6">
         <name>.debug_info</name>
         <load_address>0x1c6f2</load_address>
         <run_address>0x1c6f2</run_address>
         <size>0x1bff</size>
         <input_file_ref idref="fl-20"/>
      </object_component>
      <object_component id="oc-275">
         <name>.debug_info</name>
         <load_address>0x1e2f1</load_address>
         <run_address>0x1e2f1</run_address>
         <size>0x18b</size>
         <input_file_ref idref="fl-20"/>
      </object_component>
      <object_component id="oc-285">
         <name>.debug_info</name>
         <load_address>0x1e47c</load_address>
         <run_address>0x1e47c</run_address>
         <size>0x266</size>
         <input_file_ref idref="fl-21"/>
      </object_component>
      <object_component id="oc-1e4">
         <name>.debug_info</name>
         <load_address>0x1e6e2</load_address>
         <run_address>0x1e6e2</run_address>
         <size>0x26a</size>
         <input_file_ref idref="fl-21"/>
      </object_component>
      <object_component id="oc-27a">
         <name>.debug_info</name>
         <load_address>0x1e94c</load_address>
         <run_address>0x1e94c</run_address>
         <size>0x2d4</size>
         <input_file_ref idref="fl-22"/>
      </object_component>
      <object_component id="oc-25e">
         <name>.debug_info</name>
         <load_address>0x1ec20</load_address>
         <run_address>0x1ec20</run_address>
         <size>0x232</size>
         <input_file_ref idref="fl-22"/>
      </object_component>
      <object_component id="oc-1d7">
         <name>.debug_info</name>
         <load_address>0x1ee52</load_address>
         <run_address>0x1ee52</run_address>
         <size>0x3f8</size>
         <input_file_ref idref="fl-22"/>
      </object_component>
      <object_component id="oc-307">
         <name>.debug_info</name>
         <load_address>0x1f24a</load_address>
         <run_address>0x1f24a</run_address>
         <size>0x218</size>
         <input_file_ref idref="fl-23"/>
      </object_component>
      <object_component id="oc-287">
         <name>.debug_info</name>
         <load_address>0x1f462</load_address>
         <run_address>0x1f462</run_address>
         <size>0x1b7</size>
         <input_file_ref idref="fl-23"/>
      </object_component>
      <object_component id="oc-2f1">
         <name>.debug_info</name>
         <load_address>0x1f619</load_address>
         <run_address>0x1f619</run_address>
         <size>0x278</size>
         <input_file_ref idref="fl-24"/>
      </object_component>
      <object_component id="oc-265">
         <name>.debug_info</name>
         <load_address>0x1f891</load_address>
         <run_address>0x1f891</run_address>
         <size>0x1d6</size>
         <input_file_ref idref="fl-24"/>
      </object_component>
      <object_component id="oc-26b">
         <name>.debug_info</name>
         <load_address>0x1fa67</load_address>
         <run_address>0x1fa67</run_address>
         <size>0x1ce</size>
         <input_file_ref idref="fl-24"/>
      </object_component>
      <object_component id="oc-27d">
         <name>.debug_info</name>
         <load_address>0x1fc35</load_address>
         <run_address>0x1fc35</run_address>
         <size>0x27c</size>
         <input_file_ref idref="fl-25"/>
      </object_component>
      <object_component id="oc-1de">
         <name>.debug_info</name>
         <load_address>0x1feb1</load_address>
         <run_address>0x1feb1</run_address>
         <size>0x328</size>
         <input_file_ref idref="fl-25"/>
      </object_component>
      <object_component id="oc-295">
         <name>.debug_info</name>
         <load_address>0x201d9</load_address>
         <run_address>0x201d9</run_address>
         <size>0x296</size>
         <input_file_ref idref="fl-26"/>
      </object_component>
      <object_component id="oc-1f2">
         <name>.debug_info</name>
         <load_address>0x2046f</load_address>
         <run_address>0x2046f</run_address>
         <size>0x61b</size>
         <input_file_ref idref="fl-26"/>
      </object_component>
      <object_component id="oc-296">
         <name>.debug_info</name>
         <load_address>0x20a8a</load_address>
         <run_address>0x20a8a</run_address>
         <size>0x72</size>
         <input_file_ref idref="fl-26"/>
      </object_component>
      <object_component id="oc-2ae">
         <name>.debug_info</name>
         <load_address>0x20afc</load_address>
         <run_address>0x20afc</run_address>
         <size>0x2cd</size>
         <input_file_ref idref="fl-27"/>
      </object_component>
      <object_component id="oc-1f5">
         <name>.debug_info</name>
         <load_address>0x20dc9</load_address>
         <run_address>0x20dc9</run_address>
         <size>0x2fb</size>
         <input_file_ref idref="fl-27"/>
      </object_component>
      <object_component id="oc-31d">
         <name>.debug_info</name>
         <load_address>0x210c4</load_address>
         <run_address>0x210c4</run_address>
         <size>0x243</size>
         <input_file_ref idref="fl-28"/>
      </object_component>
      <object_component id="oc-2a2">
         <name>.debug_info</name>
         <load_address>0x21307</load_address>
         <run_address>0x21307</run_address>
         <size>0x1a1</size>
         <input_file_ref idref="fl-28"/>
      </object_component>
      <object_component id="oc-30b">
         <name>.debug_info</name>
         <load_address>0x214a8</load_address>
         <run_address>0x214a8</run_address>
         <size>0x212</size>
         <input_file_ref idref="fl-29"/>
      </object_component>
      <object_component id="oc-28f">
         <name>.debug_info</name>
         <load_address>0x216ba</load_address>
         <run_address>0x216ba</run_address>
         <size>0x1c9</size>
         <input_file_ref idref="fl-29"/>
      </object_component>
      <object_component id="oc-2ed">
         <name>.debug_info</name>
         <load_address>0x21883</load_address>
         <run_address>0x21883</run_address>
         <size>0x212</size>
         <input_file_ref idref="fl-2a"/>
      </object_component>
      <object_component id="oc-258">
         <name>.debug_info</name>
         <load_address>0x21a95</load_address>
         <run_address>0x21a95</run_address>
         <size>0x223</size>
         <input_file_ref idref="fl-2a"/>
      </object_component>
      <object_component id="oc-303">
         <name>.debug_info</name>
         <load_address>0x21cb8</load_address>
         <run_address>0x21cb8</run_address>
         <size>0x213</size>
         <input_file_ref idref="fl-2b"/>
      </object_component>
      <object_component id="oc-27f">
         <name>.debug_info</name>
         <load_address>0x21ecb</load_address>
         <run_address>0x21ecb</run_address>
         <size>0x1b0</size>
         <input_file_ref idref="fl-2b"/>
      </object_component>
      <object_component id="oc-315">
         <name>.debug_info</name>
         <load_address>0x2207b</load_address>
         <run_address>0x2207b</run_address>
         <size>0x281</size>
         <input_file_ref idref="fl-2c"/>
      </object_component>
      <object_component id="oc-2a9">
         <name>.debug_info</name>
         <load_address>0x222fc</load_address>
         <run_address>0x222fc</run_address>
         <size>0x1a8</size>
         <input_file_ref idref="fl-2c"/>
      </object_component>
      <object_component id="oc-29d">
         <name>.debug_info</name>
         <load_address>0x224a4</load_address>
         <run_address>0x224a4</run_address>
         <size>0x22f</size>
         <input_file_ref idref="fl-2c"/>
      </object_component>
      <object_component id="oc-335">
         <name>.debug_info</name>
         <load_address>0x226d3</load_address>
         <run_address>0x226d3</run_address>
         <size>0x236</size>
         <input_file_ref idref="fl-2d"/>
      </object_component>
      <object_component id="oc-30f">
         <name>.debug_info</name>
         <load_address>0x22909</load_address>
         <run_address>0x22909</run_address>
         <size>0x185</size>
         <input_file_ref idref="fl-2d"/>
      </object_component>
      <object_component id="oc-33c">
         <name>.debug_info</name>
         <load_address>0x22a8e</load_address>
         <run_address>0x22a8e</run_address>
         <size>0x20a</size>
         <input_file_ref idref="fl-2e"/>
      </object_component>
      <object_component id="oc-32f">
         <name>.debug_info</name>
         <load_address>0x22c98</load_address>
         <run_address>0x22c98</run_address>
         <size>0x1d2</size>
         <input_file_ref idref="fl-2e"/>
      </object_component>
      <object_component id="oc-dd">
         <name>.debug_info</name>
         <load_address>0x22e6a</load_address>
         <run_address>0x22e6a</run_address>
         <size>0x33d</size>
         <input_file_ref idref="fl-30"/>
      </object_component>
      <object_component id="oc-77">
         <name>.debug_info</name>
         <load_address>0x231a7</load_address>
         <run_address>0x231a7</run_address>
         <size>0x183</size>
         <input_file_ref idref="fl-30"/>
      </object_component>
      <object_component id="oc-1b9">
         <name>.debug_info</name>
         <load_address>0x2332a</load_address>
         <run_address>0x2332a</run_address>
         <size>0x2c</size>
         <input_file_ref idref="fl-30"/>
      </object_component>
      <object_component id="oc-2e7">
         <name>.debug_info</name>
         <load_address>0x23356</load_address>
         <run_address>0x23356</run_address>
         <size>0x39</size>
         <input_file_ref idref="fl-30"/>
      </object_component>
      <object_component id="oc-245">
         <name>.debug_info</name>
         <load_address>0x2338f</load_address>
         <run_address>0x2338f</run_address>
         <size>0x39</size>
         <input_file_ref idref="fl-30"/>
      </object_component>
      <object_component id="oc-1be">
         <name>.debug_info</name>
         <load_address>0x233c8</load_address>
         <run_address>0x233c8</run_address>
         <size>0xcd</size>
         <input_file_ref idref="fl-30"/>
      </object_component>
      <object_component id="oc-5e">
         <name>.debug_info</name>
         <load_address>0x23495</load_address>
         <run_address>0x23495</run_address>
         <size>0x298</size>
         <input_file_ref idref="fl-32"/>
      </object_component>
      <object_component id="oc-16">
         <name>.debug_info</name>
         <load_address>0x2372d</load_address>
         <run_address>0x2372d</run_address>
         <size>0x1ca</size>
         <input_file_ref idref="fl-32"/>
      </object_component>
      <object_component id="oc-59">
         <name>.debug_info</name>
         <load_address>0x238f7</load_address>
         <run_address>0x238f7</run_address>
         <size>0x46</size>
         <input_file_ref idref="fl-32"/>
      </object_component>
      <object_component id="oc-b9">
         <name>.debug_info</name>
         <load_address>0x2393d</load_address>
         <run_address>0x2393d</run_address>
         <size>0x2c</size>
         <input_file_ref idref="fl-32"/>
      </object_component>
      <object_component id="oc-b7">
         <name>.debug_info</name>
         <load_address>0x23969</load_address>
         <run_address>0x23969</run_address>
         <size>0x293</size>
         <input_file_ref idref="fl-33"/>
      </object_component>
      <object_component id="oc-10">
         <name>.debug_info</name>
         <load_address>0x23bfc</load_address>
         <run_address>0x23bfc</run_address>
         <size>0x245</size>
         <input_file_ref idref="fl-33"/>
      </object_component>
      <object_component id="oc-49">
         <name>.debug_info</name>
         <load_address>0x23e41</load_address>
         <run_address>0x23e41</run_address>
         <size>0x60</size>
         <input_file_ref idref="fl-33"/>
      </object_component>
      <object_component id="oc-160">
         <name>.debug_info</name>
         <load_address>0x23ea1</load_address>
         <run_address>0x23ea1</run_address>
         <size>0x46</size>
         <input_file_ref idref="fl-33"/>
      </object_component>
      <object_component id="oc-b2">
         <name>.debug_info</name>
         <load_address>0x23ee7</load_address>
         <run_address>0x23ee7</run_address>
         <size>0x39</size>
         <input_file_ref idref="fl-33"/>
      </object_component>
      <object_component id="oc-124">
         <name>.debug_info</name>
         <load_address>0x23f20</load_address>
         <run_address>0x23f20</run_address>
         <size>0x117</size>
         <input_file_ref idref="fl-34"/>
      </object_component>
      <object_component id="oc-54">
         <name>.debug_info</name>
         <load_address>0x24037</load_address>
         <run_address>0x24037</run_address>
         <size>0x111</size>
         <input_file_ref idref="fl-37"/>
      </object_component>
      <object_component id="oc-367">
         <name>.debug_info</name>
         <load_address>0x24148</load_address>
         <run_address>0x24148</run_address>
         <size>0x1b6</size>
      </object_component>
      <object_component id="oc-2d1">
         <name>.debug_line</name>
         <load_address>0x0</load_address>
         <run_address>0x0</run_address>
         <size>0x20</size>
         <input_file_ref idref="fl-2"/>
      </object_component>
      <object_component id="oc-31a">
         <name>.debug_line</name>
         <load_address>0x20</load_address>
         <run_address>0x20</run_address>
         <size>0x60</size>
         <input_file_ref idref="fl-2"/>
      </object_component>
      <object_component id="oc-2b6">
         <name>.debug_line</name>
         <load_address>0x80</load_address>
         <run_address>0x80</run_address>
         <size>0x37</size>
         <input_file_ref idref="fl-2"/>
      </object_component>
      <object_component id="oc-139">
         <name>.debug_line</name>
         <load_address>0xb7</load_address>
         <run_address>0xb7</run_address>
         <size>0x69</size>
         <input_file_ref idref="fl-2"/>
      </object_component>
      <object_component id="oc-2c0">
         <name>.debug_line</name>
         <load_address>0x120</load_address>
         <run_address>0x120</run_address>
         <size>0x42</size>
         <input_file_ref idref="fl-2"/>
      </object_component>
      <object_component id="oc-51">
         <name>.debug_line</name>
         <load_address>0x162</load_address>
         <run_address>0x162</run_address>
         <size>0x20</size>
         <input_file_ref idref="fl-2"/>
      </object_component>
      <object_component id="oc-132">
         <name>.debug_line</name>
         <load_address>0x182</load_address>
         <run_address>0x182</run_address>
         <size>0x6d</size>
         <input_file_ref idref="fl-2"/>
      </object_component>
      <object_component id="oc-8c">
         <name>.debug_line</name>
         <load_address>0x1ef</load_address>
         <run_address>0x1ef</run_address>
         <size>0x6a</size>
         <input_file_ref idref="fl-2"/>
      </object_component>
      <object_component id="oc-2b2">
         <name>.debug_line</name>
         <load_address>0x259</load_address>
         <run_address>0x259</run_address>
         <size>0x3f</size>
         <input_file_ref idref="fl-3"/>
      </object_component>
      <object_component id="oc-2b0">
         <name>.debug_line</name>
         <load_address>0x298</load_address>
         <run_address>0x298</run_address>
         <size>0x3f</size>
         <input_file_ref idref="fl-3"/>
      </object_component>
      <object_component id="oc-f5">
         <name>.debug_line</name>
         <load_address>0x2d7</load_address>
         <run_address>0x2d7</run_address>
         <size>0x268</size>
         <input_file_ref idref="fl-3"/>
      </object_component>
      <object_component id="oc-9b">
         <name>.debug_line</name>
         <load_address>0x53f</load_address>
         <run_address>0x53f</run_address>
         <size>0x83</size>
         <input_file_ref idref="fl-3"/>
      </object_component>
      <object_component id="oc-2bb">
         <name>.debug_line</name>
         <load_address>0x5c2</load_address>
         <run_address>0x5c2</run_address>
         <size>0x3f</size>
         <input_file_ref idref="fl-3"/>
      </object_component>
      <object_component id="oc-aa">
         <name>.debug_line</name>
         <load_address>0x601</load_address>
         <run_address>0x601</run_address>
         <size>0x20</size>
         <input_file_ref idref="fl-3"/>
      </object_component>
      <object_component id="oc-af">
         <name>.debug_line</name>
         <load_address>0x621</load_address>
         <run_address>0x621</run_address>
         <size>0x81</size>
         <input_file_ref idref="fl-3"/>
      </object_component>
      <object_component id="oc-80">
         <name>.debug_line</name>
         <load_address>0x6a2</load_address>
         <run_address>0x6a2</run_address>
         <size>0x52</size>
         <input_file_ref idref="fl-4"/>
      </object_component>
      <object_component id="oc-29">
         <name>.debug_line</name>
         <load_address>0x6f4</load_address>
         <run_address>0x6f4</run_address>
         <size>0x51</size>
         <input_file_ref idref="fl-5"/>
      </object_component>
      <object_component id="oc-135">
         <name>.debug_line</name>
         <load_address>0x745</load_address>
         <run_address>0x745</run_address>
         <size>0x174</size>
         <input_file_ref idref="fl-6"/>
      </object_component>
      <object_component id="oc-96">
         <name>.debug_line</name>
         <load_address>0x8b9</load_address>
         <run_address>0x8b9</run_address>
         <size>0x3d</size>
         <input_file_ref idref="fl-6"/>
      </object_component>
      <object_component id="oc-21">
         <name>.debug_line</name>
         <load_address>0x8f6</load_address>
         <run_address>0x8f6</run_address>
         <size>0xd6</size>
         <input_file_ref idref="fl-6"/>
      </object_component>
      <object_component id="oc-a5">
         <name>.debug_line</name>
         <load_address>0x9cc</load_address>
         <run_address>0x9cc</run_address>
         <size>0x7e</size>
         <input_file_ref idref="fl-6"/>
      </object_component>
      <object_component id="oc-92">
         <name>.debug_line</name>
         <load_address>0xa4a</load_address>
         <run_address>0xa4a</run_address>
         <size>0x3d</size>
         <input_file_ref idref="fl-6"/>
      </object_component>
      <object_component id="oc-13e">
         <name>.debug_line</name>
         <load_address>0xa87</load_address>
         <run_address>0xa87</run_address>
         <size>0x80</size>
         <input_file_ref idref="fl-6"/>
      </object_component>
      <object_component id="oc-1b0">
         <name>.debug_line</name>
         <load_address>0xb07</load_address>
         <run_address>0xb07</run_address>
         <size>0x7d</size>
         <input_file_ref idref="fl-6"/>
      </object_component>
      <object_component id="oc-143">
         <name>.debug_line</name>
         <load_address>0xb84</load_address>
         <run_address>0xb84</run_address>
         <size>0x7e</size>
         <input_file_ref idref="fl-6"/>
      </object_component>
      <object_component id="oc-148">
         <name>.debug_line</name>
         <load_address>0xc02</load_address>
         <run_address>0xc02</run_address>
         <size>0x81</size>
         <input_file_ref idref="fl-6"/>
      </object_component>
      <object_component id="oc-14d">
         <name>.debug_line</name>
         <load_address>0xc83</load_address>
         <run_address>0xc83</run_address>
         <size>0x80</size>
         <input_file_ref idref="fl-6"/>
      </object_component>
      <object_component id="oc-152">
         <name>.debug_line</name>
         <load_address>0xd03</load_address>
         <run_address>0xd03</run_address>
         <size>0x7e</size>
         <input_file_ref idref="fl-6"/>
      </object_component>
      <object_component id="oc-254">
         <name>.debug_line</name>
         <load_address>0xd81</load_address>
         <run_address>0xd81</run_address>
         <size>0x20</size>
         <input_file_ref idref="fl-7"/>
      </object_component>
      <object_component id="oc-252">
         <name>.debug_line</name>
         <load_address>0xda1</load_address>
         <run_address>0xda1</run_address>
         <size>0x33</size>
         <input_file_ref idref="fl-7"/>
      </object_component>
      <object_component id="oc-e9">
         <name>.debug_line</name>
         <load_address>0xdd4</load_address>
         <run_address>0xdd4</run_address>
         <size>0x465</size>
         <input_file_ref idref="fl-7"/>
      </object_component>
      <object_component id="oc-192">
         <name>.debug_line</name>
         <load_address>0x1239</load_address>
         <run_address>0x1239</run_address>
         <size>0x7e</size>
         <input_file_ref idref="fl-7"/>
      </object_component>
      <object_component id="oc-1cd">
         <name>.debug_line</name>
         <load_address>0x12b7</load_address>
         <run_address>0x12b7</run_address>
         <size>0x7a</size>
         <input_file_ref idref="fl-7"/>
      </object_component>
      <object_component id="oc-2d3">
         <name>.debug_line</name>
         <load_address>0x1331</load_address>
         <run_address>0x1331</run_address>
         <size>0x7a</size>
         <input_file_ref idref="fl-a"/>
      </object_component>
      <object_component id="oc-2f">
         <name>.debug_line</name>
         <load_address>0x13ab</load_address>
         <run_address>0x13ab</run_address>
         <size>0x6e</size>
         <input_file_ref idref="fl-a"/>
      </object_component>
      <object_component id="oc-159">
         <name>.debug_line</name>
         <load_address>0x1419</load_address>
         <run_address>0x1419</run_address>
         <size>0x7e</size>
         <input_file_ref idref="fl-a"/>
      </object_component>
      <object_component id="oc-2d7">
         <name>.debug_line</name>
         <load_address>0x1497</load_address>
         <run_address>0x1497</run_address>
         <size>0x7a</size>
         <input_file_ref idref="fl-a"/>
      </object_component>
      <object_component id="oc-24b">
         <name>.debug_line</name>
         <load_address>0x1511</load_address>
         <run_address>0x1511</run_address>
         <size>0x20</size>
         <input_file_ref idref="fl-b"/>
      </object_component>
      <object_component id="oc-e4">
         <name>.debug_line</name>
         <load_address>0x1531</load_address>
         <run_address>0x1531</run_address>
         <size>0x196</size>
         <input_file_ref idref="fl-b"/>
      </object_component>
      <object_component id="oc-24f">
         <name>.debug_line</name>
         <load_address>0x16c7</load_address>
         <run_address>0x16c7</run_address>
         <size>0x7a</size>
         <input_file_ref idref="fl-b"/>
      </object_component>
      <object_component id="oc-2da">
         <name>.debug_line</name>
         <load_address>0x1741</load_address>
         <run_address>0x1741</run_address>
         <size>0x20</size>
         <input_file_ref idref="fl-c"/>
      </object_component>
      <object_component id="oc-173">
         <name>.debug_line</name>
         <load_address>0x1761</load_address>
         <run_address>0x1761</run_address>
         <size>0x114</size>
         <input_file_ref idref="fl-c"/>
      </object_component>
      <object_component id="oc-183">
         <name>.debug_line</name>
         <load_address>0x1875</load_address>
         <run_address>0x1875</run_address>
         <size>0x7e</size>
         <input_file_ref idref="fl-c"/>
      </object_component>
      <object_component id="oc-188">
         <name>.debug_line</name>
         <load_address>0x18f3</load_address>
         <run_address>0x18f3</run_address>
         <size>0x81</size>
         <input_file_ref idref="fl-c"/>
      </object_component>
      <object_component id="oc-18d">
         <name>.debug_line</name>
         <load_address>0x1974</load_address>
         <run_address>0x1974</run_address>
         <size>0x7e</size>
         <input_file_ref idref="fl-c"/>
      </object_component>
      <object_component id="oc-220">
         <name>.debug_line</name>
         <load_address>0x19f2</load_address>
         <run_address>0x19f2</run_address>
         <size>0x7e</size>
         <input_file_ref idref="fl-c"/>
      </object_component>
      <object_component id="oc-2de">
         <name>.debug_line</name>
         <load_address>0x1a70</load_address>
         <run_address>0x1a70</run_address>
         <size>0x7e</size>
         <input_file_ref idref="fl-c"/>
      </object_component>
      <object_component id="oc-233">
         <name>.debug_line</name>
         <load_address>0x1aee</load_address>
         <run_address>0x1aee</run_address>
         <size>0x7e</size>
         <input_file_ref idref="fl-c"/>
      </object_component>
      <object_component id="oc-23b">
         <name>.debug_line</name>
         <load_address>0x1b6c</load_address>
         <run_address>0x1b6c</run_address>
         <size>0x83</size>
         <input_file_ref idref="fl-c"/>
      </object_component>
      <object_component id="oc-1d3">
         <name>.debug_line</name>
         <load_address>0x1bef</load_address>
         <run_address>0x1bef</run_address>
         <size>0x7a</size>
         <input_file_ref idref="fl-c"/>
      </object_component>
      <object_component id="oc-197">
         <name>.debug_line</name>
         <load_address>0x1c69</load_address>
         <run_address>0x1c69</run_address>
         <size>0x7e</size>
         <input_file_ref idref="fl-c"/>
      </object_component>
      <object_component id="oc-19c">
         <name>.debug_line</name>
         <load_address>0x1ce7</load_address>
         <run_address>0x1ce7</run_address>
         <size>0x7e</size>
         <input_file_ref idref="fl-c"/>
      </object_component>
      <object_component id="oc-1a6">
         <name>.debug_line</name>
         <load_address>0x1d65</load_address>
         <run_address>0x1d65</run_address>
         <size>0x80</size>
         <input_file_ref idref="fl-c"/>
      </object_component>
      <object_component id="oc-1b5">
         <name>.debug_line</name>
         <load_address>0x1de5</load_address>
         <run_address>0x1de5</run_address>
         <size>0x7e</size>
         <input_file_ref idref="fl-c"/>
      </object_component>
      <object_component id="oc-23e">
         <name>.debug_line</name>
         <load_address>0x1e63</load_address>
         <run_address>0x1e63</run_address>
         <size>0x20</size>
         <input_file_ref idref="fl-d"/>
      </object_component>
      <object_component id="oc-d8">
         <name>.debug_line</name>
         <load_address>0x1e83</load_address>
         <run_address>0x1e83</run_address>
         <size>0xd7</size>
         <input_file_ref idref="fl-d"/>
      </object_component>
      <object_component id="oc-1a1">
         <name>.debug_line</name>
         <load_address>0x1f5a</load_address>
         <run_address>0x1f5a</run_address>
         <size>0x81</size>
         <input_file_ref idref="fl-d"/>
      </object_component>
      <object_component id="oc-242">
         <name>.debug_line</name>
         <load_address>0x1fdb</load_address>
         <run_address>0x1fdb</run_address>
         <size>0x7d</size>
         <input_file_ref idref="fl-d"/>
      </object_component>
      <object_component id="oc-256">
         <name>.debug_line</name>
[...]
      </symbol>
      <symbol id="sm-48e">
         <name>esmGroup2Notification</name>
         <value>0x512c</value>
         <object_component_ref idref="oc-81"/>
      </symbol>
      <symbol id="sm-48f">
         <name>main</name>
         <value>0x41dc</value>
         <object_component_ref idref="oc-81"/>
      </symbol>
      <symbol id="sm-490">
         <name>led_blink</name>
         <value>0x4f00</value>
         <object_component_ref idref="oc-81"/>
      </symbol>
      <symbol id="sm-491">
         <name>progAdd</name>
         <value>0x8002f38</value>
         <object_component_ref idref="oc-f7"/>
      </symbol>
      <symbol id="sm-492">
         <name>esmGroup1Notification</name>
         <value>0x511c</value>
         <object_component_ref idref="oc-81"/>
      </symbol>
      <symbol id="sm-493">
         <name>mode</name>
         <value>0x8002f30</value>
         <object_component_ref idref="oc-f7"/>
      </symbol>
      <symbol id="sm-494">
         <name>jumpCount</name>
         <value>0x8002f44</value>
         <object_component_ref idref="oc-f7"/>
      </symbol>
      <symbol id="sm-495">
         <name>jumpAdd</name>
         <value>0x8002f28</value>
         <object_component_ref idref="oc-f7"/>
      </symbol>
      <symbol id="sm-496">
         <name>rx_mode</name>
         <value>0x8002f90</value>
         <object_component_ref idref="oc-fd"/>
      </symbol>
      <symbol id="sm-497">
         <name>tx_bootmode_ack</name>
         <value>0x8002f98</value>
         <object_component_ref idref="oc-fa"/>
      </symbol>
      <symbol id="sm-498">
         <name>canrxMessageArrived</name>
         <value>0x4e50</value>
         <object_component_ref idref="oc-81"/>
      </symbol>
      <symbol id="sm-499">
         <name>gioNotification</name>
         <value>0x5108</value>
         <object_component_ref idref="oc-81"/>
      </symbol>
      <symbol id="sm-49a">
         <name>rx_add</name>
         <value>0x8002f68</value>
         <object_component_ref idref="oc-103"/>
      </symbol>
      <symbol id="sm-4b3">
         <name>phantomInterrupt</name>
         <value>0x96a0</value>
         <object_component_ref idref="oc-36"/>
      </symbol>
      <symbol id="sm-4bd">
         <name>_pmuResetCounters_</name>
         <value>0x93e8</value>
         <object_component_ref idref="oc-175"/>
      </symbol>
      <symbol id="sm-4be">
         <name>_pmuGetEventCount_</name>
         <value>0x941c</value>
         <object_component_ref idref="oc-175"/>
      </symbol>
      <symbol id="sm-4bf">
         <name>_pmuResetEventCounters_</name>
         <value>0x93d8</value>
         <object_component_ref idref="oc-175"/>
      </symbol>
      <symbol id="sm-4c0">
         <name>_pmuStopCounters_</name>
         <value>0x9400</value>
         <object_component_ref idref="oc-175"/>
      </symbol>
      <symbol id="sm-4c1">
         <name>_pmuInit_</name>
         <value>0x935c</value>
         <object_component_ref idref="oc-175"/>
      </symbol>
      <symbol id="sm-4c2">
         <name>_pmuGetOverflow_</name>
         <value>0x9428</value>
         <object_component_ref idref="oc-175"/>
      </symbol>
      <symbol id="sm-4c3">
         <name>_pmuResetCycleCounter_</name>
         <value>0x93c8</value>
         <object_component_ref idref="oc-175"/>
      </symbol>
      <symbol id="sm-4c4">
         <name>_pmuSetCountEvent_</name>
         <value>0x9408</value>
         <object_component_ref idref="oc-175"/>
      </symbol>
      <symbol id="sm-4c5">
         <name>_pmuGetCycleCount_</name>
         <value>0x9414</value>
         <object_component_ref idref="oc-175"/>
      </symbol>
      <symbol id="sm-4c6">
         <name>_pmuEnableCountersGlobal_</name>
         <value>0x93a8</value>
         <object_component_ref idref="oc-175"/>
      </symbol>
      <symbol id="sm-4c7">
         <name>_pmuDisableCountersGlobal_</name>
         <value>0x93b8</value>
         <object_component_ref idref="oc-175"/>
      </symbol>
      <symbol id="sm-4c8">
         <name>_pmuStartCounters_</name>
         <value>0x93f8</value>
         <object_component_ref idref="oc-175"/>
      </symbol>
      <symbol id="sm-688">
         <name>pbistSelfCheck</name>
         <value>0x17ac</value>
         <object_component_ref idref="oc-ce"/>
      </symbol>
      <symbol id="sm-689">
         <name>fmcBus1ParityCheck</name>
         <value>0x37a4</value>
         <object_component_ref idref="oc-ce"/>
      </symbol>
      <symbol id="sm-68a">
         <name>can1ParityCheck</name>
         <value>0x28f0</value>
         <object_component_ref idref="oc-ce"/>
      </symbol>
      <symbol id="sm-68b">
         <name>enableParity</name>
         <value>0x3fb0</value>
         <object_component_ref idref="oc-ce"/>
      </symbol>
      <symbol id="sm-68c">
         <name>dmaParityCheck</name>
         <value>0x238c</value>
         <object_component_ref idref="oc-ce"/>
      </symbol>
      <symbol id="sm-68d">
         <name>custom_dabort</name>
         <value>0x22d4</value>
         <object_component_ref idref="oc-ce"/>
      </symbol>
      <symbol id="sm-68e">
         <name>memoryInit</name>
         <value>0x1654</value>
         <object_component_ref idref="oc-ce"/>
      </symbol>
      <symbol id="sm-68f">
         <name>stcSelfCheck</name>
         <value>0x1698</value>
         <object_component_ref idref="oc-ce"/>
      </symbol>
      <symbol id="sm-690">
         <name>efcGetConfigValue</name>
         <value>0x3b40</value>
         <object_component_ref idref="oc-ce"/>
      </symbol>
      <symbol id="sm-691">
         <name>can2ParityCheck</name>
         <value>0x29c8</value>
         <object_component_ref idref="oc-ce"/>
      </symbol>
      <symbol id="sm-692">
         <name>het1ParityCheck</name>
         <value>0x2438</value>
         <object_component_ref idref="oc-ce"/>
      </symbol>
      <symbol id="sm-693">
         <name>adc1ParityCheck</name>
         <value>0x274c</value>
         <object_component_ref idref="oc-ce"/>
      </symbol>
      <symbol id="sm-694">
         <name>checkefcSelfTest</name>
         <value>0x1c9c</value>
         <object_component_ref idref="oc-ce"/>
      </symbol>
      <symbol id="sm-695">
         <name>checkRAMECC</name>
         <value>0x2eb0</value>
         <object_component_ref idref="oc-ce"/>
      </symbol>
      <symbol id="sm-696">
         <name>stcSelfCheckFail</name>
         <value>0x22d8</value>
         <object_component_ref idref="oc-ce"/>
      </symbol>
      <symbol id="sm-697">
         <name>ccmSelfCheck</name>
         <value>0x1510</value>
         <object_component_ref idref="oc-ce"/>
      </symbol>
      <symbol id="sm-698">
         <name>efcCheck</name>
         <value>0x1b40</value>
         <object_component_ref idref="oc-ce"/>
      </symbol>
      <symbol id="sm-699">
         <name>het2ParityCheck</name>
         <value>0x25a0</value>
         <object_component_ref idref="oc-ce"/>
      </symbol>
      <symbol id="sm-69a">
         <name>adc2ParityCheck</name>
         <value>0x2838</value>
         <object_component_ref idref="oc-ce"/>
      </symbol>
      <symbol id="sm-69b">
         <name>cpuSelfTest</name>
         <value>0x1714</value>
         <object_component_ref idref="oc-ce"/>
      </symbol>
      <symbol id="sm-69c">
         <name>htu1ParityCheck</name>
         <value>0x24e4</value>
         <object_component_ref idref="oc-ce"/>
      </symbol>
      <symbol id="sm-69d">
         <name>checkFlashECC</name>
         <value>0x21f8</value>
         <object_component_ref idref="oc-ce"/>
      </symbol>
      <symbol id="sm-69e">
         <name>cpuSelfTestFail</name>
         <value>0x22dc</value>
         <object_component_ref idref="oc-ce"/>
      </symbol>
      <symbol id="sm-69f">
         <name>checkPLL1Slip</name>
         <value>0x336c</value>
         <object_component_ref idref="oc-ce"/>
      </symbol>
      <symbol id="sm-6a0">
         <name>mibspi1ParityCheck</name>
         <value>0x2b64</value>
         <object_component_ref idref="oc-ce"/>
      </symbol>
      <symbol id="sm-6a1">
         <name>ccmr4GetConfigValue</name>
         <value>0x3bdc</value>
         <object_component_ref idref="oc-ce"/>
      </symbol>
      <symbol id="sm-6a2">
         <name>htu2ParityCheck</name>
         <value>0x269c</value>
         <object_component_ref idref="oc-ce"/>
      </symbol>
      <symbol id="sm-6a3">
         <name>pbistPortTestStatus</name>
         <value>0x1ae8</value>
         <object_component_ref idref="oc-ce"/>
      </symbol>
      <symbol id="sm-6a4">
         <name>checkFlashEEPROMECC</name>
         <value>0x31d4</value>
         <object_component_ref idref="oc-ce"/>
      </symbol>
      <symbol id="sm-6a5">
         <name>pbistGetConfigValue</name>
         <value>0x3950</value>
         <object_component_ref idref="oc-ce"/>
      </symbol>
      <symbol id="sm-6a6">
         <name>vimParityCheck</name>
         <value>0x22e0</value>
         <object_component_ref idref="oc-ce"/>
      </symbol>
      <symbol id="sm-6a7">
         <name>pbistIsTestCompleted</name>
         <value>0x1a88</value>
         <object_component_ref idref="oc-ce"/>
      </symbol>
      <symbol id="sm-6a8">
         <name>disableParity</name>
         <value>0x4038</value>
         <object_component_ref idref="oc-ce"/>
      </symbol>
      <symbol id="sm-6a9">
         <name>pbistRun</name>
         <value>0x198c</value>
         <object_component_ref idref="oc-ce"/>
      </symbol>
      <symbol id="sm-6aa">
         <name>pbistFail</name>
         <value>0x38cc</value>
         <object_component_ref idref="oc-ce"/>
      </symbol>
      <symbol id="sm-6ab">
         <name>selftestFailNotification</name>
         <value>0x1500</value>
         <object_component_ref idref="oc-ce"/>
      </symbol>
      <symbol id="sm-6ac">
         <name>errata_PBIST_4</name>
         <value>0x3c4c</value>
         <object_component_ref idref="oc-ce"/>
      </symbol>
      <symbol id="sm-6ad">
         <name>mibspi3ParityCheck</name>
         <value>0x2c6c</value>
         <object_component_ref idref="oc-ce"/>
      </symbol>
      <symbol id="sm-6ae">
         <name>efcSelfTest</name>
         <value>0x1c74</value>
         <object_component_ref idref="oc-ce"/>
      </symbol>
      <symbol id="sm-6af">
         <name>checkB1RAMECC</name>
         <value>0x2008</value>
         <object_component_ref idref="oc-ce"/>
      </symbol>
      <symbol id="sm-6b0">
         <name>pbistStop</name>
         <value>0x1a58</value>
         <object_component_ref idref="oc-ce"/>
      </symbol>
      <symbol id="sm-6b1">
         <name>can3ParityCheck</name>
         <value>0x2a90</value>
         <object_component_ref idref="oc-ce"/>
      </symbol>
      <symbol id="sm-6b2">
         <name>checkRAMAddrParity</name>
         <value>0x3530</value>
         <object_component_ref idref="oc-ce"/>
      </symbol>
      <symbol id="sm-6b3">
         <name>mibspi5ParityCheck</name>
         <value>0x2d90</value>
         <object_component_ref idref="oc-ce"/>
      </symbol>
      <symbol id="sm-6b4">
         <name>checkB0RAMECC</name>
         <value>0x1e18</value>
         <object_component_ref idref="oc-ce"/>
      </symbol>
      <symbol id="sm-6b5">
         <name>stcGetConfigValue</name>
         <value>0x3a9c</value>
         <object_component_ref idref="oc-ce"/>
      </symbol>
      <symbol id="sm-6b6">
         <name>pbistIsTestPassed</name>
         <value>0x1ab4</value>
         <object_component_ref idref="oc-ce"/>
      </symbol>
      <symbol id="sm-6b7">
         <name>checkClockMonitor</name>
         <value>0x30f8</value>
         <object_component_ref idref="oc-ce"/>
      </symbol>
      <symbol id="sm-6b8">
         <name>fmcECCcheck</name>
         <value>0x1d78</value>
         <object_component_ref idref="oc-ce"/>
      </symbol>
      <symbol id="sm-6b9">
         <name>fmcBus2Check</name>
         <value>0x1d3c</value>
         <object_component_ref idref="oc-ce"/>
      </symbol>
      <symbol id="sm-6ba">
         <name>checkRAMUERRTest</name>
         <value>0x363c</value>
         <object_component_ref idref="oc-ce"/>
      </symbol>
      <symbol id="sm-6bb">
         <name>efcStuckZeroTest</name>
         <value>0x1bc8</value>
         <object_component_ref idref="oc-ce"/>
      </symbol>
      <symbol id="sm-6bc">
         <name>checkPLL2Slip</name>
         <value>0x346c</value>
         <object_component_ref idref="oc-ce"/>
      </symbol>
      <symbol id="sm-76b">
         <name>vimChannelMap</name>
         <value>0x6c64</value>
         <object_component_ref idref="oc-3d"/>
      </symbol>
      <symbol id="sm-76c">
         <name>vimInit</name>
         <value>0x6b90</value>
         <object_component_ref idref="oc-3d"/>
      </symbol>
      <symbol id="sm-76d">
         <name>vimEnableInterrupt</name>
         <value>0x6d08</value>
         <object_component_ref idref="oc-3d"/>
      </symbol>
      <symbol id="sm-76e">
         <name>vimDisableInterrupt</name>
         <value>0x6ed0</value>
         <object_component_ref idref="oc-3d"/>
      </symbol>
      <symbol id="sm-76f">
         <name>vimGetConfigValue</name>
         <value>0x6f7c</value>
         <object_component_ref idref="oc-3d"/>
      </symbol>
      <symbol id="sm-770">
         <name>vimParityErrorHandler</name>
         <value>0x8f7c</value>
         <object_component_ref idref="oc-3c"/>
      </symbol>
      <symbol id="sm-7cb">
         <name>systemGetConfigValue</name>
         <value>0x63b8</value>
         <object_component_ref idref="oc-70"/>
      </symbol>
      <symbol id="sm-7cc">
         <name>trimLPO</name>
         <value>0x608c</value>
         <object_component_ref idref="oc-70"/>
      </symbol>
      <symbol id="sm-7cd">
         <name>systemInit</name>
         <value>0x62bc</value>
         <object_component_ref idref="oc-70"/>
      </symbol>
      <symbol id="sm-7ce">
         <name>customTrimLPO</name>
         <value>0x6ab4</value>
         <object_component_ref idref="oc-70"/>
      </symbol>
      <symbol id="sm-7cf">
         <name>tcmflashGetConfigValue</name>
         <value>0x67cc</value>
         <object_component_ref idref="oc-70"/>
      </symbol>
      <symbol id="sm-7d0">
         <name>sramGetConfigValue</name>
         <value>0x6978</value>
         <object_component_ref idref="oc-70"/>
      </symbol>
      <symbol id="sm-7d1">
         <name>periphInit</name>
         <value>0x6140</value>
         <object_component_ref idref="oc-70"/>
      </symbol>
      <symbol id="sm-7d2">
         <name>setupFlash</name>
         <value>0x6100</value>
         <object_component_ref idref="oc-70"/>
      </symbol>
      <symbol id="sm-7d3">
         <name>setupPLL</name>
         <value>0x602c</value>
         <object_component_ref idref="oc-70"/>
      </symbol>
      <symbol id="sm-7d4">
         <name>mapClocks</name>
         <value>0x6194</value>
         <object_component_ref idref="oc-70"/>
      </symbol>
      <symbol id="sm-7d5">
         <name>systemPowerDown</name>
         <value>0x6388</value>
         <object_component_ref idref="oc-70"/>
      </symbol>
      <symbol id="sm-7fa">
         <name>Fapi_issueAsyncCommandWithAddress</name>
         <value>0x8002e05</value>
         <object_component_ref idref="oc-1e8"/>
      </symbol>
      <symbol id="sm-80b">
         <name>Fapi_enableMainBankSectors</name>
         <value>0x8002c79</value>
         <object_component_ref idref="oc-1e2"/>
      </symbol>
      <symbol id="sm-82e">
         <name>Fapi_initializeFlashBanks</name>
         <value>0x8002725</value>
         <object_component_ref idref="oc-1d6"/>
      </symbol>
      <symbol id="sm-83d">
         <name>_Fapi_issueFsmCommand</name>
         <value>0x8002d91</value>
         <object_component_ref idref="oc-286"/>
      </symbol>
      <symbol id="sm-85a">
         <name>_scaleMainFclk</name>
         <value>0x8002f05</value>
         <object_component_ref idref="oc-263"/>
      </symbol>
      <symbol id="sm-85b">
         <name>_scaleEEFclk</name>
         <value>0x8002ef5</value>
         <object_component_ref idref="oc-269"/>
      </symbol>
      <symbol id="sm-875">
         <name>Fapi_setActiveFlashBank</name>
         <value>0x8002985</value>
         <object_component_ref idref="oc-1dc"/>
      </symbol>
      <symbol id="sm-898">
         <name>Fapi_issueProgrammingCommand</name>
         <value>0x8002b01</value>
         <object_component_ref idref="oc-1ee"/>
      </symbol>
      <symbol id="sm-8a8">
         <name>Fapi_doMarginReadByByte</name>
         <value>0x8002d51</value>
         <object_component_ref idref="oc-1f4"/>
      </symbol>
      <symbol id="sm-8b6">
         <name>_Fapi_checkWdService</name>
         <value>0x8002f15</value>
         <object_component_ref idref="oc-2a1"/>
      </symbol>
      <symbol id="sm-8c5">
         <name>Fapi_calculateEcc</name>
         <value>0x8002ed1</value>
         <object_component_ref idref="oc-28e"/>
      </symbol>
      <symbol id="sm-8d4">
         <name>Fapi_calculateFletcherChecksum</name>
         <value>0x8002dcd</value>
         <object_component_ref idref="oc-257"/>
      </symbol>
      <symbol id="sm-8e3">
         <name>Fapi_getNumberOfBankSectors</name>
         <value>0x8002ee5</value>
         <object_component_ref idref="oc-27e"/>
      </symbol>
      <symbol id="sm-900">
         <name>_Fapi_enterMarginMode</name>
         <value>0x8002ce9</value>
         <object_component_ref idref="oc-29b"/>
      </symbol>
      <symbol id="sm-901">
         <name>_Fapi_exitMarginMode</name>
         <value>0x8002e65</value>
         <object_component_ref idref="oc-2a7"/>
      </symbol>
      <symbol id="sm-90e">
         <name>Fapi_flushPipeline</name>
         <value>0x8002e91</value>
         <object_component_ref idref="oc-30e"/>
      </symbol>
      <symbol id="sm-91e">
         <name>Fapi_waitDelay</name>
         <value>0x8002e35</value>
         <object_component_ref idref="oc-32e"/>
      </symbol>
      <symbol id="sm-948">
         <name>copy_in</name>
         <value>0x9611</value>
         <object_component_ref idref="oc-76"/>
      </symbol>
      <symbol id="sm-960">
         <name>__TI_decompress_none</name>
         <value>0x968d</value>
         <object_component_ref idref="oc-15"/>
      </symbol>
      <symbol id="sm-983">
         <name>__TI_decompress_lzss</name>
         <value>0x95a5</value>
         <object_component_ref idref="oc-f"/>
      </symbol>
      <symbol id="sm-98e">
         <name>C$$EXIT</name>
         <value>0x969b</value>
         <object_component_ref idref="oc-123"/>
      </symbol>
      <symbol id="sm-98f">
         <name>abort</name>
         <value>0x969b</value>
         <object_component_ref idref="oc-123"/>
      </symbol>
      <symbol id="sm-9ac">
         <name>memcpy</name>
         <value>0x9509</value>
         <object_component_ref idref="oc-53"/>
      </symbol>
      <symbol id="sm-9ad">
         <name>__aeabi_memcpy</name>
         <value>0x9509</value>
         <object_component_ref idref="oc-53"/>
      </symbol>
      <symbol id="sm-9ae">
         <name>__aeabi_memcpy8</name>
         <value>0x9509</value>
         <object_component_ref idref="oc-53"/>
      </symbol>
      <symbol id="sm-9af">
         <name>__aeabi_memcpy4</name>
         <value>0x9509</value>
         <object_component_ref idref="oc-53"/>
      </symbol>
      <symbol id="sm-9b0">
         <name>__TI_static_base__</name>
         <value>0x0</value>
      </symbol>
      <symbol id="sm-9b5">
         <name>SHT$$INIT_ARRAY$$Base</name>
         <value>0x0</value>
      </symbol>
      <symbol id="sm-9b6">
         <name>SHT$$INIT_ARRAY$$Limit</name>
         <value>0x0</value>
      </symbol>
   </symbol_table>
   <title>Link successful</title>
</link_info>
