<?xml version="1.0" encoding="ISO-8859-1" ?>
<link_info>
   <banner>TI ARM Linker PC v18.1.3.LTS</banner>
   <copyright>Copyright (c) 1996-2017 Texas Instruments Incorporated</copyright>
   <link_time>0x5ca47734</link_time>
   <link_errors>0x0</link_errors>
   <output_file>FlashAPI 3 Bootloader.out</output_file>
   <entry_point>
      <name>_c_int00</name>
      <address>0x7314</address>
   </entry_point>
   <input_file_list>
      <input_file id="fl-2">
         <path>.\F021_API\</path>
         <kind>object</kind>
         <file>Fapi_UserDefinedFunctions.obj</file>
         <name>Fapi_UserDefinedFunctions.obj</name>
      </input_file>
      <input_file id="fl-3">
         <path>.\F021_API\</path>
         <kind>object</kind>
         <file>bl_flash.obj</file>
         <name>bl_flash.obj</name>
      </input_file>
      <input_file id="fl-4">
         <path>.\F021_API\</path>
         <kind>object</kind>
         <file>copyapi2ram.obj</file>
         <name>copyapi2ram.obj</name>
      </input_file>
      <input_file id="fl-5">
         <path>.\source\</path>
         <kind>object</kind>
         <file>can.obj</file>
         <name>can.obj</name>
      </input_file>
      <input_file id="fl-6">
         <path>.\source\</path>
         <kind>object</kind>
         <file>dabort.obj</file>
         <name>dabort.obj</name>
      </input_file>
      <input_file id="fl-7">
         <path>.\source\</path>
         <kind>object</kind>
         <file>errata_SSWF021_45.obj</file>
         <name>errata_SSWF021_45.obj</name>
      </input_file>
      <input_file id="fl-8">
         <path>.\source\</path>
         <kind>object</kind>
         <file>esm.obj</file>
         <name>esm.obj</name>
      </input_file>
      <input_file id="fl-9">
         <path>.\source\</path>
         <kind>object</kind>
         <file>gio.obj</file>
         <name>gio.obj</name>
      </input_file>
      <input_file id="fl-a">
         <path>.\source\</path>
         <kind>object</kind>
         <file>notification.obj</file>
         <name>notification.obj</name>
      </input_file>
      <input_file id="fl-b">
         <path>.\source\</path>
         <kind>object</kind>
         <file>pinmux.obj</file>
         <name>pinmux.obj</name>
      </input_file>
      <input_file id="fl-c">
         <path>.\source\</path>
         <kind>object</kind>
         <file>sys_core.obj</file>
         <name>sys_core.obj</name>
      </input_file>
      <input_file id="fl-d">
         <path>.\source\</path>
         <kind>object</kind>
         <file>sys_dma.obj</file>
         <name>sys_dma.obj</name>
      </input_file>
      <input_file id="fl-e">
         <path>.\source\</path>
         <kind>object</kind>
         <file>sys_intvecs.obj</file>
         <name>sys_intvecs.obj</name>
      </input_file>
      <input_file id="fl-f">
         <path>.\source\</path>
         <kind>object</kind>
         <file>sys_main.obj</file>
         <name>sys_main.obj</name>
      </input_file>
      <input_file id="fl-10">
         <path>.\source\</path>
         <kind>object</kind>
         <file>sys_mpu.obj</file>
         <name>sys_mpu.obj</name>
      </input_file>
      <input_file id="fl-11">
         <path>.\source\</path>
         <kind>object</kind>
         <file>sys_pcr.obj</file>
         <name>sys_pcr.obj</name>
      </input_file>
      <input_file id="fl-12">
         <path>.\source\</path>
         <kind>object</kind>
         <file>sys_phantom.obj</file>
         <name>sys_phantom.obj</name>
      </input_file>
      <input_file id="fl-13">
         <path>.\source\</path>
         <kind>object</kind>
         <file>sys_pmm.obj</file>
         <name>sys_pmm.obj</name>
      </input_file>
      <input_file id="fl-14">
         <path>.\source\</path>
         <kind>object</kind>
         <file>sys_pmu.obj</file>
         <name>sys_pmu.obj</name>
      </input_file>
      <input_file id="fl-15">
         <path>.\source\</path>
         <kind>object</kind>
         <file>sys_selftest.obj</file>
         <name>sys_selftest.obj</name>
      </input_file>
      <input_file id="fl-16">
         <path>.\source\</path>
         <kind>object</kind>
         <file>sys_startup.obj</file>
         <name>sys_startup.obj</name>
      </input_file>
      <input_file id="fl-17">
         <path>.\source\</path>
         <kind>object</kind>
         <file>sys_vim.obj</file>
         <name>sys_vim.obj</name>
      </input_file>
      <input_file id="fl-18">
         <path>.\source\</path>
         <kind>object</kind>
         <file>system.obj</file>
         <name>system.obj</name>
      </input_file>
      <input_file id="fl-1e">
         <kind>object</kind>
         <file>&lt;internal&gt;</file>
         <name>&lt;internal&gt;</name>
      </input_file>
      <input_file id="fl-1f">
         <path>..\F021_API\lib\</path>
         <kind>archive</kind>
         <file>F021_API_CortexR4_BE.lib</file>
         <name>Async.WithAddress.obj</name>
      </input_file>
      <input_file id="fl-20">
         <path>..\F021_API\lib\</path>
         <kind>archive</kind>
         <file>F021_API_CortexR4_BE.lib</file>
         <name>FlashStateMachine.EnableMainSectors.obj</name>
      </input_file>
      <input_file id="fl-21">
         <path>..\F021_API\lib\</path>
         <kind>archive</kind>
         <file>F021_API_CortexR4_BE.lib</file>
         <name>FlashStateMachine.InitializeFlashBanks.obj</name>
      </input_file>
      <input_file id="fl-22">
         <path>..\F021_API\lib\</path>
         <kind>archive</kind>
         <file>F021_API_CortexR4_BE.lib</file>
         <name>FlashStateMachine.IssueFsmCommand.obj</name>
      </input_file>
      <input_file id="fl-23">
         <path>..\F021_API\lib\</path>
         <kind>archive</kind>
         <file>F021_API_CortexR4_BE.lib</file>
         <name>FlashStateMachine.ScaleFclk.obj</name>
      </input_file>
      <input_file id="fl-24">
         <path>..\F021_API\lib\</path>
         <kind>archive</kind>
         <file>F021_API_CortexR4_BE.lib</file>
         <name>FlashStateMachine.SetActiveBank.obj</name>
      </input_file>
      <input_file id="fl-25">
         <path>..\F021_API\lib\</path>
         <kind>archive</kind>
         <file>F021_API_CortexR4_BE.lib</file>
         <name>Program.obj</name>
      </input_file>
      <input_file id="fl-26">
         <path>..\F021_API\lib\</path>
         <kind>archive</kind>
         <file>F021_API_CortexR4_BE.lib</file>
         <name>Read.MarginByByte.obj</name>
      </input_file>
      <input_file id="fl-27">
         <path>..\F021_API\lib\</path>
         <kind>archive</kind>
         <file>F021_API_CortexR4_BE.lib</file>
         <name>Read.WdService.obj</name>
      </input_file>
      <input_file id="fl-28">
         <path>..\F021_API\lib\</path>
         <kind>archive</kind>
         <file>F021_API_CortexR4_BE.lib</file>
         <name>Utilities.CalculateEcc.obj</name>
      </input_file>
      <input_file id="fl-29">
         <path>..\F021_API\lib\</path>
         <kind>archive</kind>
         <file>F021_API_CortexR4_BE.lib</file>
         <name>Utilities.CalculateFletcher.obj</name>
      </input_file>
      <input_file id="fl-2a">
         <path>..\F021_API\lib\</path>
         <kind>archive</kind>
         <file>F021_API_CortexR4_BE.lib</file>
         <name>Utilities.GetNumberOfSectors.obj</name>
      </input_file>
      <input_file id="fl-2b">
         <path>..\F021_API\lib\</path>
         <kind>archive</kind>
         <file>F021_API_CortexR4_BE.lib</file>
         <name>Read.Common.obj</name>
      </input_file>
      <input_file id="fl-2c">
         <path>..\F021_API\lib\</path>
         <kind>archive</kind>
         <file>F021_API_CortexR4_BE.lib</file>
         <name>Read.FlushPipeline.obj</name>
      </input_file>
      <input_file id="fl-2d">
         <path>..\F021_API\lib\</path>
         <kind>archive</kind>
         <file>F021_API_CortexR4_BE.lib</file>
         <name>Utilities.WaitDelay.obj</name>
      </input_file>
      <input_file id="fl-2e">
         <path>..\F021_API\lib\</path>
         <kind>archive</kind>
         <file>F021_API_CortexR4_BE.lib</file>
         <name>FlashStateMachine.Hercules.IsEccAddress.obj</name>
      </input_file>
      <input_file id="fl-2f">
         <path>C:\ti\ccsv8\tools\compiler\ti-cgt-arm_18.1.3.LTS\lib\</path>
         <kind>archive</kind>
         <file>rtsv7R4_T_be_v3D16_eabi.lib</file>
         <name>cpy_tbl.c.obj</name>
      </input_file>
      <input_file id="fl-30">
         <path>C:\ti\ccsv8\tools\compiler\ti-cgt-arm_18.1.3.LTS\lib\</path>
         <kind>archive</kind>
         <file>rtsv7R4_T_be_v3D16_eabi.lib</file>
         <name>copy_zero_init.c.obj</name>
      </input_file>
      <input_file id="fl-31">
         <path>C:\ti\ccsv8\tools\compiler\ti-cgt-arm_18.1.3.LTS\lib\</path>
         <kind>archive</kind>
         <file>rtsv7R4_T_be_v3D16_eabi.lib</file>
         <name>copy_decompress_none.c.obj</name>
      </input_file>
      <input_file id="fl-32">
         <path>C:\ti\ccsv8\tools\compiler\ti-cgt-arm_18.1.3.LTS\lib\</path>
         <kind>archive</kind>
         <file>rtsv7R4_T_be_v3D16_eabi.lib</file>
         <name>copy_decompress_lzss.c.obj</name>
      </input_file>
      <input_file id="fl-33">
         <path>C:\ti\ccsv8\tools\compiler\ti-cgt-arm_18.1.3.LTS\lib\</path>
         <kind>archive</kind>
         <file>rtsv7R4_T_be_v3D16_eabi.lib</file>
         <name>exit.c.obj</name>
      </input_file>
      <input_file id="fl-34">
         <path>C:\ti\ccsv8\tools\compiler\ti-cgt-arm_18.1.3.LTS\lib\</path>
         <kind>archive</kind>
         <file>rtsv7R4_T_be_v3D16_eabi.lib</file>
         <name>_lock.c.obj</name>
      </input_file>
      <input_file id="fl-35">
         <path>C:\ti\ccsv8\tools\compiler\ti-cgt-arm_18.1.3.LTS\lib\</path>
         <kind>archive</kind>
         <file>rtsv7R4_T_be_v3D16_eabi.lib</file>
         <name>memset_t2.asm.obj</name>
      </input_file>
      <input_file id="fl-36">
         <path>C:\ti\ccsv8\tools\compiler\ti-cgt-arm_18.1.3.LTS\lib\</path>
         <kind>archive</kind>
         <file>rtsv7R4_T_be_v3D16_eabi.lib</file>
         <name>memcpy_t2.asm.obj</name>
      </input_file>
   </input_file_list>
   <object_component_list>
      <object_component id="oc-31">
         <name>.intvecs</name>
         <load_address>0x0</load_address>
         <run_address>0x0</run_address>
         <size>0x20</size>
         <input_file_ref idref="fl-e"/>
      </object_component>
      <object_component id="oc-2d1">
         <name>.text</name>
         <load_address>0x20</load_address>
         <run_address>0x80098c8</run_address>
         <size>0x8</size>
         <input_file_ref idref="fl-2"/>
      </object_component>
      <object_component id="oc-eb">
         <name>.text</name>
         <load_address>0x28</load_address>
         <run_address>0x80098d0</run_address>
         <size>0x71c</size>
         <input_file_ref idref="fl-3"/>
      </object_component>
      <object_component id="oc-1ac">
         <name>.text:Fapi_initializeFlashBanks</name>
         <load_address>0x744</load_address>
         <run_address>0x8009fec</run_address>
         <size>0x260</size>
         <input_file_ref idref="fl-21"/>
      </object_component>
      <object_component id="oc-1b2">
         <name>.text:Fapi_setActiveFlashBank</name>
         <load_address>0x9a4</load_address>
         <run_address>0x800a24c</run_address>
         <size>0x17c</size>
         <input_file_ref idref="fl-24"/>
      </object_component>
      <object_component id="oc-1c4">
         <name>.text:Fapi_issueProgrammingCommand</name>
         <load_address>0xb20</load_address>
         <run_address>0x800a3c8</run_address>
         <size>0x178</size>
         <input_file_ref idref="fl-25"/>
      </object_component>
      <object_component id="oc-1b8">
         <name>.text:Fapi_enableMainBankSectors</name>
         <load_address>0xc98</load_address>
         <run_address>0x800a540</run_address>
         <size>0x70</size>
         <input_file_ref idref="fl-20"/>
      </object_component>
      <object_component id="oc-256">
         <name>.text:_Fapi_enterMarginMode</name>
         <load_address>0xd08</load_address>
         <run_address>0x800a5b0</run_address>
         <size>0x68</size>
         <input_file_ref idref="fl-2b"/>
      </object_component>
      <object_component id="oc-1ca">
         <name>.text:Fapi_doMarginReadByByte</name>
         <load_address>0xd70</load_address>
         <run_address>0x800a618</run_address>
         <size>0x40</size>
         <input_file_ref idref="fl-26"/>
      </object_component>
      <object_component id="oc-241">
         <name>.text:_Fapi_issueFsmCommand</name>
         <load_address>0xdb0</load_address>
         <run_address>0x800a658</run_address>
         <size>0x3c</size>
         <input_file_ref idref="fl-22"/>
      </object_component>
      <object_component id="oc-212">
         <name>.text:Fapi_calculateFletcherChecksum</name>
         <load_address>0xdec</load_address>
         <run_address>0x800a694</run_address>
         <size>0x36</size>
         <input_file_ref idref="fl-29"/>
      </object_component>
      <object_component id="oc-1be">
         <name>.text:Fapi_issueAsyncCommandWithAddress</name>
         <load_address>0xe24</load_address>
         <run_address>0x800a6cc</run_address>
         <size>0x30</size>
         <input_file_ref idref="fl-1f"/>
      </object_component>
      <object_component id="oc-2e9">
         <name>.text:Fapi_waitDelay</name>
         <load_address>0xe54</load_address>
         <run_address>0x800a6fc</run_address>
         <size>0x30</size>
         <input_file_ref idref="fl-2d"/>
      </object_component>
      <object_component id="oc-262">
         <name>.text:_Fapi_exitMarginMode</name>
         <load_address>0xe84</load_address>
         <run_address>0x800a72c</run_address>
         <size>0x2c</size>
         <input_file_ref idref="fl-2b"/>
      </object_component>
      <object_component id="oc-2c9">
         <name>.text:Fapi_flushPipeline</name>
         <load_address>0xeb0</load_address>
         <run_address>0x800a758</run_address>
         <size>0x22</size>
         <input_file_ref idref="fl-2c"/>
      </object_component>
      <object_component id="oc-218">
         <name>.text:_Fapi_divideUnsignedLong</name>
         <load_address>0xed2</load_address>
         <run_address>0x800a77a</run_address>
         <size>0x1c</size>
         <input_file_ref idref="fl-21"/>
      </object_component>
      <object_component id="oc-249">
         <name>.text:Fapi_calculateEcc</name>
         <load_address>0xef0</load_address>
         <run_address>0x800a798</run_address>
         <size>0x14</size>
         <input_file_ref idref="fl-28"/>
      </object_component>
      <object_component id="oc-239">
         <name>.text:Fapi_getNumberOfBankSectors</name>
         <load_address>0xf04</load_address>
         <run_address>0x800a7ac</run_address>
         <size>0x10</size>
         <input_file_ref idref="fl-2a"/>
      </object_component>
      <object_component id="oc-224">
         <name>.text:_scaleEEFclk</name>
         <load_address>0xf14</load_address>
         <run_address>0x800a7bc</run_address>
         <size>0x10</size>
         <input_file_ref idref="fl-23"/>
      </object_component>
      <object_component id="oc-21e">
         <name>.text:_scaleMainFclk</name>
         <load_address>0xf24</load_address>
         <run_address>0x800a7cc</run_address>
         <size>0x10</size>
         <input_file_ref idref="fl-23"/>
      </object_component>
      <object_component id="oc-25c">
         <name>.text:_Fapi_checkWdService</name>
         <load_address>0xf34</load_address>
         <run_address>0x800a7dc</run_address>
         <size>0xc</size>
         <input_file_ref idref="fl-27"/>
      </object_component>
      <object_component id="oc-321">
         <name>.tramp.Fapi_serviceWatchdogTimer.1</name>
         <load_address>0xf40</load_address>
         <run_address>0x800a7e8</run_address>
         <size>0x8</size>
         <input_file_ref idref="fl-2"/>
      </object_component>
      <object_component id="oc-ce">
         <name>.text</name>
         <load_address>0x1500</load_address>
         <run_address>0x1500</run_address>
         <size>0x2cdc</size>
         <input_file_ref idref="fl-15"/>
      </object_component>
      <object_component id="oc-70">
         <name>.text</name>
         <load_address>0x41dc</load_address>
         <run_address>0x41dc</run_address>
         <size>0xb64</size>
         <input_file_ref idref="fl-18"/>
      </object_component>
      <object_component id="oc-e5">
         <name>.text</name>
         <load_address>0x4d40</load_address>
         <run_address>0x4d40</run_address>
         <size>0xb04</size>
         <input_file_ref idref="fl-5"/>
      </object_component>
      <object_component id="oc-40">
         <name>.text</name>
         <load_address>0x5844</load_address>
         <run_address>0x5844</run_address>
         <size>0xa54</size>
         <input_file_ref idref="fl-17"/>
      </object_component>
      <object_component id="oc-d4">
         <name>.text</name>
         <load_address>0x6298</load_address>
         <run_address>0x6298</run_address>
         <size>0x8ac</size>
         <input_file_ref idref="fl-b"/>
      </object_component>
      <object_component id="oc-df">
         <name>.text</name>
         <load_address>0x6b44</load_address>
         <run_address>0x6b44</run_address>
         <size>0x484</size>
         <input_file_ref idref="fl-9"/>
      </object_component>
      <object_component id="oc-6b">
         <name>.text</name>
         <load_address>0x6fc8</load_address>
         <run_address>0x6fc8</run_address>
         <size>0x34c</size>
         <input_file_ref idref="fl-c"/>
      </object_component>
      <object_component id="oc-1c">
         <name>.text:retain</name>
         <load_address>0x7314</load_address>
         <run_address>0x7314</run_address>
         <size>0x2e0</size>
         <input_file_ref idref="fl-16"/>
      </object_component>
      <object_component id="oc-3c">
         <name>.text:retain</name>
         <load_address>0x75f4</load_address>
         <run_address>0x75f4</run_address>
         <size>0x2cc</size>
         <input_file_ref idref="fl-17"/>
      </object_component>
      <object_component id="oc-81">
         <name>.text</name>
         <load_address>0x78c0</load_address>
         <run_address>0x78c0</run_address>
         <size>0x1e4</size>
         <input_file_ref idref="fl-f"/>
      </object_component>
      <object_component id="oc-25">
         <name>.text:retain</name>
         <load_address>0x7aa4</load_address>
         <run_address>0x7aa4</run_address>
         <size>0x114</size>
         <input_file_ref idref="fl-8"/>
      </object_component>
      <object_component id="oc-153">
         <name>.text</name>
         <load_address>0x7bb8</load_address>
         <run_address>0x7bb8</run_address>
         <size>0xe0</size>
         <input_file_ref idref="fl-14"/>
      </object_component>
      <object_component id="oc-14d">
         <name>.text</name>
         <load_address>0x7c98</load_address>
         <run_address>0x7c98</run_address>
         <size>0xbc</size>
         <input_file_ref idref="fl-a"/>
      </object_component>
      <object_component id="oc-53">
         <name>.text</name>
         <load_address>0x7d54</load_address>
         <run_address>0x7d54</run_address>
         <size>0x9c</size>
         <input_file_ref idref="fl-36"/>
      </object_component>
      <object_component id="oc-f">
         <name>.text:decompress:lzss:__TI_decompress_lzss</name>
         <load_address>0x7df0</load_address>
         <run_address>0x7df0</run_address>
         <size>0x6c</size>
         <input_file_ref idref="fl-32"/>
      </object_component>
      <object_component id="oc-76">
         <name>.text:copy_in</name>
         <load_address>0x7e5c</load_address>
         <run_address>0x7e5c</run_address>
         <size>0x4c</size>
         <input_file_ref idref="fl-2f"/>
      </object_component>
      <object_component id="oc-7c">
         <name>.text</name>
         <load_address>0x7ea8</load_address>
         <run_address>0x7ea8</run_address>
         <size>0x30</size>
         <input_file_ref idref="fl-4"/>
      </object_component>
      <object_component id="oc-15">
         <name>.text:decompress:none:__TI_decompress_none</name>
         <load_address>0x7ed8</load_address>
         <run_address>0x7ed8</run_address>
         <size>0xe</size>
         <input_file_ref idref="fl-31"/>
      </object_component>
      <object_component id="oc-100">
         <name>.text:abort:abort</name>
         <load_address>0x7ee6</load_address>
         <run_address>0x7ee6</run_address>
         <size>0x4</size>
         <input_file_ref idref="fl-33"/>
      </object_component>
      <object_component id="oc-36">
         <name>.text:retain</name>
         <load_address>0x7eec</load_address>
         <run_address>0x7eec</run_address>
         <size>0x4</size>
         <input_file_ref idref="fl-12"/>
      </object_component>
      <object_component id="oc-320">
         <name>.tramp.Fapi_BlockProgram.1</name>
         <load_address>0x7ef0</load_address>
         <run_address>0x7ef0</run_address>
         <size>0x8</size>
         <input_file_ref idref="fl-3"/>
      </object_component>
      <object_component id="oc-31f">
         <name>.tramp.Fapi_BlockErase.1</name>
         <load_address>0x7ef8</load_address>
         <run_address>0x7ef8</run_address>
         <size>0x8</size>
         <input_file_ref idref="fl-3"/>
      </object_component>
      <object_component id="oc-2b">
         <name>.const:s_vim_init</name>
         <load_address>0x7f00</load_address>
         <run_address>0x7f00</run_address>
         <size>0x204</size>
         <input_file_ref idref="fl-16"/>
      </object_component>
      <object_component id="oc-2e">
         <name>.const:s_vim_init</name>
         <load_address>0x8104</load_address>
         <run_address>0x8104</run_address>
         <size>0x200</size>
         <input_file_ref idref="fl-17"/>
      </object_component>
      <object_component id="oc-1d0">
         <name>.const:flash_sector</name>
         <load_address>0x8304</load_address>
         <run_address>0x8304</run_address>
         <size>0x140</size>
         <input_file_ref idref="fl-3"/>
      </object_component>
      <object_component id="oc-1a3">
         <name>.const:s_canByteOrder</name>
         <load_address>0x8444</load_address>
         <run_address>0x8444</run_address>
         <size>0x20</size>
         <input_file_ref idref="fl-5"/>
      </object_component>
      <object_component id="oc-31e">
         <name>.cinit..data.load</name>
         <load_address>0x8468</load_address>
         <run_address>0x8468</run_address>
         <size>0x3d24</size>
      </object_component>
      <object_component id="oc-31c">
         <name>__TI_handler_table</name>
         <load_address>0xc18c</load_address>
         <run_address>0xc18c</run_address>
         <size>0x8</size>
      </object_component>
      <object_component id="oc-31d">
         <name>__TI_cinit_table</name>
         <load_address>0xc194</load_address>
         <run_address>0xc194</run_address>
         <size>0x8</size>
      </object_component>
      <object_component id="oc-fa">
         <name>.data:g_pulDataBuffer</name>
         <load_address>0x8002000</load_address>
         <run_address>0x8002000</run_address>
         <size>0x78a8</size>
         <input_file_ref idref="fl-f"/>
      </object_component>
      <object_component id="oc-f4">
         <name>.data:tx_data</name>
         <load_address>0x80098b8</load_address>
         <run_address>0x80098b8</run_address>
         <size>0x8</size>
         <input_file_ref idref="fl-f"/>
      </object_component>
      <object_component id="oc-f7">
         <name>.data:r</name>
         <load_address>0x80098b0</load_address>
         <run_address>0x80098b0</run_address>
         <size>0x8</size>
         <input_file_ref idref="fl-f"/>
      </object_component>
      <object_component id="oc-f1">
         <name>.data</name>
         <load_address>0x80098c0</load_address>
         <run_address>0x80098c0</run_address>
         <size>0x4</size>
         <input_file_ref idref="fl-f"/>
      </object_component>
      <object_component id="oc-2aa">
         <name>.data</name>
         <load_address>0x80098a8</load_address>
         <run_address>0x80098a8</run_address>
         <size>0x8</size>
         <input_file_ref idref="fl-23"/>
      </object_component>
      <object_component id="oc-236">
         <name>.data</name>
         <load_address>0x80098c4</load_address>
         <run_address>0x80098c4</run_address>
         <size>0x1</size>
         <input_file_ref idref="fl-24"/>
      </object_component>
      <object_component id="oc-1e9">
         <name>.debug_info</name>
         <load_address>0x0</load_address>
         <run_address>0x0</run_address>
         <size>0x362</size>
         <input_file_ref idref="fl-2"/>
      </object_component>
      <object_component id="oc-2d2">
         <name>.debug_info</name>
         <load_address>0x362</load_address>
         <run_address>0x362</run_address>
         <size>0x17f</size>
         <input_file_ref idref="fl-2"/>
      </object_component>
      <object_component id="oc-26e">
         <name>.debug_info</name>
         <load_address>0x4e1</load_address>
         <run_address>0x4e1</run_address>
         <size>0xe57</size>
         <input_file_ref idref="fl-2"/>
      </object_component>
      <object_component id="oc-113">
         <name>.debug_info</name>
         <load_address>0x1338</load_address>
         <run_address>0x1338</run_address>
         <size>0x26b</size>
         <input_file_ref idref="fl-2"/>
      </object_component>
      <object_component id="oc-278">
         <name>.debug_info</name>
         <load_address>0x15a3</load_address>
         <run_address>0x15a3</run_address>
         <size>0x26d5</size>
         <input_file_ref idref="fl-2"/>
      </object_component>
      <object_component id="oc-4e">
         <name>.debug_info</name>
         <load_address>0x3c78</load_address>
         <run_address>0x3c78</run_address>
         <size>0x84</size>
         <input_file_ref idref="fl-2"/>
      </object_component>
      <object_component id="oc-10c">
         <name>.debug_info</name>
         <load_address>0x3cfc</load_address>
         <run_address>0x3cfc</run_address>
         <size>0x297</size>
         <input_file_ref idref="fl-2"/>
      </object_component>
      <object_component id="oc-89">
         <name>.debug_info</name>
         <load_address>0x3f93</load_address>
         <run_address>0x3f93</run_address>
         <size>0xbb</size>
         <input_file_ref idref="fl-2"/>
      </object_component>
      <object_component id="oc-1d4">
         <name>.debug_info</name>
         <load_address>0x404e</load_address>
         <run_address>0x404e</run_address>
         <size>0x571</size>
         <input_file_ref idref="fl-3"/>
      </object_component>
      <object_component id="oc-1d1">
         <name>.debug_info</name>
         <load_address>0x45bf</load_address>
         <run_address>0x45bf</run_address>
         <size>0xea</size>
         <input_file_ref idref="fl-3"/>
      </object_component>
      <object_component id="oc-ed">
         <name>.debug_info</name>
         <load_address>0x46a9</load_address>
         <run_address>0x46a9</run_address>
         <size>0xefe</size>
         <input_file_ref idref="fl-3"/>
      </object_component>
      <object_component id="oc-95">
         <name>.debug_info</name>
         <load_address>0x55a7</load_address>
         <run_address>0x55a7</run_address>
         <size>0x157</size>
         <input_file_ref idref="fl-3"/>
      </object_component>
      <object_component id="oc-273">
         <name>.debug_info</name>
         <load_address>0x56fe</load_address>
         <run_address>0x56fe</run_address>
         <size>0x11d</size>
         <input_file_ref idref="fl-3"/>
      </object_component>
      <object_component id="oc-a7">
         <name>.debug_info</name>
         <load_address>0x581b</load_address>
         <run_address>0x581b</run_address>
         <size>0x8b</size>
         <input_file_ref idref="fl-3"/>
      </object_component>
      <object_component id="oc-ac">
         <name>.debug_info</name>
         <load_address>0x58a6</load_address>
         <run_address>0x58a6</run_address>
         <size>0x86</size>
         <input_file_ref idref="fl-3"/>
      </object_component>
      <object_component id="oc-7d">
         <name>.debug_info</name>
         <load_address>0x592c</load_address>
         <run_address>0x592c</run_address>
         <size>0x102</size>
         <input_file_ref idref="fl-4"/>
      </object_component>
      <object_component id="oc-13d">
         <name>.debug_info</name>
         <load_address>0x5a2e</load_address>
         <run_address>0x5a2e</run_address>
         <size>0x30f</size>
         <input_file_ref idref="fl-5"/>
      </object_component>
      <object_component id="oc-1a4">
         <name>.debug_info</name>
         <load_address>0x5d3d</load_address>
         <run_address>0x5d3d</run_address>
         <size>0xe6</size>
         <input_file_ref idref="fl-5"/>
      </object_component>
      <object_component id="oc-e6">
         <name>.debug_info</name>
         <load_address>0x5e23</load_address>
         <run_address>0x5e23</run_address>
         <size>0x13a5</size>
         <input_file_ref idref="fl-5"/>
      </object_component>
      <object_component id="oc-a2">
         <name>.debug_info</name>
         <load_address>0x71c8</load_address>
         <run_address>0x71c8</run_address>
         <size>0x18c</size>
         <input_file_ref idref="fl-5"/>
      </object_component>
      <object_component id="oc-16d">
         <name>.debug_info</name>
         <load_address>0x7354</load_address>
         <run_address>0x7354</run_address>
         <size>0x437</size>
         <input_file_ref idref="fl-5"/>
      </object_component>
      <object_component id="oc-1a7">
         <name>.debug_info</name>
         <load_address>0x778b</load_address>
         <run_address>0x778b</run_address>
         <size>0x15f</size>
         <input_file_ref idref="fl-5"/>
      </object_component>
      <object_component id="oc-12c">
         <name>.debug_info</name>
         <load_address>0x78ea</load_address>
         <run_address>0x78ea</run_address>
         <size>0x2d0</size>
         <input_file_ref idref="fl-5"/>
      </object_component>
      <object_component id="oc-1eb">
         <name>.debug_info</name>
         <load_address>0x7bba</load_address>
         <run_address>0x7bba</run_address>
         <size>0x314</size>
         <input_file_ref idref="fl-8"/>
      </object_component>
      <object_component id="oc-26">
         <name>.debug_info</name>
         <load_address>0x7ece</load_address>
         <run_address>0x7ece</run_address>
         <size>0x189</size>
         <input_file_ref idref="fl-8"/>
      </object_component>
      <object_component id="oc-133">
         <name>.debug_info</name>
         <load_address>0x8057</load_address>
         <run_address>0x8057</run_address>
         <size>0x1de</size>
         <input_file_ref idref="fl-8"/>
      </object_component>
      <object_component id="oc-296">
         <name>.debug_info</name>
         <load_address>0x8235</load_address>
         <run_address>0x8235</run_address>
         <size>0x129</size>
         <input_file_ref idref="fl-8"/>
      </object_component>
      <object_component id="oc-1a2">
         <name>.debug_info</name>
         <load_address>0x835e</load_address>
         <run_address>0x835e</run_address>
         <size>0x297</size>
         <input_file_ref idref="fl-9"/>
      </object_component>
      <object_component id="oc-e0">
         <name>.debug_info</name>
         <load_address>0x85f5</load_address>
         <run_address>0x85f5</run_address>
         <size>0x6e1</size>
         <input_file_ref idref="fl-9"/>
      </object_component>
      <object_component id="oc-11d">
         <name>.debug_info</name>
         <load_address>0x8cd6</load_address>
         <run_address>0x8cd6</run_address>
         <size>0x1f9</size>
         <input_file_ref idref="fl-9"/>
      </object_component>
      <object_component id="oc-20b">
         <name>.debug_info</name>
         <load_address>0x8ecf</load_address>
         <run_address>0x8ecf</run_address>
         <size>0x12a</size>
         <input_file_ref idref="fl-9"/>
      </object_component>
      <object_component id="oc-1ea">
         <name>.debug_info</name>
         <load_address>0x8ff9</load_address>
         <run_address>0x8ff9</run_address>
         <size>0x485</size>
         <input_file_ref idref="fl-a"/>
      </object_component>
      <object_component id="oc-14f">
         <name>.debug_info</name>
         <load_address>0x947e</load_address>
         <run_address>0x947e</run_address>
         <size>0x906</size>
         <input_file_ref idref="fl-a"/>
      </object_component>
      <object_component id="oc-15e">
         <name>.debug_info</name>
         <load_address>0x9d84</load_address>
         <run_address>0x9d84</run_address>
         <size>0x791</size>
         <input_file_ref idref="fl-a"/>
      </object_component>
      <object_component id="oc-163">
         <name>.debug_info</name>
         <load_address>0xa515</load_address>
         <run_address>0xa515</run_address>
         <size>0x4de</size>
         <input_file_ref idref="fl-a"/>
      </object_component>
      <object_component id="oc-168">
         <name>.debug_info</name>
         <load_address>0xa9f3</load_address>
         <run_address>0xa9f3</run_address>
         <size>0x3ce</size>
         <input_file_ref idref="fl-a"/>
      </object_component>
      <object_component id="oc-28f">
         <name>.debug_info</name>
         <load_address>0xadc1</load_address>
         <run_address>0xadc1</run_address>
         <size>0x7cd</size>
         <input_file_ref idref="fl-a"/>
      </object_component>
      <object_component id="oc-1ef">
         <name>.debug_info</name>
         <load_address>0xb58e</load_address>
         <run_address>0xb58e</run_address>
         <size>0x673</size>
         <input_file_ref idref="fl-a"/>
      </object_component>
      <object_component id="oc-1f7">
         <name>.debug_info</name>
         <load_address>0xbc01</load_address>
         <run_address>0xbc01</run_address>
         <size>0x37b</size>
         <input_file_ref idref="fl-a"/>
      </object_component>
      <object_component id="oc-172">
         <name>.debug_info</name>
         <load_address>0xbf7c</load_address>
         <run_address>0xbf7c</run_address>
         <size>0x1ca</size>
         <input_file_ref idref="fl-a"/>
      </object_component>
      <object_component id="oc-118">
         <name>.debug_info</name>
         <load_address>0xc146</load_address>
         <run_address>0xc146</run_address>
         <size>0x435</size>
         <input_file_ref idref="fl-a"/>
      </object_component>
      <object_component id="oc-18b">
         <name>.debug_info</name>
         <load_address>0xc57b</load_address>
         <run_address>0xc57b</run_address>
         <size>0x551</size>
         <input_file_ref idref="fl-a"/>
      </object_component>
      <object_component id="oc-177">
         <name>.debug_info</name>
         <load_address>0xcacc</load_address>
         <run_address>0xcacc</run_address>
         <size>0x3d3</size>
         <input_file_ref idref="fl-a"/>
      </object_component>
      <object_component id="oc-181">
         <name>.debug_info</name>
         <load_address>0xce9f</load_address>
         <run_address>0xce9f</run_address>
         <size>0x1de</size>
         <input_file_ref idref="fl-a"/>
      </object_component>
      <object_component id="oc-190">
         <name>.debug_info</name>
         <load_address>0xd07d</load_address>
         <run_address>0xd07d</run_address>
         <size>0x17a</size>
         <input_file_ref idref="fl-a"/>
      </object_component>
      <object_component id="oc-122">
         <name>.debug_info</name>
         <load_address>0xd1f7</load_address>
         <run_address>0xd1f7</run_address>
         <size>0x6a6</size>
         <input_file_ref idref="fl-a"/>
      </object_component>
      <object_component id="oc-127">
         <name>.debug_info</name>
         <load_address>0xd89d</load_address>
         <run_address>0xd89d</run_address>
         <size>0x13e</size>
         <input_file_ref idref="fl-a"/>
      </object_component>
      <object_component id="oc-15b">
         <name>.debug_info</name>
         <load_address>0xd9db</load_address>
         <run_address>0xd9db</run_address>
         <size>0x27e</size>
         <input_file_ref idref="fl-b"/>
      </object_component>
      <object_component id="oc-d6">
         <name>.debug_info</name>
         <load_address>0xdc59</load_address>
         <run_address>0xdc59</run_address>
         <size>0x1e7</size>
         <input_file_ref idref="fl-b"/>
      </object_component>
      <object_component id="oc-17c">
         <name>.debug_info</name>
         <load_address>0xde40</load_address>
         <run_address>0xde40</run_address>
         <size>0x508</size>
         <input_file_ref idref="fl-b"/>
      </object_component>
      <object_component id="oc-1fe">
         <name>.debug_info</name>
         <load_address>0xe348</load_address>
         <run_address>0xe348</run_address>
         <size>0x43c</size>
         <input_file_ref idref="fl-b"/>
      </object_component>
      <object_component id="oc-6e">
         <name>.debug_info</name>
         <load_address>0xe784</load_address>
         <run_address>0xe784</run_address>
         <size>0x7f5</size>
         <input_file_ref idref="fl-c"/>
      </object_component>
      <object_component id="oc-33">
         <name>.debug_info</name>
         <load_address>0xef79</load_address>
         <run_address>0xef79</run_address>
         <size>0x108</size>
         <input_file_ref idref="fl-e"/>
      </object_component>
      <object_component id="oc-fe">
         <name>.debug_info</name>
         <load_address>0xf081</load_address>
         <run_address>0xf081</run_address>
         <size>0x52a</size>
         <input_file_ref idref="fl-f"/>
      </object_component>
      <object_component id="oc-fb">
         <name>.debug_info</name>
         <load_address>0xf5ab</load_address>
         <run_address>0xf5ab</run_address>
         <size>0xee</size>
         <input_file_ref idref="fl-f"/>
      </object_component>
      <object_component id="oc-f5">
         <name>.debug_info</name>
         <load_address>0xf699</load_address>
         <run_address>0xf699</run_address>
         <size>0xde</size>
         <input_file_ref idref="fl-f"/>
      </object_component>
      <object_component id="oc-f8">
         <name>.debug_info</name>
         <load_address>0xf777</load_address>
         <run_address>0xf777</run_address>
         <size>0xd2</size>
         <input_file_ref idref="fl-f"/>
      </object_component>
      <object_component id="oc-f2">
         <name>.debug_info</name>
         <load_address>0xf849</load_address>
         <run_address>0xf849</run_address>
         <size>0xde</size>
         <input_file_ref idref="fl-f"/>
      </object_component>
      <object_component id="oc-82">
         <name>.debug_info</name>
         <load_address>0xf927</load_address>
         <run_address>0xf927</run_address>
         <size>0x41d</size>
         <input_file_ref idref="fl-f"/>
      </object_component>
      <object_component id="oc-203">
         <name>.debug_info</name>
         <load_address>0xfd44</load_address>
         <run_address>0xfd44</run_address>
         <size>0x29d</size>
         <input_file_ref idref="fl-11"/>
      </object_component>
      <object_component id="oc-29d">
         <name>.debug_info</name>
         <load_address>0xffe1</load_address>
         <run_address>0xffe1</run_address>
         <size>0x242</size>
         <input_file_ref idref="fl-11"/>
      </object_component>
      <object_component id="oc-186">
         <name>.debug_info</name>
         <load_address>0x10223</load_address>
         <run_address>0x10223</run_address>
         <size>0x2af</size>
         <input_file_ref idref="fl-11"/>
      </object_component>
      <object_component id="oc-37">
         <name>.debug_info</name>
         <load_address>0x104d2</load_address>
         <run_address>0x104d2</run_address>
         <size>0x13a</size>
         <input_file_ref idref="fl-12"/>
      </object_component>
      <object_component id="oc-155">
         <name>.debug_info</name>
         <load_address>0x1060c</load_address>
         <run_address>0x1060c</run_address>
         <size>0x367</size>
         <input_file_ref idref="fl-14"/>
      </object_component>
      <object_component id="oc-159">
         <name>.debug_info</name>
         <load_address>0x10973</load_address>
         <run_address>0x10973</run_address>
         <size>0x66d</size>
         <input_file_ref idref="fl-15"/>
      </object_component>
      <object_component id="oc-cf">
         <name>.debug_info</name>
         <load_address>0x10fe0</load_address>
         <run_address>0x10fe0</run_address>
         <size>0x2e8c</size>
         <input_file_ref idref="fl-15"/>
      </object_component>
      <object_component id="oc-8e">
         <name>.debug_info</name>
         <load_address>0x13e6c</load_address>
         <run_address>0x13e6c</run_address>
         <size>0x685</size>
         <input_file_ref idref="fl-16"/>
      </object_component>
      <object_component id="oc-2c">
         <name>.debug_info</name>
         <load_address>0x144f1</load_address>
         <run_address>0x144f1</run_address>
         <size>0xe6</size>
         <input_file_ref idref="fl-16"/>
      </object_component>
      <object_component id="oc-1d">
         <name>.debug_info</name>
         <load_address>0x145d7</load_address>
         <run_address>0x145d7</run_address>
         <size>0x2e6</size>
         <input_file_ref idref="fl-16"/>
      </object_component>
      <object_component id="oc-8f">
         <name>.debug_info</name>
         <load_address>0x148bd</load_address>
         <run_address>0x148bd</run_address>
         <size>0x5c</size>
         <input_file_ref idref="fl-16"/>
      </object_component>
      <object_component id="oc-9e">
         <name>.debug_info</name>
         <load_address>0x14919</load_address>
         <run_address>0x14919</run_address>
         <size>0x449</size>
         <input_file_ref idref="fl-17"/>
      </object_component>
      <object_component id="oc-2f">
         <name>.debug_info</name>
         <load_address>0x14d62</load_address>
         <run_address>0x14d62</run_address>
         <size>0xe2</size>
         <input_file_ref idref="fl-17"/>
      </object_component>
      <object_component id="oc-44">
         <name>.debug_info</name>
         <load_address>0x14e44</load_address>
         <run_address>0x14e44</run_address>
         <size>0x474</size>
         <input_file_ref idref="fl-17"/>
      </object_component>
      <object_component id="oc-46">
         <name>.debug_info</name>
         <load_address>0x152b8</load_address>
         <run_address>0x152b8</run_address>
         <size>0x1fd</size>
         <input_file_ref idref="fl-17"/>
      </object_component>
      <object_component id="oc-138">
         <name>.debug_info</name>
         <load_address>0x154b5</load_address>
         <run_address>0x154b5</run_address>
         <size>0x4f</size>
         <input_file_ref idref="fl-17"/>
      </object_component>
      <object_component id="oc-db">
         <name>.debug_info</name>
         <load_address>0x15504</load_address>
         <run_address>0x15504</run_address>
         <size>0x51a</size>
         <input_file_ref idref="fl-18"/>
      </object_component>
      <object_component id="oc-71">
         <name>.debug_info</name>
         <load_address>0x15a1e</load_address>
         <run_address>0x15a1e</run_address>
         <size>0x7d7</size>
         <input_file_ref idref="fl-18"/>
      </object_component>
      <object_component id="oc-248">
         <name>.debug_info</name>
         <load_address>0x161f5</load_address>
         <run_address>0x161f5</run_address>
         <size>0x253</size>
         <input_file_ref idref="fl-1f"/>
      </object_component>
      <object_component id="oc-1bf">
         <name>.debug_info</name>
         <load_address>0x16448</load_address>
         <run_address>0x16448</run_address>
         <size>0x24a</size>
         <input_file_ref idref="fl-1f"/>
      </object_component>
      <object_component id="oc-22b">
         <name>.debug_info</name>
         <load_address>0x16692</load_address>
         <run_address>0x16692</run_address>
         <size>0xe55</size>
         <input_file_ref idref="fl-1f"/>
      </object_component>
      <object_component id="oc-2b6">
         <name>.debug_info</name>
         <load_address>0x174e7</load_address>
         <run_address>0x174e7</run_address>
         <size>0x26d5</size>
         <input_file_ref idref="fl-1f"/>
      </object_component>
      <object_component id="oc-2b1">
         <name>.debug_info</name>
         <load_address>0x19bbc</load_address>
         <run_address>0x19bbc</run_address>
         <size>0x1bff</size>
         <input_file_ref idref="fl-1f"/>
      </object_component>
      <object_component id="oc-230">
         <name>.debug_info</name>
         <load_address>0x1b7bb</load_address>
         <run_address>0x1b7bb</run_address>
         <size>0x18b</size>
         <input_file_ref idref="fl-1f"/>
      </object_component>
      <object_component id="oc-240">
         <name>.debug_info</name>
         <load_address>0x1b946</load_address>
         <run_address>0x1b946</run_address>
         <size>0x266</size>
         <input_file_ref idref="fl-20"/>
      </object_component>
      <object_component id="oc-1b9">
         <name>.debug_info</name>
         <load_address>0x1bbac</load_address>
         <run_address>0x1bbac</run_address>
         <size>0x26a</size>
         <input_file_ref idref="fl-20"/>
      </object_component>
      <object_component id="oc-235">
         <name>.debug_info</name>
         <load_address>0x1be16</load_address>
         <run_address>0x1be16</run_address>
         <size>0x2d4</size>
         <input_file_ref idref="fl-21"/>
      </object_component>
      <object_component id="oc-21a">
         <name>.debug_info</name>
         <load_address>0x1c0ea</load_address>
         <run_address>0x1c0ea</run_address>
         <size>0x232</size>
         <input_file_ref idref="fl-21"/>
      </object_component>
      <object_component id="oc-1ae">
         <name>.debug_info</name>
         <load_address>0x1c31c</load_address>
         <run_address>0x1c31c</run_address>
         <size>0x3f8</size>
         <input_file_ref idref="fl-21"/>
      </object_component>
      <object_component id="oc-2c2">
         <name>.debug_info</name>
         <load_address>0x1c714</load_address>
         <run_address>0x1c714</run_address>
         <size>0x218</size>
         <input_file_ref idref="fl-22"/>
      </object_component>
      <object_component id="oc-244">
         <name>.debug_info</name>
         <load_address>0x1c92c</load_address>
         <run_address>0x1c92c</run_address>
         <size>0x1b7</size>
         <input_file_ref idref="fl-22"/>
      </object_component>
      <object_component id="oc-2ac">
         <name>.debug_info</name>
         <load_address>0x1cae3</load_address>
         <run_address>0x1cae3</run_address>
         <size>0x278</size>
         <input_file_ref idref="fl-23"/>
      </object_component>
      <object_component id="oc-222">
         <name>.debug_info</name>
         <load_address>0x1cd5b</load_address>
         <run_address>0x1cd5b</run_address>
         <size>0x1d6</size>
         <input_file_ref idref="fl-23"/>
      </object_component>
      <object_component id="oc-228">
         <name>.debug_info</name>
         <load_address>0x1cf31</load_address>
         <run_address>0x1cf31</run_address>
         <size>0x1ce</size>
         <input_file_ref idref="fl-23"/>
      </object_component>
      <object_component id="oc-238">
         <name>.debug_info</name>
         <load_address>0x1d0ff</load_address>
         <run_address>0x1d0ff</run_address>
         <size>0x27c</size>
         <input_file_ref idref="fl-24"/>
      </object_component>
      <object_component id="oc-1b3">
         <name>.debug_info</name>
         <load_address>0x1d37b</load_address>
         <run_address>0x1d37b</run_address>
         <size>0x328</size>
         <input_file_ref idref="fl-24"/>
      </object_component>
      <object_component id="oc-250">
         <name>.debug_info</name>
         <load_address>0x1d6a3</load_address>
         <run_address>0x1d6a3</run_address>
         <size>0x296</size>
         <input_file_ref idref="fl-25"/>
      </object_component>
      <object_component id="oc-1c5">
         <name>.debug_info</name>
         <load_address>0x1d939</load_address>
         <run_address>0x1d939</run_address>
         <size>0x61b</size>
         <input_file_ref idref="fl-25"/>
      </object_component>
      <object_component id="oc-251">
         <name>.debug_info</name>
         <load_address>0x1df54</load_address>
         <run_address>0x1df54</run_address>
         <size>0x72</size>
         <input_file_ref idref="fl-25"/>
      </object_component>
      <object_component id="oc-269">
         <name>.debug_info</name>
         <load_address>0x1dfc6</load_address>
         <run_address>0x1dfc6</run_address>
         <size>0x2cd</size>
         <input_file_ref idref="fl-26"/>
      </object_component>
      <object_component id="oc-1cb">
         <name>.debug_info</name>
         <load_address>0x1e293</load_address>
         <run_address>0x1e293</run_address>
         <size>0x2fb</size>
         <input_file_ref idref="fl-26"/>
      </object_component>
      <object_component id="oc-2d8">
         <name>.debug_info</name>
         <load_address>0x1e58e</load_address>
         <run_address>0x1e58e</run_address>
         <size>0x243</size>
         <input_file_ref idref="fl-27"/>
      </object_component>
      <object_component id="oc-25f">
         <name>.debug_info</name>
         <load_address>0x1e7d1</load_address>
         <run_address>0x1e7d1</run_address>
         <size>0x1a1</size>
         <input_file_ref idref="fl-27"/>
      </object_component>
      <object_component id="oc-2c6">
         <name>.debug_info</name>
         <load_address>0x1e972</load_address>
         <run_address>0x1e972</run_address>
         <size>0x212</size>
         <input_file_ref idref="fl-28"/>
      </object_component>
      <object_component id="oc-24d">
         <name>.debug_info</name>
         <load_address>0x1eb84</load_address>
         <run_address>0x1eb84</run_address>
         <size>0x1c9</size>
         <input_file_ref idref="fl-28"/>
      </object_component>
      <object_component id="oc-2a8">
         <name>.debug_info</name>
         <load_address>0x1ed4d</load_address>
         <run_address>0x1ed4d</run_address>
         <size>0x212</size>
         <input_file_ref idref="fl-29"/>
      </object_component>
      <object_component id="oc-216">
         <name>.debug_info</name>
         <load_address>0x1ef5f</load_address>
         <run_address>0x1ef5f</run_address>
         <size>0x223</size>
         <input_file_ref idref="fl-29"/>
      </object_component>
      <object_component id="oc-2be">
         <name>.debug_info</name>
         <load_address>0x1f182</load_address>
         <run_address>0x1f182</run_address>
         <size>0x213</size>
         <input_file_ref idref="fl-2a"/>
      </object_component>
      <object_component id="oc-23a">
         <name>.debug_info</name>
         <load_address>0x1f395</load_address>
         <run_address>0x1f395</run_address>
         <size>0x1b0</size>
         <input_file_ref idref="fl-2a"/>
      </object_component>
      <object_component id="oc-2d0">
         <name>.debug_info</name>
         <load_address>0x1f545</load_address>
         <run_address>0x1f545</run_address>
         <size>0x281</size>
         <input_file_ref idref="fl-2b"/>
      </object_component>
      <object_component id="oc-264">
         <name>.debug_info</name>
         <load_address>0x1f7c6</load_address>
         <run_address>0x1f7c6</run_address>
         <size>0x1a8</size>
         <input_file_ref idref="fl-2b"/>
      </object_component>
      <object_component id="oc-258">
         <name>.debug_info</name>
         <load_address>0x1f96e</load_address>
         <run_address>0x1f96e</run_address>
         <size>0x22f</size>
         <input_file_ref idref="fl-2b"/>
      </object_component>
      <object_component id="oc-2f0">
         <name>.debug_info</name>
         <load_address>0x1fb9d</load_address>
         <run_address>0x1fb9d</run_address>
         <size>0x236</size>
         <input_file_ref idref="fl-2c"/>
      </object_component>
      <object_component id="oc-2ca">
         <name>.debug_info</name>
         <load_address>0x1fdd3</load_address>
         <run_address>0x1fdd3</run_address>
         <size>0x185</size>
         <input_file_ref idref="fl-2c"/>
      </object_component>
      <object_component id="oc-2f7">
         <name>.debug_info</name>
         <load_address>0x1ff58</load_address>
         <run_address>0x1ff58</run_address>
         <size>0x20a</size>
         <input_file_ref idref="fl-2d"/>
      </object_component>
      <object_component id="oc-2ea">
         <name>.debug_info</name>
         <load_address>0x20162</load_address>
         <run_address>0x20162</run_address>
         <size>0x1d2</size>
         <input_file_ref idref="fl-2d"/>
      </object_component>
      <object_component id="oc-dd">
         <name>.debug_info</name>
         <load_address>0x20334</load_address>
         <run_address>0x20334</run_address>
         <size>0x33d</size>
         <input_file_ref idref="fl-2f"/>
      </object_component>
      <object_component id="oc-77">
         <name>.debug_info</name>
         <load_address>0x20671</load_address>
         <run_address>0x20671</run_address>
         <size>0x183</size>
         <input_file_ref idref="fl-2f"/>
      </object_component>
      <object_component id="oc-197">
         <name>.debug_info</name>
         <load_address>0x207f4</load_address>
         <run_address>0x207f4</run_address>
         <size>0x2c</size>
         <input_file_ref idref="fl-2f"/>
      </object_component>
      <object_component id="oc-2a2">
         <name>.debug_info</name>
         <load_address>0x20820</load_address>
         <run_address>0x20820</run_address>
         <size>0x39</size>
         <input_file_ref idref="fl-2f"/>
      </object_component>
      <object_component id="oc-204">
         <name>.debug_info</name>
         <load_address>0x20859</load_address>
         <run_address>0x20859</run_address>
         <size>0x39</size>
         <input_file_ref idref="fl-2f"/>
      </object_component>
      <object_component id="oc-19c">
         <name>.debug_info</name>
         <load_address>0x20892</load_address>
         <run_address>0x20892</run_address>
         <size>0xcd</size>
         <input_file_ref idref="fl-2f"/>
      </object_component>
      <object_component id="oc-5e">
         <name>.debug_info</name>
         <load_address>0x2095f</load_address>
         <run_address>0x2095f</run_address>
         <size>0x298</size>
         <input_file_ref idref="fl-31"/>
      </object_component>
      <object_component id="oc-16">
         <name>.debug_info</name>
         <load_address>0x20bf7</load_address>
         <run_address>0x20bf7</run_address>
         <size>0x1ca</size>
         <input_file_ref idref="fl-31"/>
      </object_component>
      <object_component id="oc-59">
         <name>.debug_info</name>
         <load_address>0x20dc1</load_address>
         <run_address>0x20dc1</run_address>
         <size>0x46</size>
         <input_file_ref idref="fl-31"/>
      </object_component>
      <object_component id="oc-b9">
         <name>.debug_info</name>
         <load_address>0x20e07</load_address>
         <run_address>0x20e07</run_address>
         <size>0x2c</size>
         <input_file_ref idref="fl-31"/>
      </object_component>
      <object_component id="oc-b7">
         <name>.debug_info</name>
         <load_address>0x20e33</load_address>
         <run_address>0x20e33</run_address>
         <size>0x293</size>
         <input_file_ref idref="fl-32"/>
      </object_component>
      <object_component id="oc-10">
         <name>.debug_info</name>
         <load_address>0x210c6</load_address>
         <run_address>0x210c6</run_address>
         <size>0x245</size>
         <input_file_ref idref="fl-32"/>
      </object_component>
      <object_component id="oc-49">
         <name>.debug_info</name>
         <load_address>0x2130b</load_address>
         <run_address>0x2130b</run_address>
         <size>0x60</size>
         <input_file_ref idref="fl-32"/>
      </object_component>
      <object_component id="oc-13e">
         <name>.debug_info</name>
         <load_address>0x2136b</load_address>
         <run_address>0x2136b</run_address>
         <size>0x46</size>
         <input_file_ref idref="fl-32"/>
      </object_component>
      <object_component id="oc-b2">
         <name>.debug_info</name>
         <load_address>0x213b1</load_address>
         <run_address>0x213b1</run_address>
         <size>0x39</size>
         <input_file_ref idref="fl-32"/>
      </object_component>
      <object_component id="oc-103">
         <name>.debug_info</name>
         <load_address>0x213ea</load_address>
         <run_address>0x213ea</run_address>
         <size>0x117</size>
         <input_file_ref idref="fl-33"/>
      </object_component>
      <object_component id="oc-54">
         <name>.debug_info</name>
         <load_address>0x21501</load_address>
         <run_address>0x21501</run_address>
         <size>0x111</size>
         <input_file_ref idref="fl-36"/>
      </object_component>
      <object_component id="oc-322">
         <name>.debug_info</name>
         <load_address>0x21612</load_address>
         <run_address>0x21612</run_address>
         <size>0x1a0</size>
      </object_component>
      <object_component id="oc-28c">
         <name>.debug_line</name>
         <load_address>0x0</load_address>
         <run_address>0x0</run_address>
         <size>0x20</size>
         <input_file_ref idref="fl-2"/>
      </object_component>
      <object_component id="oc-2d6">
         <name>.debug_line</name>
         <load_address>0x20</load_address>
         <run_address>0x20</run_address>
         <size>0x60</size>
         <input_file_ref idref="fl-2"/>
      </object_component>
      <object_component id="oc-271">
         <name>.debug_line</name>
         <load_address>0x80</load_address>
         <run_address>0x80</run_address>
         <size>0x37</size>
         <input_file_ref idref="fl-2"/>
      </object_component>
      <object_component id="oc-116">
         <name>.debug_line</name>
         <load_address>0xb7</load_address>
         <run_address>0xb7</run_address>
         <size>0x69</size>
         <input_file_ref idref="fl-2"/>
      </object_component>
      <object_component id="oc-27b">
         <name>.debug_line</name>
         <load_address>0x120</load_address>
         <run_address>0x120</run_address>
         <size>0x42</size>
         <input_file_ref idref="fl-2"/>
      </object_component>
      <object_component id="oc-51">
         <name>.debug_line</name>
         <load_address>0x162</load_address>
         <run_address>0x162</run_address>
         <size>0x20</size>
         <input_file_ref idref="fl-2"/>
      </object_component>
      <object_component id="oc-10f">
         <name>.debug_line</name>
         <load_address>0x182</load_address>
         <run_address>0x182</run_address>
         <size>0x6d</size>
         <input_file_ref idref="fl-2"/>
      </object_component>
      <object_component id="oc-8c">
         <name>.debug_line</name>
         <load_address>0x1ef</load_address>
         <run_address>0x1ef</run_address>
         <size>0x6a</size>
         <input_file_ref idref="fl-2"/>
      </object_component>
      <object_component id="oc-26d">
         <name>.debug_line</name>
         <load_address>0x259</load_address>
         <run_address>0x259</run_address>
         <size>0x3f</size>
         <input_file_ref idref="fl-3"/>
      </object_component>
      <object_component id="oc-26b">
         <name>.debug_line</name>
         <load_address>0x298</load_address>
         <run_address>0x298</run_address>
         <size>0x3f</size>
         <input_file_ref idref="fl-3"/>
      </object_component>
      <object_component id="oc-ec">
         <name>.debug_line</name>
         <load_address>0x2d7</load_address>
         <run_address>0x2d7</run_address>
         <size>0x268</size>
         <input_file_ref idref="fl-3"/>
      </object_component>
      <object_component id="oc-98">
         <name>.debug_line</name>
         <load_address>0x53f</load_address>
         <run_address>0x53f</run_address>
         <size>0x6d</size>
         <input_file_ref idref="fl-3"/>
      </object_component>
      <object_component id="oc-276">
         <name>.debug_line</name>
         <load_address>0x5ac</load_address>
         <run_address>0x5ac</run_address>
         <size>0x3f</size>
         <input_file_ref idref="fl-3"/>
      </object_component>
      <object_component id="oc-aa">
         <name>.debug_line</name>
         <load_address>0x5eb</load_address>
         <run_address>0x5eb</run_address>
         <size>0x20</size>
         <input_file_ref idref="fl-3"/>
      </object_component>
      <object_component id="oc-af">
         <name>.debug_line</name>
         <load_address>0x60b</load_address>
         <run_address>0x60b</run_address>
         <size>0x6b</size>
         <input_file_ref idref="fl-3"/>
      </object_component>
      <object_component id="oc-80">
         <name>.debug_line</name>
         <load_address>0x676</load_address>
         <run_address>0x676</run_address>
         <size>0x52</size>
         <input_file_ref idref="fl-4"/>
      </object_component>
      <object_component id="oc-1ed">
         <name>.debug_line</name>
         <load_address>0x6c8</load_address>
         <run_address>0x6c8</run_address>
         <size>0x20</size>
         <input_file_ref idref="fl-5"/>
      </object_component>
      <object_component id="oc-211">
         <name>.debug_line</name>
         <load_address>0x6e8</load_address>
         <run_address>0x6e8</run_address>
         <size>0x33</size>
         <input_file_ref idref="fl-5"/>
      </object_component>
      <object_component id="oc-e9">
         <name>.debug_line</name>
         <load_address>0x71b</load_address>
         <run_address>0x71b</run_address>
         <size>0x3ec</size>
         <input_file_ref idref="fl-5"/>
      </object_component>
      <object_component id="oc-a5">
         <name>.debug_line</name>
         <load_address>0xb07</load_address>
         <run_address>0xb07</run_address>
         <size>0x68</size>
         <input_file_ref idref="fl-5"/>
      </object_component>
      <object_component id="oc-170">
         <name>.debug_line</name>
         <load_address>0xb6f</load_address>
         <run_address>0xb6f</run_address>
         <size>0x68</size>
         <input_file_ref idref="fl-5"/>
      </object_component>
      <object_component id="oc-1aa">
         <name>.debug_line</name>
         <load_address>0xbd7</load_address>
         <run_address>0xbd7</run_address>
         <size>0x64</size>
         <input_file_ref idref="fl-5"/>
      </object_component>
      <object_component id="oc-12f">
         <name>.debug_line</name>
         <load_address>0xc3b</load_address>
         <run_address>0xc3b</run_address>
         <size>0x68</size>
         <input_file_ref idref="fl-5"/>
      </object_component>
      <object_component id="oc-295">
         <name>.debug_line</name>
         <load_address>0xca3</load_address>
         <run_address>0xca3</run_address>
         <size>0x64</size>
         <input_file_ref idref="fl-8"/>
      </object_component>
      <object_component id="oc-29">
         <name>.debug_line</name>
         <load_address>0xd07</load_address>
         <run_address>0xd07</run_address>
         <size>0x6e</size>
         <input_file_ref idref="fl-8"/>
      </object_component>
      <object_component id="oc-136">
         <name>.debug_line</name>
         <load_address>0xd75</load_address>
         <run_address>0xd75</run_address>
         <size>0x68</size>
         <input_file_ref idref="fl-8"/>
      </object_component>
      <object_component id="oc-299">
         <name>.debug_line</name>
         <load_address>0xddd</load_address>
         <run_address>0xddd</run_address>
         <size>0x64</size>
         <input_file_ref idref="fl-8"/>
      </object_component>
      <object_component id="oc-20a">
         <name>.debug_line</name>
         <load_address>0xe41</load_address>
         <run_address>0xe41</run_address>
         <size>0x20</size>
         <input_file_ref idref="fl-9"/>
      </object_component>
      <object_component id="oc-e4">
         <name>.debug_line</name>
         <load_address>0xe61</load_address>
         <run_address>0xe61</run_address>
         <size>0x196</size>
         <input_file_ref idref="fl-9"/>
      </object_component>
      <object_component id="oc-120">
         <name>.debug_line</name>
         <load_address>0xff7</load_address>
         <run_address>0xff7</run_address>
         <size>0x68</size>
         <input_file_ref idref="fl-9"/>
      </object_component>
      <object_component id="oc-20e">
         <name>.debug_line</name>
         <load_address>0x105f</load_address>
         <run_address>0x105f</run_address>
         <size>0x64</size>
         <input_file_ref idref="fl-9"/>
      </object_component>
      <object_component id="oc-28e">
         <name>.debug_line</name>
         <load_address>0x10c3</load_address>
         <run_address>0x10c3</run_address>
         <size>0x20</size>
         <input_file_ref idref="fl-a"/>
      </object_component>
      <object_component id="oc-152">
         <name>.debug_line</name>
         <load_address>0x10e3</load_address>
         <run_address>0x10e3</run_address>
         <size>0xfe</size>
         <input_file_ref idref="fl-a"/>
      </object_component>
      <object_component id="oc-161">
         <name>.debug_line</name>
         <load_address>0x11e1</load_address>
         <run_address>0x11e1</run_address>
         <size>0x68</size>
         <input_file_ref idref="fl-a"/>
      </object_component>
      <object_component id="oc-166">
         <name>.debug_line</name>
         <load_address>0x1249</load_address>
         <run_address>0x1249</run_address>
         <size>0x6b</size>
         <input_file_ref idref="fl-a"/>
      </object_component>
      <object_component id="oc-16b">
         <name>.debug_line</name>
         <load_address>0x12b4</load_address>
         <run_address>0x12b4</run_address>
         <size>0x68</size>
         <input_file_ref idref="fl-a"/>
      </object_component>
      <object_component id="oc-292">
         <name>.debug_line</name>
         <load_address>0x131c</load_address>
         <run_address>0x131c</run_address>
         <size>0x68</size>
         <input_file_ref idref="fl-a"/>
      </object_component>
      <object_component id="oc-1f2">
         <name>.debug_line</name>
         <load_address>0x1384</load_address>
         <run_address>0x1384</run_address>
         <size>0x68</size>
         <input_file_ref idref="fl-a"/>
      </object_component>
      <object_component id="oc-1fa">
         <name>.debug_line</name>
         <load_address>0x13ec</load_address>
         <run_address>0x13ec</run_address>
         <size>0x6d</size>
         <input_file_ref idref="fl-a"/>
      </object_component>
      <object_component id="oc-175">
         <name>.debug_line</name>
         <load_address>0x1459</load_address>
         <run_address>0x1459</run_address>
         <size>0x68</size>
         <input_file_ref idref="fl-a"/>
      </object_component>
      <object_component id="oc-11b">
         <name>.debug_line</name>
         <load_address>0x14c1</load_address>
         <run_address>0x14c1</run_address>
         <size>0x6a</size>
         <input_file_ref idref="fl-a"/>
      </object_component>
      <object_component id="oc-18e">
         <name>.debug_line</name>
         <load_address>0x152b</load_address>
         <run_address>0x152b</run_address>
         <size>0x67</size>
         <input_file_ref idref="fl-a"/>
      </object_component>
      <object_component id="oc-17a">
         <name>.debug_line</name>
         <load_address>0x1592</load_address>
         <run_address>0x1592</run_address>
         <size>0x68</size>
         <input_file_ref idref="fl-a"/>
      </object_component>
      <object_component id="oc-184">
         <name>.debug_line</name>
         <load_address>0x15fa</load_address>
         <run_address>0x15fa</run_address>
         <size>0x6a</size>
         <input_file_ref idref="fl-a"/>
      </object_component>
      <object_component id="oc-193">
         <name>.debug_line</name>
         <load_address>0x1664</load_address>
         <run_address>0x1664</run_address>
         <size>0x68</size>
         <input_file_ref idref="fl-a"/>
      </object_component>
      <object_component id="oc-125">
         <name>.debug_line</name>
         <load_address>0x16cc</load_address>
         <run_address>0x16cc</run_address>
         <size>0x6b</size>
         <input_file_ref idref="fl-a"/>
      </object_component>
      <object_component id="oc-12a">
         <name>.debug_line</name>
         <load_address>0x1737</load_address>
         <run_address>0x1737</run_address>
         <size>0x6a</size>
         <input_file_ref idref="fl-a"/>
      </object_component>
      <object_component id="oc-1fd">
         <name>.debug_line</name>
         <load_address>0x17a1</load_address>
         <run_address>0x17a1</run_address>
         <size>0x20</size>
         <input_file_ref idref="fl-b"/>
      </object_component>
      <object_component id="oc-d9">
         <name>.debug_line</name>
         <load_address>0x17c1</load_address>
         <run_address>0x17c1</run_address>
         <size>0xd7</size>
         <input_file_ref idref="fl-b"/>
      </object_component>
      <object_component id="oc-17f">
         <name>.debug_line</name>
         <load_address>0x1898</load_address>
         <run_address>0x1898</run_address>
         <size>0x6b</size>
         <input_file_ref idref="fl-b"/>
      </object_component>
      <object_component id="oc-201">
         <name>.debug_line</name>
         <load_address>0x1903</load_address>
         <run_address>0x1903</run_address>
         <size>0x67</size>
         <input_file_ref idref="fl-b"/>
      </object_component>
      <object_component id="oc-6d">
         <name>.debug_line</name>
         <load_address>0x196a</load_address>
         <run_address>0x196a</run_address>
         <size>0x2e4</size>
         <input_file_ref idref="fl-c"/>
      </object_component>
      <object_component id="oc-35">
         <name>.debug_line</name>
         <load_address>0x1c4e</load_address>
         <run_address>0x1c4e</run_address>
         <size>0x4f</size>
         <input_file_ref idref="fl-e"/>
      </object_component>
      <object_component id="oc-1de">
         <name>.debug_line</name>
         <load_address>0x1c9d</load_address>
         <run_address>0x1c9d</run_address>
         <size>0x10a</size>
         <input_file_ref idref="fl-f"/>
      </object_component>
      <object_component id="oc-1dc">
         <name>.debug_line</name>
         <load_address>0x1da7</load_address>
         <run_address>0x1da7</run_address>
         <size>0x37</size>
         <input_file_ref idref="fl-f"/>
      </object_component>
      <object_component id="oc-1d8">
         <name>.debug_line</name>
         <load_address>0x1dde</load_address>
         <run_address>0x1dde</run_address>
         <size>0x38</size>
         <input_file_ref idref="fl-f"/>
      </object_component>
      <object_component id="oc-1da">
         <name>.debug_line</name>
         <load_address>0x1e16</load_address>
         <run_address>0x1e16</run_address>
         <size>0x38</size>
         <input_file_ref idref="fl-f"/>
      </object_component>
      <object_component id="oc-1d6">
         <name>.debug_line</name>
         <load_address>0x1e4e</load_address>
         <run_address>0x1e4e</run_address>
         <size>0x38</size>
         <input_file_ref idref="fl-f"/>
      </object_component>
      <object_component id="oc-85">
         <name>.debug_line</name>
         <load_address>0x1e86</load_address>
         <run_address>0x1e86</run_address>
         <size>0xef</size>
         <input_file_ref idref="fl-f"/>
      </object_component>
      <object_component id="oc-29c">
         <name>.debug_line</name>
         <load_address>0x1f75</load_address>
         <run_address>0x1f75</run_address>
         <size>0x20</size>
         <input_file_ref idref="fl-11"/>
      </object_component>
      <object_component id="oc-2a0">
         <name>.debug_line</name>
         <load_address>0x1f95</load_address>
         <run_address>0x1f95</run_address>
         <size>0x68</size>
         <input_file_ref idref="fl-11"/>
      </object_component>
      <object_component id="oc-189">
         <name>.debug_line</name>
         <load_address>0x1ffd</load_address>
         <run_address>0x1ffd</run_address>
         <size>0x68</size>
         <input_file_ref idref="fl-11"/>
      </object_component>
      <object_component id="oc-3a">
         <name>.debug_line</name>
         <load_address>0x2065</load_address>
         <run_address>0x2065</run_address>
         <size>0x4b</size>
         <input_file_ref idref="fl-12"/>
      </object_component>
      <object_component id="oc-157">
         <name>.debug_line</name>
         <load_address>0x20b0</load_address>
         <run_address>0x20b0</run_address>
         <size>0x125</size>
         <input_file_ref idref="fl-14"/>
      </object_component>
      <object_component id="oc-1f6">
         <name>.debug_line</name>
         <load_address>0x21d5</load_address>
         <run_address>0x21d5</run_address>
         <size>0xfe</size>
         <input_file_ref idref="fl-15"/>
      </object_component>
      <object_component id="oc-d2">
         <name>.debug_line</name>
         <load_address>0x22d3</load_address>
         <run_address>0x22d3</run_address>
         <size>0xd30</size>
         <input_file_ref idref="fl-15"/>
      </object_component>
      <object_component id="oc-112">
         <name>.debug_line</name>
         <load_address>0x3003</load_address>
         <run_address>0x3003</run_address>
         <size>0x160</size>
         <input_file_ref idref="fl-16"/>
      </object_component>
      <object_component id="oc-9b">
         <name>.debug_line</name>
         <load_address>0x3163</load_address>
         <run_address>0x3163</run_address>
         <size>0x3b</size>
         <input_file_ref idref="fl-16"/>
      </object_component>
      <object_component id="oc-20">
         <name>.debug_line</name>
         <load_address>0x319e</load_address>
         <run_address>0x319e</run_address>
         <size>0xd4</size>
         <input_file_ref idref="fl-16"/>
      </object_component>
      <object_component id="oc-92">
         <name>.debug_line</name>
         <load_address>0x3272</load_address>
         <run_address>0x3272</run_address>
         <size>0x3b</size>
         <input_file_ref idref="fl-16"/>
      </object_component>
      <object_component id="oc-132">
         <name>.debug_line</name>
         <load_address>0x32ad</load_address>
         <run_address>0x32ad</run_address>
         <size>0xac</size>
         <input_file_ref idref="fl-17"/>
      </object_component>
      <object_component id="oc-9d">
         <name>.debug_line</name>
         <load_address>0x3359</load_address>
         <run_address>0x3359</run_address>
         <size>0x37</size>
         <input_file_ref idref="fl-17"/>
      </object_component>
      <object_component id="oc-42">
         <name>.debug_line</name>
         <load_address>0x3390</load_address>
         <run_address>0x3390</run_address>
         <size>0x1c5</size>
         <input_file_ref idref="fl-17"/>
      </object_component>
      <object_component id="oc-3e">
         <name>.debug_line</name>
         <load_address>0x3555</load_address>
         <run_address>0x3555</run_address>
         <size>0xb2</size>
         <input_file_ref idref="fl-17"/>
      </object_component>
      <object_component id="oc-13b">
         <name>.debug_line</name>
         <load_address>0x3607</load_address>
         <run_address>0x3607</run_address>
         <size>0x37</size>
         <input_file_ref idref="fl-17"/>
      </object_component>
      <object_component id="oc-15d">
         <name>.debug_line</name>
         <load_address>0x363e</load_address>
         <run_address>0x363e</run_address>
         <size>0xfd</size>
         <input_file_ref idref="fl-18"/>
      </object_component>
      <object_component id="oc-74">
         <name>.debug_line</name>
         <load_address>0x373b</load_address>
         <run_address>0x373b</run_address>
         <size>0x253</size>
         <input_file_ref idref="fl-18"/>
      </object_component>
      <object_component id="oc-2c4">
         <name>.debug_line</name>
         <load_address>0x398e</load_address>
         <run_address>0x398e</run_address>
         <size>0x47</size>
         <input_file_ref idref="fl-1f"/>
      </object_component>
      <object_component id="oc-1c3">
         <name>.debug_line</name>
         <load_address>0x39d5</load_address>
         <run_address>0x39d5</run_address>
         <size>0x5e</size>
         <input_file_ref idref="fl-1f"/>
      </object_component>
      <object_component id="oc-22e">
         <name>.debug_line</name>
         <load_address>0x3a33</load_address>
         <run_address>0x3a33</run_address>
         <size>0x3f</size>
         <input_file_ref idref="fl-1f"/>
      </object_component>
      <object_component id="oc-2b9">
         <name>.debug_line</name>
         <load_address>0x3a72</load_address>
         <run_address>0x3a72</run_address>
         <size>0x4a</size>
         <input_file_ref idref="fl-1f"/>
      </object_component>
      <object_component id="oc-2b4">
         <name>.debug_line</name>
         <load_address>0x3abc</load_address>
         <run_address>0x3abc</run_address>
         <size>0x4f</size>
         <input_file_ref idref="fl-1f"/>
      </object_component>
      <object_component id="oc-233">
         <name>.debug_line</name>
         <load_address>0x3b0b</load_address>
         <run_address>0x3b0b</run_address>
         <size>0x59</size>
         <input_file_ref idref="fl-1f"/>
      </object_component>
      <object_component id="oc-2c0">
         <name>.debug_line</name>
         <load_address>0x3b64</load_address>
         <run_address>0x3b64</run_address>
         <size>0x47</size>
         <input_file_ref idref="fl-20"/>
      </object_component>
      <object_component id="oc-1bd">
         <name>.debug_line</name>
         <load_address>0x3bab</load_address>
[...]
         <name>_coreGetInstructionFault_</name>
         <value>0x71e0</value>
         <object_component_ref idref="oc-6b"/>
      </symbol>
      <symbol id="sm-2c6">
         <name>_coreEnableVfp_</name>
         <value>0x7140</value>
         <object_component_ref idref="oc-6b"/>
      </symbol>
      <symbol id="sm-2c7">
         <name>_coreClearAuxiliaryDataFault_</name>
         <value>0x7224</value>
         <object_component_ref idref="oc-6b"/>
      </symbol>
      <symbol id="sm-2c8">
         <name>_coreEnableEventBusExport_</name>
         <value>0x7158</value>
         <object_component_ref idref="oc-6b"/>
      </symbol>
      <symbol id="sm-30d">
         <name>read_id</name>
         <value>0x80098c0</value>
         <object_component_ref idref="oc-f1"/>
      </symbol>
      <symbol id="sm-30e">
         <name>g_pulDataBuffer</name>
         <value>0x8002000</value>
         <object_component_ref idref="oc-fa"/>
      </symbol>
      <symbol id="sm-30f">
         <name>r</name>
         <value>0x80098b0</value>
         <object_component_ref idref="oc-f7"/>
      </symbol>
      <symbol id="sm-310">
         <name>esmGroup2Notification</name>
         <value>0x7a74</value>
         <object_component_ref idref="oc-81"/>
      </symbol>
      <symbol id="sm-311">
         <name>main</name>
         <value>0x78c0</value>
         <object_component_ref idref="oc-81"/>
      </symbol>
      <symbol id="sm-312">
         <name>esmGroup1Notification</name>
         <value>0x7a64</value>
         <object_component_ref idref="oc-81"/>
      </symbol>
      <symbol id="sm-313">
         <name>tx_data</name>
         <value>0x80098b8</value>
         <object_component_ref idref="oc-f4"/>
      </symbol>
      <symbol id="sm-314">
         <name>gioNotification</name>
         <value>0x7a50</value>
         <object_component_ref idref="oc-81"/>
      </symbol>
      <symbol id="sm-32d">
         <name>phantomInterrupt</name>
         <value>0x7eec</value>
         <object_component_ref idref="oc-36"/>
      </symbol>
      <symbol id="sm-337">
         <name>_pmuResetCounters_</name>
         <value>0x7c44</value>
         <object_component_ref idref="oc-153"/>
      </symbol>
      <symbol id="sm-338">
         <name>_pmuGetEventCount_</name>
         <value>0x7c78</value>
         <object_component_ref idref="oc-153"/>
      </symbol>
      <symbol id="sm-339">
         <name>_pmuResetEventCounters_</name>
         <value>0x7c34</value>
         <object_component_ref idref="oc-153"/>
      </symbol>
      <symbol id="sm-33a">
         <name>_pmuStopCounters_</name>
         <value>0x7c5c</value>
         <object_component_ref idref="oc-153"/>
      </symbol>
      <symbol id="sm-33b">
         <name>_pmuInit_</name>
         <value>0x7bb8</value>
         <object_component_ref idref="oc-153"/>
      </symbol>
      <symbol id="sm-33c">
         <name>_pmuGetOverflow_</name>
         <value>0x7c84</value>
         <object_component_ref idref="oc-153"/>
      </symbol>
      <symbol id="sm-33d">
         <name>_pmuResetCycleCounter_</name>
         <value>0x7c24</value>
         <object_component_ref idref="oc-153"/>
      </symbol>
      <symbol id="sm-33e">
         <name>_pmuSetCountEvent_</name>
         <value>0x7c64</value>
         <object_component_ref idref="oc-153"/>
      </symbol>
      <symbol id="sm-33f">
         <name>_pmuGetCycleCount_</name>
         <value>0x7c70</value>
         <object_component_ref idref="oc-153"/>
      </symbol>
      <symbol id="sm-340">
         <name>_pmuEnableCountersGlobal_</name>
         <value>0x7c04</value>
         <object_component_ref idref="oc-153"/>
      </symbol>
      <symbol id="sm-341">
         <name>_pmuDisableCountersGlobal_</name>
         <value>0x7c14</value>
         <object_component_ref idref="oc-153"/>
      </symbol>
      <symbol id="sm-342">
         <name>_pmuStartCounters_</name>
         <value>0x7c54</value>
         <object_component_ref idref="oc-153"/>
      </symbol>
      <symbol id="sm-502">
         <name>pbistSelfCheck</name>
         <value>0x17ac</value>
         <object_component_ref idref="oc-ce"/>
      </symbol>
      <symbol id="sm-503">
         <name>fmcBus1ParityCheck</name>
         <value>0x37a4</value>
         <object_component_ref idref="oc-ce"/>
      </symbol>
      <symbol id="sm-504">
         <name>can1ParityCheck</name>
         <value>0x28f0</value>
         <object_component_ref idref="oc-ce"/>
      </symbol>
      <symbol id="sm-505">
         <name>enableParity</name>
         <value>0x3fb0</value>
         <object_component_ref idref="oc-ce"/>
      </symbol>
      <symbol id="sm-506">
         <name>dmaParityCheck</name>
         <value>0x238c</value>
         <object_component_ref idref="oc-ce"/>
      </symbol>
      <symbol id="sm-507">
         <name>custom_dabort</name>
         <value>0x22d4</value>
         <object_component_ref idref="oc-ce"/>
      </symbol>
      <symbol id="sm-508">
         <name>memoryInit</name>
         <value>0x1654</value>
         <object_component_ref idref="oc-ce"/>
      </symbol>
      <symbol id="sm-509">
         <name>stcSelfCheck</name>
         <value>0x1698</value>
         <object_component_ref idref="oc-ce"/>
      </symbol>
      <symbol id="sm-50a">
         <name>efcGetConfigValue</name>
         <value>0x3b40</value>
         <object_component_ref idref="oc-ce"/>
      </symbol>
      <symbol id="sm-50b">
         <name>can2ParityCheck</name>
         <value>0x29c8</value>
         <object_component_ref idref="oc-ce"/>
      </symbol>
      <symbol id="sm-50c">
         <name>het1ParityCheck</name>
         <value>0x2438</value>
         <object_component_ref idref="oc-ce"/>
      </symbol>
      <symbol id="sm-50d">
         <name>adc1ParityCheck</name>
         <value>0x274c</value>
         <object_component_ref idref="oc-ce"/>
      </symbol>
      <symbol id="sm-50e">
         <name>checkefcSelfTest</name>
         <value>0x1c9c</value>
         <object_component_ref idref="oc-ce"/>
      </symbol>
      <symbol id="sm-50f">
         <name>checkRAMECC</name>
         <value>0x2eb0</value>
         <object_component_ref idref="oc-ce"/>
      </symbol>
      <symbol id="sm-510">
         <name>stcSelfCheckFail</name>
         <value>0x22d8</value>
         <object_component_ref idref="oc-ce"/>
      </symbol>
      <symbol id="sm-511">
         <name>ccmSelfCheck</name>
         <value>0x1510</value>
         <object_component_ref idref="oc-ce"/>
      </symbol>
      <symbol id="sm-512">
         <name>efcCheck</name>
         <value>0x1b40</value>
         <object_component_ref idref="oc-ce"/>
      </symbol>
      <symbol id="sm-513">
         <name>het2ParityCheck</name>
         <value>0x25a0</value>
         <object_component_ref idref="oc-ce"/>
      </symbol>
      <symbol id="sm-514">
         <name>adc2ParityCheck</name>
         <value>0x2838</value>
         <object_component_ref idref="oc-ce"/>
      </symbol>
      <symbol id="sm-515">
         <name>cpuSelfTest</name>
         <value>0x1714</value>
         <object_component_ref idref="oc-ce"/>
      </symbol>
      <symbol id="sm-516">
         <name>htu1ParityCheck</name>
         <value>0x24e4</value>
         <object_component_ref idref="oc-ce"/>
      </symbol>
      <symbol id="sm-517">
         <name>checkFlashECC</name>
         <value>0x21f8</value>
         <object_component_ref idref="oc-ce"/>
      </symbol>
      <symbol id="sm-518">
         <name>cpuSelfTestFail</name>
         <value>0x22dc</value>
         <object_component_ref idref="oc-ce"/>
      </symbol>
      <symbol id="sm-519">
         <name>checkPLL1Slip</name>
         <value>0x336c</value>
         <object_component_ref idref="oc-ce"/>
      </symbol>
      <symbol id="sm-51a">
         <name>mibspi1ParityCheck</name>
         <value>0x2b64</value>
         <object_component_ref idref="oc-ce"/>
      </symbol>
      <symbol id="sm-51b">
         <name>ccmr4GetConfigValue</name>
         <value>0x3bdc</value>
         <object_component_ref idref="oc-ce"/>
      </symbol>
      <symbol id="sm-51c">
         <name>htu2ParityCheck</name>
         <value>0x269c</value>
         <object_component_ref idref="oc-ce"/>
      </symbol>
      <symbol id="sm-51d">
         <name>pbistPortTestStatus</name>
         <value>0x1ae8</value>
         <object_component_ref idref="oc-ce"/>
      </symbol>
      <symbol id="sm-51e">
         <name>checkFlashEEPROMECC</name>
         <value>0x31d4</value>
         <object_component_ref idref="oc-ce"/>
      </symbol>
      <symbol id="sm-51f">
         <name>pbistGetConfigValue</name>
         <value>0x3950</value>
         <object_component_ref idref="oc-ce"/>
      </symbol>
      <symbol id="sm-520">
         <name>vimParityCheck</name>
         <value>0x22e0</value>
         <object_component_ref idref="oc-ce"/>
      </symbol>
      <symbol id="sm-521">
         <name>pbistIsTestCompleted</name>
         <value>0x1a88</value>
         <object_component_ref idref="oc-ce"/>
      </symbol>
      <symbol id="sm-522">
         <name>disableParity</name>
         <value>0x4038</value>
         <object_component_ref idref="oc-ce"/>
      </symbol>
      <symbol id="sm-523">
         <name>pbistRun</name>
         <value>0x198c</value>
         <object_component_ref idref="oc-ce"/>
      </symbol>
      <symbol id="sm-524">
         <name>pbistFail</name>
         <value>0x38cc</value>
         <object_component_ref idref="oc-ce"/>
      </symbol>
      <symbol id="sm-525">
         <name>selftestFailNotification</name>
         <value>0x1500</value>
         <object_component_ref idref="oc-ce"/>
      </symbol>
      <symbol id="sm-526">
         <name>errata_PBIST_4</name>
         <value>0x3c4c</value>
         <object_component_ref idref="oc-ce"/>
      </symbol>
      <symbol id="sm-527">
         <name>mibspi3ParityCheck</name>
         <value>0x2c6c</value>
         <object_component_ref idref="oc-ce"/>
      </symbol>
      <symbol id="sm-528">
         <name>efcSelfTest</name>
         <value>0x1c74</value>
         <object_component_ref idref="oc-ce"/>
      </symbol>
      <symbol id="sm-529">
         <name>checkB1RAMECC</name>
         <value>0x2008</value>
         <object_component_ref idref="oc-ce"/>
      </symbol>
      <symbol id="sm-52a">
         <name>pbistStop</name>
         <value>0x1a58</value>
         <object_component_ref idref="oc-ce"/>
      </symbol>
      <symbol id="sm-52b">
         <name>can3ParityCheck</name>
         <value>0x2a90</value>
         <object_component_ref idref="oc-ce"/>
      </symbol>
      <symbol id="sm-52c">
         <name>checkRAMAddrParity</name>
         <value>0x3530</value>
         <object_component_ref idref="oc-ce"/>
      </symbol>
      <symbol id="sm-52d">
         <name>mibspi5ParityCheck</name>
         <value>0x2d90</value>
         <object_component_ref idref="oc-ce"/>
      </symbol>
      <symbol id="sm-52e">
         <name>checkB0RAMECC</name>
         <value>0x1e18</value>
         <object_component_ref idref="oc-ce"/>
      </symbol>
      <symbol id="sm-52f">
         <name>stcGetConfigValue</name>
         <value>0x3a9c</value>
         <object_component_ref idref="oc-ce"/>
      </symbol>
      <symbol id="sm-530">
         <name>pbistIsTestPassed</name>
         <value>0x1ab4</value>
         <object_component_ref idref="oc-ce"/>
      </symbol>
      <symbol id="sm-531">
         <name>checkClockMonitor</name>
         <value>0x30f8</value>
         <object_component_ref idref="oc-ce"/>
      </symbol>
      <symbol id="sm-532">
         <name>fmcECCcheck</name>
         <value>0x1d78</value>
         <object_component_ref idref="oc-ce"/>
      </symbol>
      <symbol id="sm-533">
         <name>fmcBus2Check</name>
         <value>0x1d3c</value>
         <object_component_ref idref="oc-ce"/>
      </symbol>
      <symbol id="sm-534">
         <name>checkRAMUERRTest</name>
         <value>0x363c</value>
         <object_component_ref idref="oc-ce"/>
      </symbol>
      <symbol id="sm-535">
         <name>efcStuckZeroTest</name>
         <value>0x1bc8</value>
         <object_component_ref idref="oc-ce"/>
      </symbol>
      <symbol id="sm-536">
         <name>checkPLL2Slip</name>
         <value>0x346c</value>
         <object_component_ref idref="oc-ce"/>
      </symbol>
      <symbol id="sm-574">
         <name>_c_int00</name>
         <value>0x7314</value>
         <object_component_ref idref="oc-1c"/>
      </symbol>
      <symbol id="sm-623">
         <name>vimChannelMap</name>
         <value>0x5918</value>
         <object_component_ref idref="oc-40"/>
      </symbol>
      <symbol id="sm-624">
         <name>vimInit</name>
         <value>0x5844</value>
         <object_component_ref idref="oc-40"/>
      </symbol>
      <symbol id="sm-625">
         <name>vimEnableInterrupt</name>
         <value>0x59bc</value>
         <object_component_ref idref="oc-40"/>
      </symbol>
      <symbol id="sm-626">
         <name>vimDisableInterrupt</name>
         <value>0x5b84</value>
         <object_component_ref idref="oc-40"/>
      </symbol>
      <symbol id="sm-627">
         <name>vimGetConfigValue</name>
         <value>0x5c30</value>
         <object_component_ref idref="oc-40"/>
      </symbol>
      <symbol id="sm-628">
         <name>vimParityErrorHandler</name>
         <value>0x75f4</value>
         <object_component_ref idref="oc-3c"/>
      </symbol>
      <symbol id="sm-683">
         <name>systemGetConfigValue</name>
         <value>0x4568</value>
         <object_component_ref idref="oc-70"/>
      </symbol>
      <symbol id="sm-684">
         <name>trimLPO</name>
         <value>0x423c</value>
         <object_component_ref idref="oc-70"/>
      </symbol>
      <symbol id="sm-685">
         <name>systemInit</name>
         <value>0x446c</value>
         <object_component_ref idref="oc-70"/>
      </symbol>
      <symbol id="sm-686">
         <name>customTrimLPO</name>
         <value>0x4c64</value>
         <object_component_ref idref="oc-70"/>
      </symbol>
      <symbol id="sm-687">
         <name>tcmflashGetConfigValue</name>
         <value>0x497c</value>
         <object_component_ref idref="oc-70"/>
      </symbol>
      <symbol id="sm-688">
         <name>sramGetConfigValue</name>
         <value>0x4b28</value>
         <object_component_ref idref="oc-70"/>
      </symbol>
      <symbol id="sm-689">
         <name>periphInit</name>
         <value>0x42f0</value>
         <object_component_ref idref="oc-70"/>
      </symbol>
      <symbol id="sm-68a">
         <name>setupFlash</name>
         <value>0x42b0</value>
         <object_component_ref idref="oc-70"/>
      </symbol>
      <symbol id="sm-68b">
         <name>setupPLL</name>
         <value>0x41dc</value>
         <object_component_ref idref="oc-70"/>
      </symbol>
      <symbol id="sm-68c">
         <name>mapClocks</name>
         <value>0x4344</value>
         <object_component_ref idref="oc-70"/>
      </symbol>
      <symbol id="sm-68d">
         <name>systemPowerDown</name>
         <value>0x4538</value>
         <object_component_ref idref="oc-70"/>
      </symbol>
      <symbol id="sm-6b2">
         <name>Fapi_issueAsyncCommandWithAddress</name>
         <value>0x800a6cd</value>
         <object_component_ref idref="oc-1be"/>
      </symbol>
      <symbol id="sm-6c3">
         <name>Fapi_enableMainBankSectors</name>
         <value>0x800a541</value>
         <object_component_ref idref="oc-1b8"/>
      </symbol>
      <symbol id="sm-6e6">
         <name>Fapi_initializeFlashBanks</name>
         <value>0x8009fed</value>
         <object_component_ref idref="oc-1ac"/>
      </symbol>
      <symbol id="sm-6f5">
         <name>_Fapi_issueFsmCommand</name>
         <value>0x800a659</value>
         <object_component_ref idref="oc-241"/>
      </symbol>
      <symbol id="sm-712">
         <name>_scaleMainFclk</name>
         <value>0x800a7cd</value>
         <object_component_ref idref="oc-21e"/>
      </symbol>
      <symbol id="sm-713">
         <name>_scaleEEFclk</name>
         <value>0x800a7bd</value>
         <object_component_ref idref="oc-224"/>
      </symbol>
      <symbol id="sm-72d">
         <name>Fapi_setActiveFlashBank</name>
         <value>0x800a24d</value>
         <object_component_ref idref="oc-1b2"/>
      </symbol>
      <symbol id="sm-750">
         <name>Fapi_issueProgrammingCommand</name>
         <value>0x800a3c9</value>
         <object_component_ref idref="oc-1c4"/>
      </symbol>
      <symbol id="sm-760">
         <name>Fapi_doMarginReadByByte</name>
         <value>0x800a619</value>
         <object_component_ref idref="oc-1ca"/>
      </symbol>
      <symbol id="sm-76e">
         <name>_Fapi_checkWdService</name>
         <value>0x800a7dd</value>
         <object_component_ref idref="oc-25c"/>
      </symbol>
      <symbol id="sm-77d">
         <name>Fapi_calculateEcc</name>
         <value>0x800a799</value>
         <object_component_ref idref="oc-249"/>
      </symbol>
      <symbol id="sm-78c">
         <name>Fapi_calculateFletcherChecksum</name>
         <value>0x800a695</value>
         <object_component_ref idref="oc-212"/>
      </symbol>
      <symbol id="sm-79b">
         <name>Fapi_getNumberOfBankSectors</name>
         <value>0x800a7ad</value>
         <object_component_ref idref="oc-239"/>
      </symbol>
      <symbol id="sm-7b8">
         <name>_Fapi_enterMarginMode</name>
         <value>0x800a5b1</value>
         <object_component_ref idref="oc-256"/>
      </symbol>
      <symbol id="sm-7b9">
         <name>_Fapi_exitMarginMode</name>
         <value>0x800a72d</value>
         <object_component_ref idref="oc-262"/>
      </symbol>
      <symbol id="sm-7c6">
         <name>Fapi_flushPipeline</name>
         <value>0x800a759</value>
         <object_component_ref idref="oc-2c9"/>
      </symbol>
      <symbol id="sm-7d6">
         <name>Fapi_waitDelay</name>
         <value>0x800a6fd</value>
         <object_component_ref idref="oc-2e9"/>
      </symbol>
      <symbol id="sm-800">
         <name>copy_in</name>
         <value>0x7e5d</value>
         <object_component_ref idref="oc-76"/>
      </symbol>
      <symbol id="sm-818">
         <name>__TI_decompress_none</name>
         <value>0x7ed9</value>
         <object_component_ref idref="oc-15"/>
      </symbol>
      <symbol id="sm-83b">
         <name>__TI_decompress_lzss</name>
         <value>0x7df1</value>
         <object_component_ref idref="oc-f"/>
      </symbol>
      <symbol id="sm-846">
         <name>C$$EXIT</name>
         <value>0x7ee7</value>
         <object_component_ref idref="oc-100"/>
      </symbol>
      <symbol id="sm-847">
         <name>abort</name>
         <value>0x7ee7</value>
         <object_component_ref idref="oc-100"/>
      </symbol>
      <symbol id="sm-864">
         <name>memcpy</name>
         <value>0x7d55</value>
         <object_component_ref idref="oc-53"/>
      </symbol>
      <symbol id="sm-865">
         <name>__aeabi_memcpy</name>
         <value>0x7d55</value>
         <object_component_ref idref="oc-53"/>
      </symbol>
      <symbol id="sm-866">
         <name>__aeabi_memcpy8</name>
         <value>0x7d55</value>
         <object_component_ref idref="oc-53"/>
      </symbol>
      <symbol id="sm-867">
         <name>__aeabi_memcpy4</name>
         <value>0x7d55</value>
         <object_component_ref idref="oc-53"/>
      </symbol>
      <symbol id="sm-868">
         <name>__TI_static_base__</name>
         <value>0x0</value>
      </symbol>
      <symbol id="sm-86d">
         <name>SHT$$INIT_ARRAY$$Base</name>
         <value>0x0</value>
      </symbol>
      <symbol id="sm-86e">
         <name>SHT$$INIT_ARRAY$$Limit</name>
         <value>0x0</value>
      </symbol>
   </symbol_table>
   <title>Link successful</title>
</link_info>
