******************************************************************************
                  TI ARM Linker PC v18.1.3                     
******************************************************************************
>> Linked Wed Apr  3 14:34:52 2019

OUTPUT FILE NAME:   <FlashAPI 3 Bootloader.out>
ENTRY POINT SYMBOL: "_c_int00"  address: 00007314


MEMORY CONFIGURATION

         name            origin    length      used     unused   attr    fill
----------------------  --------  ---------  --------  --------  ----  --------
  VECTORS               00000000   00000020  00000020  00000000     X
  FLASH_API             00000020   000014e0  00000f28  000005b8  R  X
  FLASH0                00001500   002feb00  0000ac98  002f3e68  R  X
  STACK                 08000000   00002000  00000000  00002000  RW  
  SRAM                  08002000   0002d000  000087ed  00024813  RW  


SEGMENT ALLOCATION MAP

run origin  load origin   length   init length attrs members
----------  ----------- ---------- ----------- ----- -------
00000000    00000000    00000020   00000020    r-x
  00000000    00000000    00000020   00000020    r-x .intvecs
00001500    00001500    0000ac9c   0000ac9c    r-x
  00001500    00001500    00006a00   00006a00    r-x .text
  00007f00    00007f00    00000564   00000564    r-- .const
  00008468    00008468    00003d34   00003d34    r-- .cinit
08002000    08002000    000078c5   00000000    rw-
  08002000    08002000    000078c5   00000000    rw- .data
080098c8    00000020    00000f28   00000f28    r-x
  080098c8    00000020    00000f28   00000f28    r-x flashAPI


SECTION ALLOCATION MAP

 output                                  attributes/
section   page    origin      length       input sections
--------  ----  ----------  ----------   ----------------
.intvecs   0    00000000    00000020     
                  00000000    00000020     sys_intvecs.obj (.intvecs)

flashAPI   0    00000020    00000f28     RUN ADDR = 080098c8
                  00000020    00000008     Fapi_UserDefinedFunctions.obj (.text)
                  00000028    0000071c     bl_flash.obj (.text)
                  00000744    00000260     F021_API_CortexR4_BE.lib : FlashStateMachine.InitializeFlashBanks.obj (.text:Fapi_initializeFlashBanks)
                  000009a4    0000017c                              : FlashStateMachine.SetActiveBank.obj (.text:Fapi_setActiveFlashBank)
                  00000b20    00000178                              : Program.obj (.text:Fapi_issueProgrammingCommand)
                  00000c98    00000070                              : FlashStateMachine.EnableMainSectors.obj (.text:Fapi_enableMainBankSectors)
                  00000d08    00000068                              : Read.Common.obj (.text:_Fapi_enterMarginMode)
                  00000d70    00000040                              : Read.MarginByByte.obj (.text:Fapi_doMarginReadByByte)
                  00000db0    0000003c                              : FlashStateMachine.IssueFsmCommand.obj (.text:_Fapi_issueFsmCommand)
                  00000dec    00000036                              : Utilities.CalculateFletcher.obj (.text:Fapi_calculateFletcherChecksum)
                  00000e22    00000002     --HOLE-- [fill = 0]
                  00000e24    00000030                              : Async.WithAddress.obj (.text:Fapi_issueAsyncCommandWithAddress)
                  00000e54    00000030                              : Utilities.WaitDelay.obj (.text:Fapi_waitDelay)
                  00000e84    0000002c                              : Read.Common.obj (.text:_Fapi_exitMarginMode)
                  00000eb0    00000022                              : Read.FlushPipeline.obj (.text:Fapi_flushPipeline)
                  00000ed2    0000001c                              : FlashStateMachine.InitializeFlashBanks.obj (.text:_Fapi_divideUnsignedLong)
                  00000eee    00000002     --HOLE-- [fill = 0]
                  00000ef0    00000014                              : Utilities.CalculateEcc.obj (.text:Fapi_calculateEcc)
                  00000f04    00000010                              : Utilities.GetNumberOfSectors.obj (.text:Fapi_getNumberOfBankSectors)
                  00000f14    00000010                              : FlashStateMachine.ScaleFclk.obj (.text:_scaleEEFclk)
                  00000f24    00000010                              : FlashStateMachine.ScaleFclk.obj (.text:_scaleMainFclk)
                  00000f34    0000000c                              : Read.WdService.obj (.text:_Fapi_checkWdService)
                  00000f40    00000008     Fapi_UserDefinedFunctions.obj (.tramp.Fapi_serviceWatchdogTimer.1)

.text      0    00001500    00006a00     
                  00001500    00002cdc     sys_selftest.obj (.text)
                  000041dc    00000b64     system.obj (.text)
                  00004d40    00000b04     can.obj (.text)
                  00005844    00000a54     sys_vim.obj (.text)
                  00006298    000008ac     pinmux.obj (.text)
                  00006b44    00000484     gio.obj (.text)
                  00006fc8    0000034c     sys_core.obj (.text)
                  00007314    000002e0     sys_startup.obj (.text:retain)
                  000075f4    000002cc     sys_vim.obj (.text:retain)
                  000078c0    000001e4     sys_main.obj (.text)
                  00007aa4    00000114     esm.obj (.text:retain)
                  00007bb8    000000e0     sys_pmu.obj (.text)
                  00007c98    000000bc     notification.obj (.text)
                  00007d54    0000009c     rtsv7R4_T_be_v3D16_eabi.lib : memcpy_t2.asm.obj (.text)
                  00007df0    0000006c                                 : copy_decompress_lzss.c.obj (.text:decompress:lzss:__TI_decompress_lzss)
                  00007e5c    0000004c                                 : cpy_tbl.c.obj (.text:copy_in)
                  00007ea8    00000030     copyapi2ram.obj (.text)
                  00007ed8    0000000e     rtsv7R4_T_be_v3D16_eabi.lib : copy_decompress_none.c.obj (.text:decompress:none:__TI_decompress_none)
                  00007ee6    00000004                                 : exit.c.obj (.text:abort:abort)
                  00007eea    00000002     --HOLE-- [fill = 0]
                  00007eec    00000004     sys_phantom.obj (.text:retain)
                  00007ef0    00000008     bl_flash.obj (.tramp.Fapi_BlockProgram.1)
                  00007ef8    00000008     bl_flash.obj (.tramp.Fapi_BlockErase.1)

.const     0    00007f00    00000564     
                  00007f00    00000204     sys_startup.obj (.const:s_vim_init)
                  00008104    00000200     sys_vim.obj (.const:s_vim_init)
                  00008304    00000140     bl_flash.obj (.const:flash_sector)
                  00008444    00000020     can.obj (.const:s_canByteOrder)

.cinit     0    00008468    00003d34     
                  00008468    00003d24     (.cinit..data.load) [load image, compression = lzss]
                  0000c18c    00000008     (__TI_handler_table)
                  0000c194    00000008     (__TI_cinit_table)

.data      0    08002000    000078c5     UNINITIALIZED
                  08002000    000078a8     sys_main.obj (.data:g_pulDataBuffer)
                  080098a8    00000008     F021_API_CortexR4_BE.lib : FlashStateMachine.ScaleFclk.obj (.data)
                  080098b0    00000008     sys_main.obj (.data:r)
                  080098b8    00000008     sys_main.obj (.data:tx_data)
                  080098c0    00000004     sys_main.obj (.data)
                  080098c4    00000001     F021_API_CortexR4_BE.lib : FlashStateMachine.SetActiveBank.obj (.data)

MODULE SUMMARY

       Module                                       code    ro data   rw data
       ------                                       ----    -------   -------
    .\F021_API\
       bl_flash.obj                                 3656    320       0      
       copyapi2ram.obj                              48      0         0      
       Fapi_UserDefinedFunctions.obj                32      0         0      
    +--+--------------------------------------------+-------+---------+---------+
       Total:                                       3736    320       0      
                                                                             
    .\source\
       sys_main.obj                                 484     0         30908  
       sys_selftest.obj                             11484   0         0      
       sys_vim.obj                                  3360    512       0      
       system.obj                                   2916    0         0      
       can.obj                                      2820    32        0      
       pinmux.obj                                   2220    0         0      
       sys_startup.obj                              736     516       0      
       gio.obj                                      1156    0         0      
       sys_core.obj                                 844     0         0      
       esm.obj                                      276     0         0      
       sys_pmu.obj                                  224     0         0      
       notification.obj                             188     0         0      
       sys_intvecs.obj                              32      0         0      
       sys_phantom.obj                              4       0         0      
    +--+--------------------------------------------+-------+---------+---------+
       Total:                                       26744   1060      30908  
                                                                             
    ../F021_API/lib/F021_API_CortexR4_BE.lib
       FlashStateMachine.InitializeFlashBanks.obj   1272    0         0      
       FlashStateMachine.SetActiveBank.obj          760     0         1      
       Program.obj                                  752     0         0      
       Read.Common.obj                              296     0         0      
       FlashStateMachine.EnableMainSectors.obj      224     0         0      
       Read.MarginByByte.obj                        128     0         0      
       FlashStateMachine.IssueFsmCommand.obj        120     0         0      
       Utilities.CalculateFletcher.obj              108     0         0      
       Async.WithAddress.obj                        96      0         0      
       Utilities.WaitDelay.obj                      96      0         0      
       FlashStateMachine.ScaleFclk.obj              64      0         8      
       Read.FlushPipeline.obj                       68      0         0      
       Utilities.CalculateEcc.obj                   40      0         0      
       Utilities.GetNumberOfSectors.obj             32      0         0      
       Read.WdService.obj                           24      0         0      
    +--+--------------------------------------------+-------+---------+---------+
       Total:                                       4080    0         9      
                                                                             
    C:/ti/ccsv8/tools/compiler/ti-cgt-arm_18.1.3.LTS/lib/rtsv7R4_T_be_v3D16_eabi.lib
       memcpy_t2.asm.obj                            156     0         0      
       copy_decompress_lzss.c.obj                   108     0         0      
       cpy_tbl.c.obj                                76      0         0      
       copy_decompress_none.c.obj                   14      0         0      
       exit.c.obj                                   4       0         0      
    +--+--------------------------------------------+-------+---------+---------+
       Total:                                       358     0         0      
                                                                             
       Linker Generated:                            0       15668     0      
    +--+--------------------------------------------+-------+---------+---------+
       Grand Total:                                 34918   17048     30917  


LINKER GENERATED COPY TABLES

__TI_cinit_table @ 0000c194 records: 1, size/record: 8, table size: 8
	.data: load addr=00008468, load size=00003d24 bytes, run addr=08002000, run size=000078c5 bytes, compression=lzss


LINKER GENERATED HANDLER TABLE

__TI_handler_table @ 0000c18c records: 2, size/record: 4, table size: 8
	index: 0, handler: __TI_decompress_lzss
	index: 1, handler: __TI_decompress_none

VENEERS

callee name               veneer name
   callee addr  veneer addr  call addr  call info
--------------  -----------  ---------  ----------------
Fapi_serviceWatchdogTimer  $Ven$TA$L$PI$$Fapi_serviceWatchdogTimer
   080098c8     0800a7e8     0800a7e2   F021_API_CortexR4_BE.lib : Read.WdService.obj (.text:_Fapi_checkWdService)

[1 trampolines]
[1 trampoline calls]


FAR CALL TRAMPOLINES

callee name               trampoline name
   callee addr  tramp addr   call addr  call info
--------------  -----------  ---------  ----------------
Fapi_BlockProgram         $Tramp$AA$L$PI$$Fapi_BlockProgram
   08009ca0     00007ef0     00007a48   sys_main.obj (.text)
Fapi_BlockErase           $Tramp$AA$L$PI$$Fapi_BlockErase
   08009a38     00007ef8     000079bc   sys_main.obj (.text)
                             00007a10   sys_main.obj (.text)
                             00007a30   sys_main.obj (.text)

[2 trampolines]
[4 trampoline calls]


GLOBAL SYMBOLS: SORTED ALPHABETICALLY BY Name 

address   name                                
-------   ----                                
080098d0  BLInternalFlashFirstSectorSizeGet   
080098f8  BLInternalFlashSizeGet              
08009920  BLInternalFlashStartAddrCheck       
00007ee7  C$$EXIT                             
08009a38  Fapi_BlockErase                     
08009ca0  Fapi_BlockProgram                   
08009f40  Fapi_BlockRead                      
08009de8  Fapi_UpdateStatusProgram            
0800a799  Fapi_calculateEcc                   
0800a695  Fapi_calculateFletcherChecksum      
0800a619  Fapi_doMarginReadByByte             
0800a541  Fapi_enableMainBankSectors          
0800a759  Fapi_flushPipeline                  
0800a7ad  Fapi_getNumberOfBankSectors         
08009fed  Fapi_initializeFlashBanks           
0800a6cd  Fapi_issueAsyncCommandWithAddress   
0800a3c9  Fapi_issueProgrammingCommand        
080098c8  Fapi_serviceWatchdogTimer           
0800a24d  Fapi_setActiveFlashBank             
0800a6fd  Fapi_waitDelay                      
08009ef4  Flash_Erase_Check                   
08009ea4  Flash_Program_Check                 
UNDEFED   SHT$$INIT_ARRAY$$Base               
UNDEFED   SHT$$INIT_ARRAY$$Limit              
0800a7dd  _Fapi_checkWdService                
0800a5b1  _Fapi_enterMarginMode               
0800a72d  _Fapi_exitMarginMode                
0800a659  _Fapi_issueFsmCommand               
0000c194  __TI_CINIT_Base                     
0000c19c  __TI_CINIT_Limit                    
0000c18c  __TI_Handler_Table_Base             
0000c194  __TI_Handler_Table_Limit            
0000730c  __TI_PINIT_Base                     
00007310  __TI_PINIT_Limit                    
00007df1  __TI_decompress_lzss                
00007ed9  __TI_decompress_none                
ffffffff  __TI_pprof_out_hndl                 
ffffffff  __TI_prof_data_size                 
ffffffff  __TI_prof_data_start                
00000000  __TI_static_base__                  
00007d55  __aeabi_memcpy                      
00007d55  __aeabi_memcpy4                     
00007d55  __aeabi_memcpy8                     
ffffffff  __binit__                           
ffffffff  __c_args__                          
00007314  _c_int00                            
00007ea8  _copyAPI2RAM_                       
00007224  _coreClearAuxiliaryDataFault_       
00007238  _coreClearAuxiliaryInstructionFault_
000071fc  _coreClearDataFaultAddress_         
000071d4  _coreClearDataFault_                
00007210  _coreClearInstructionFaultAddress_  
000071e8  _coreClearInstructionFault_         
00007168  _coreDisableEventBusExport_         
000071ac  _coreDisableFlashEcc_               
00007188  _coreDisableRamEcc_                 
00007158  _coreEnableEventBusExport_          
00007198  _coreEnableFlashEcc_                
000071bc  _coreEnableIrqVicOffset_            
00007178  _coreEnableRamEcc_                  
00007140  _coreEnableVfp_                     
0000721c  _coreGetAuxiliaryDataFault_         
00007230  _coreGetAuxiliaryInstructionFault_  
000071f4  _coreGetDataFaultAddress_           
000071cc  _coreGetDataFault_                  
00007208  _coreGetInstructionFaultAddress_    
000071e0  _coreGetInstructionFault_           
00006fc8  _coreInitRegisters_                 
000070d4  _coreInitStackPointer_              
0000724c  _disable_FIQ_interrupt_             
00007254  _disable_IRQ_interrupt_             
00007244  _disable_interrupt_                 
0000725c  _enable_interrupt_                  
000072ec  _errata_CORTEXR4_57_                
000072fc  _errata_CORTEXR4_66_                
00007264  _esmCcmErrorsClear_                 
00007120  _getCPSRValue_                      
00007128  _gotoCPUIdle_                       
00007c14  _pmuDisableCountersGlobal_          
00007c04  _pmuEnableCountersGlobal_           
00007c70  _pmuGetCycleCount_                  
00007c78  _pmuGetEventCount_                  
00007c84  _pmuGetOverflow_                    
00007bb8  _pmuInit_                           
00007c44  _pmuResetCounters_                  
00007c24  _pmuResetCycleCounter_              
00007c34  _pmuResetEventCounters_             
00007c64  _pmuSetCountEvent_                  
00007c54  _pmuStartCounters_                  
00007c5c  _pmuStopCounters_                   
0800a7bd  _scaleEEFclk                        
0800a7cd  _scaleMainFclk                      
00007ee7  abort                               
0000274c  adc1ParityCheck                     
00002838  adc2ParityCheck                     
00000020  api_load                            
080098c8  api_run                             
00000f28  api_size                            
ffffffff  binit                               
00005678  can1GetConfigValue                  
000028f0  can1ParityCheck                     
000029c8  can2ParityCheck                     
00002a90  can3ParityCheck                     
00005518  canDisableErrorNotification         
000054f8  canDisableStatusChangeNotification  
00005570  canDisableloopback                  
000054b8  canEnableErrorNotification          
000054d8  canEnableStatusChangeNotification   
00005538  canEnableloopback                   
00007cf0  canErrorNotification                
00005260  canFillMessageObjectData            
00004f88  canGetData                          
00005494  canGetErrorLevel                    
000050e0  canGetID                            
00005470  canGetLastError                     
00004d40  canInit                             
0000565c  canIoRxGetBit                       
000055a0  canIoSetDirection                   
000055f0  canIoSetPort                        
00005640  canIoTxGetBit                       
00005414  canIsMessageBoxValid                
000053b8  canIsRxMessageArrived               
0000535c  canIsTxMessagePending               
00007d18  canMessageNotification              
000051c0  canSendRemoteFrame                  
00007d04  canStatusChangeNotification         
00004e8c  canTransmit                         
00005148  canUpdateID                         
00001510  ccmSelfCheck                        
00003bdc  ccmr4GetConfigValue                 
00001e18  checkB0RAMECC                       
00002008  checkB1RAMECC                       
000030f8  checkClockMonitor                   
000021f8  checkFlashECC                       
000031d4  checkFlashEEPROMECC                 
0000336c  checkPLL1Slip                       
0000346c  checkPLL2Slip                       
00003530  checkRAMAddrParity                  
00002eb0  checkRAMECC                         
0000363c  checkRAMUERRTest                    
00001c9c  checkefcSelfTest                    
00007e5d  copy_in                             
00001714  cpuSelfTest                         
000022dc  cpuSelfTestFail                     
00004c64  customTrimLPO                       
000022d4  custom_dabort                       
00004038  disableParity                       
00007d40  dmaGroupANotification               
0000238c  dmaParityCheck                      
00001b40  efcCheck                            
00003b40  efcGetConfigValue                   
00001c74  efcSelfTest                         
00001bc8  efcStuckZeroTest                    
00003fb0  enableParity                        
00003c4c  errata_PBIST_4                      
00007a64  esmGroup1Notification               
00007a74  esmGroup2Notification               
00007aa4  esmHighInterrupt                    
00008304  flash_sector                        
000037a4  fmcBus1ParityCheck                  
00001d3c  fmcBus2Check                        
00001d78  fmcECCcheck                         
08002000  g_pulDataBuffer                     
00006da4  gioDisableNotification              
00006d3c  gioEnableNotification               
00006ca4  gioGetBit                           
00006e0c  gioGetConfigValue                   
00006ccc  gioGetPort                          
00006b44  gioInit                             
00007a50  gioNotification                     
00006c34  gioSetBit                           
00006c14  gioSetDirection                     
00006c84  gioSetPort                          
00006ce4  gioToggleBit                        
00002438  het1ParityCheck                     
000025a0  het2ParityCheck                     
000024e4  htu1ParityCheck                     
0000269c  htu2ParityCheck                     
000078c0  main                                
00004344  mapClocks                           
00007d55  memcpy                              
00001654  memoryInit                          
00007cb8  memoryPort0TestFailNotification     
00007cd4  memoryPort1TestFailNotification     
00002b64  mibspi1ParityCheck                  
00002c6c  mibspi3ParityCheck                  
00002d90  mibspi5ParityCheck                  
00006298  muxInit                             
000038cc  pbistFail                           
00003950  pbistGetConfigValue                 
00001a88  pbistIsTestCompleted                
00001ab4  pbistIsTestPassed                   
00001ae8  pbistPortTestStatus                 
0000198c  pbistRun                            
000017ac  pbistSelfCheck                      
00001a58  pbistStop                           
000042f0  periphInit                          
00007eec  phantomInterrupt                    
00006734  pinmuxGetConfigValue                
080098b0  r                                   
080098c0  read_id                             
00001500  selftestFailNotification            
000042b0  setupFlash                          
000041dc  setupPLL                            
00004b28  sramGetConfigValue                  
00003a9c  stcGetConfigValue                   
00001698  stcSelfCheck                        
000022d8  stcSelfCheckFail                    
00004568  systemGetConfigValue                
0000446c  systemInit                          
00004538  systemPowerDown                     
0000497c  tcmflashGetConfigValue              
0000423c  trimLPO                             
080098b8  tx_data                             
00005918  vimChannelMap                       
00005b84  vimDisableInterrupt                 
000059bc  vimEnableInterrupt                  
00005c30  vimGetConfigValue                   
00005844  vimInit                             
000022e0  vimParityCheck                      
000075f4  vimParityErrorHandler               


GLOBAL SYMBOLS: SORTED BY Symbol Address 

address   name                                
-------   ----                                
00000000  __TI_static_base__                  
00000020  api_load                            
00000f28  api_size                            
00001500  selftestFailNotification            
00001510  ccmSelfCheck                        
00001654  memoryInit                          
00001698  stcSelfCheck                        
00001714  cpuSelfTest                         
000017ac  pbistSelfCheck                      
0000198c  pbistRun                            
00001a58  pbistStop                           
00001a88  pbistIsTestCompleted                
00001ab4  pbistIsTestPassed                   
00001ae8  pbistPortTestStatus                 
00001b40  efcCheck                            
00001bc8  efcStuckZeroTest                    
00001c74  efcSelfTest                         
00001c9c  checkefcSelfTest                    
00001d3c  fmcBus2Check                        
00001d78  fmcECCcheck                         
00001e18  checkB0RAMECC                       
00002008  checkB1RAMECC                       
000021f8  checkFlashECC                       
000022d4  custom_dabort                       
000022d8  stcSelfCheckFail                    
000022dc  cpuSelfTestFail                     
000022e0  vimParityCheck                      
0000238c  dmaParityCheck                      
00002438  het1ParityCheck                     
000024e4  htu1ParityCheck                     
000025a0  het2ParityCheck                     
0000269c  htu2ParityCheck                     
0000274c  adc1ParityCheck                     
00002838  adc2ParityCheck                     
000028f0  can1ParityCheck                     
000029c8  can2ParityCheck                     
00002a90  can3ParityCheck                     
00002b64  mibspi1ParityCheck                  
00002c6c  mibspi3ParityCheck                  
00002d90  mibspi5ParityCheck                  
00002eb0  checkRAMECC                         
000030f8  checkClockMonitor                   
000031d4  checkFlashEEPROMECC                 
0000336c  checkPLL1Slip                       
0000346c  checkPLL2Slip                       
00003530  checkRAMAddrParity                  
0000363c  checkRAMUERRTest                    
000037a4  fmcBus1ParityCheck                  
000038cc  pbistFail                           
00003950  pbistGetConfigValue                 
00003a9c  stcGetConfigValue                   
00003b40  efcGetConfigValue                   
00003bdc  ccmr4GetConfigValue                 
00003c4c  errata_PBIST_4                      
00003fb0  enableParity                        
00004038  disableParity                       
000041dc  setupPLL                            
0000423c  trimLPO                             
000042b0  setupFlash                          
000042f0  periphInit                          
00004344  mapClocks                           
0000446c  systemInit                          
00004538  systemPowerDown                     
00004568  systemGetConfigValue                
0000497c  tcmflashGetConfigValue              
00004b28  sramGetConfigValue                  
00004c64  customTrimLPO                       
00004d40  canInit                             
00004e8c  canTransmit                         
00004f88  canGetData                          
000050e0  canGetID                            
00005148  canUpdateID                         
000051c0  canSendRemoteFrame                  
00005260  canFillMessageObjectData            
0000535c  canIsTxMessagePending               
000053b8  canIsRxMessageArrived               
00005414  canIsMessageBoxValid                
00005470  canGetLastError                     
00005494  canGetErrorLevel                    
000054b8  canEnableErrorNotification          
000054d8  canEnableStatusChangeNotification   
000054f8  canDisableStatusChangeNotification  
00005518  canDisableErrorNotification         
00005538  canEnableloopback                   
00005570  canDisableloopback                  
000055a0  canIoSetDirection                   
000055f0  canIoSetPort                        
00005640  canIoTxGetBit                       
0000565c  canIoRxGetBit                       
00005678  can1GetConfigValue                  
00005844  vimInit                             
00005918  vimChannelMap                       
000059bc  vimEnableInterrupt                  
00005b84  vimDisableInterrupt                 
00005c30  vimGetConfigValue                   
00006298  muxInit                             
00006734  pinmuxGetConfigValue                
00006b44  gioInit                             
00006c14  gioSetDirection                     
00006c34  gioSetBit                           
00006c84  gioSetPort                          
00006ca4  gioGetBit                           
00006ccc  gioGetPort                          
00006ce4  gioToggleBit                        
00006d3c  gioEnableNotification               
00006da4  gioDisableNotification              
00006e0c  gioGetConfigValue                   
00006fc8  _coreInitRegisters_                 
000070d4  _coreInitStackPointer_              
00007120  _getCPSRValue_                      
00007128  _gotoCPUIdle_                       
00007140  _coreEnableVfp_                     
00007158  _coreEnableEventBusExport_          
00007168  _coreDisableEventBusExport_         
00007178  _coreEnableRamEcc_                  
00007188  _coreDisableRamEcc_                 
00007198  _coreEnableFlashEcc_                
000071ac  _coreDisableFlashEcc_               
000071bc  _coreEnableIrqVicOffset_            
000071cc  _coreGetDataFault_                  
000071d4  _coreClearDataFault_                
000071e0  _coreGetInstructionFault_           
000071e8  _coreClearInstructionFault_         
000071f4  _coreGetDataFaultAddress_           
000071fc  _coreClearDataFaultAddress_         
00007208  _coreGetInstructionFaultAddress_    
00007210  _coreClearInstructionFaultAddress_  
0000721c  _coreGetAuxiliaryDataFault_         
00007224  _coreClearAuxiliaryDataFault_       
00007230  _coreGetAuxiliaryInstructionFault_  
00007238  _coreClearAuxiliaryInstructionFault_
00007244  _disable_interrupt_                 
0000724c  _disable_FIQ_interrupt_             
00007254  _disable_IRQ_interrupt_             
0000725c  _enable_interrupt_                  
00007264  _esmCcmErrorsClear_                 
000072ec  _errata_CORTEXR4_57_                
000072fc  _errata_CORTEXR4_66_                
0000730c  __TI_PINIT_Base                     
00007310  __TI_PINIT_Limit                    
00007314  _c_int00                            
000075f4  vimParityErrorHandler               
000078c0  main                                
00007a50  gioNotification                     
00007a64  esmGroup1Notification               
00007a74  esmGroup2Notification               
00007aa4  esmHighInterrupt                    
00007bb8  _pmuInit_                           
00007c04  _pmuEnableCountersGlobal_           
00007c14  _pmuDisableCountersGlobal_          
00007c24  _pmuResetCycleCounter_              
00007c34  _pmuResetEventCounters_             
00007c44  _pmuResetCounters_                  
00007c54  _pmuStartCounters_                  
00007c5c  _pmuStopCounters_                   
00007c64  _pmuSetCountEvent_                  
00007c70  _pmuGetCycleCount_                  
00007c78  _pmuGetEventCount_                  
00007c84  _pmuGetOverflow_                    
00007cb8  memoryPort0TestFailNotification     
00007cd4  memoryPort1TestFailNotification     
00007cf0  canErrorNotification                
00007d04  canStatusChangeNotification         
00007d18  canMessageNotification              
00007d40  dmaGroupANotification               
00007d55  __aeabi_memcpy                      
00007d55  __aeabi_memcpy4                     
00007d55  __aeabi_memcpy8                     
00007d55  memcpy                              
00007df1  __TI_decompress_lzss                
00007e5d  copy_in                             
00007ea8  _copyAPI2RAM_                       
00007ed9  __TI_decompress_none                
00007ee7  C$$EXIT                             
00007ee7  abort                               
00007eec  phantomInterrupt                    
00008304  flash_sector                        
0000c18c  __TI_Handler_Table_Base             
0000c194  __TI_CINIT_Base                     
0000c194  __TI_Handler_Table_Limit            
0000c19c  __TI_CINIT_Limit                    
08002000  g_pulDataBuffer                     
080098b0  r                                   
080098b8  tx_data                             
080098c0  read_id                             
080098c8  Fapi_serviceWatchdogTimer           
080098c8  api_run                             
080098d0  BLInternalFlashFirstSectorSizeGet   
080098f8  BLInternalFlashSizeGet              
08009920  BLInternalFlashStartAddrCheck       
08009a38  Fapi_BlockErase                     
08009ca0  Fapi_BlockProgram                   
08009de8  Fapi_UpdateStatusProgram            
08009ea4  Flash_Program_Check                 
08009ef4  Flash_Erase_Check                   
08009f40  Fapi_BlockRead                      
08009fed  Fapi_initializeFlashBanks           
0800a24d  Fapi_setActiveFlashBank             
0800a3c9  Fapi_issueProgrammingCommand        
0800a541  Fapi_enableMainBankSectors          
0800a5b1  _Fapi_enterMarginMode               
0800a619  Fapi_doMarginReadByByte             
0800a659  _Fapi_issueFsmCommand               
0800a695  Fapi_calculateFletcherChecksum      
0800a6cd  Fapi_issueAsyncCommandWithAddress   
0800a6fd  Fapi_waitDelay                      
0800a72d  _Fapi_exitMarginMode                
0800a759  Fapi_flushPipeline                  
0800a799  Fapi_calculateEcc                   
0800a7ad  Fapi_getNumberOfBankSectors         
0800a7bd  _scaleEEFclk                        
0800a7cd  _scaleMainFclk                      
0800a7dd  _Fapi_checkWdService                
ffffffff  __TI_pprof_out_hndl                 
ffffffff  __TI_prof_data_size                 
ffffffff  __TI_prof_data_start                
ffffffff  __binit__                           
ffffffff  __c_args__                          
ffffffff  binit                               
UNDEFED   SHT$$INIT_ARRAY$$Base               
UNDEFED   SHT$$INIT_ARRAY$$Limit              

[221 symbols]
